Linux archlinux 6.18.55-1-lts #1 SMP PREEMPT_DYNAMIC Sat, 03 Oct 2026 15:08:01 +0000 x86_64 GNU/Linux
EDU discovered: 0000:00:03.0
EDU discovered: 0000:00:04.0
[    3.281972] edu_lab 0000:00:03.0: probe with driver edu_lab failed with error -5
[    3.304018] edu_lab 0000:00:04.0: probe with driver edu_lab failed with error -5
[    3.415348] edu_lab 0000:00:04.0: probe with driver edu_lab failed with error -16
[    3.503407] edu_lab 0000:00:04.0: probe with driver edu_lab failed with error -16
[    0.000000] Linux version 6.18.55-1-lts (linux-lts@archlinux) (gcc (GCC) 16.2.1 20260810, GNU ld (GNU Binutils) 2.47) #1 SMP PREEMPT_DYNAMIC Sat, 03 Oct 2026 15:08:01 +0000
[    0.000000] Command line: console=ttyS0 panic=-1 lab_test=all
[    0.000000] BIOS-provided physical RAM map:
[    0.000000] BIOS-e820: [mem 0x0000000000000000-0x000000000009fbff] usable
[    0.000000] BIOS-e820: [mem 0x000000000009fc00-0x000000000009ffff] reserved
[    0.000000] BIOS-e820: [mem 0x00000000000f0000-0x00000000000fffff] reserved
[    0.000000] BIOS-e820: [mem 0x0000000000100000-0x000000000ffdffff] usable
[    0.000000] BIOS-e820: [mem 0x000000000ffe0000-0x000000000fffffff] reserved
[    0.000000] BIOS-e820: [mem 0x00000000fffc0000-0x00000000ffffffff] reserved
[    0.000000] BIOS-e820: [mem 0x000000fd00000000-0x000000ffffffffff] reserved
[    0.000000] NX (Execute Disable) protection: active
[    0.000000] APIC: Static calls initialized
[    0.000000] SMBIOS 2.8 present.
[    0.000000] DMI: QEMU Standard PC (i440FX + PIIX, 1996), BIOS Arch Linux 1.17.0-2-2 04/01/2014
[    0.000000] DMI: Memory slots populated: 1/1
[    0.000000] tsc: Fast TSC calibration using PIT
[    0.000000] tsc: Detected 3599.996 MHz processor
[    0.010345] e820: update [mem 0x00000000-0x00000fff] usable ==> reserved
[    0.010620] e820: remove [mem 0x000a0000-0x000fffff] usable
[    0.010879] last_pfn = 0xffe0 max_arch_pfn = 0x400000000
[    0.011781] MTRR map: 4 entries (3 fixed + 1 variable; max 19), built from 8 variable MTRRs
[    0.011987] x86/PAT: Configuration [0-7]: WB  WC  UC- UC  WB  WP  UC- WT  
[    0.049427] found SMP MP-table at [mem 0x000f66b0-0x000f66bf]
[    0.058364] RAMDISK: [mem 0x0ff05000-0x0ffdffff]
[    0.059071] ACPI: Early table checksum verification disabled
[    0.060328] ACPI: RSDP 0x00000000000F64E0 000014 (v00 BOCHS )
[    0.060750] ACPI: RSDT 0x000000000FFE238A 000034 (v01 BOCHS  BXPC     00000001 BXPC 00000001)
[    0.062082] ACPI: FACP 0x000000000FFE2236 000074 (v01 BOCHS  BXPC     00000001 BXPC 00000001)
[    0.063609] ACPI: DSDT 0x000000000FFE0040 0021F6 (v01 BOCHS  BXPC     00000001 BXPC 00000001)
[    0.063935] ACPI: FACS 0x000000000FFE0000 000040
[    0.064066] ACPI: APIC 0x000000000FFE22AA 000080 (v03 BOCHS  BXPC     00000001 BXPC 00000001)
[    0.064207] ACPI: HPET 0x000000000FFE232A 000038 (v01 BOCHS  BXPC     00000001 BXPC 00000001)
[    0.064259] ACPI: WAET 0x000000000FFE2362 000028 (v01 BOCHS  BXPC     00000001 BXPC 00000001)
[    0.064394] ACPI: Reserving FACP table memory at [mem 0xffe2236-0xffe22a9]
[    0.064453] ACPI: Reserving DSDT table memory at [mem 0xffe0040-0xffe2235]
[    0.064463] ACPI: Reserving FACS table memory at [mem 0xffe0000-0xffe003f]
[    0.064470] ACPI: Reserving APIC table memory at [mem 0xffe22aa-0xffe2329]
[    0.064476] ACPI: Reserving HPET table memory at [mem 0xffe232a-0xffe2361]
[    0.064483] ACPI: Reserving WAET table memory at [mem 0xffe2362-0xffe2389]
[    0.069030] No NUMA configuration found
[    0.069092] Faking a node at [mem 0x0000000000000000-0x000000000ffdffff]
[    0.070451] NODE_DATA(0) allocated [mem 0x0feda280-0x0ff04fff]
[    0.077770] Zone ranges:
[    0.077883]   DMA      [mem 0x0000000000001000-0x0000000000ffffff]
[    0.078008]   DMA32    [mem 0x0000000001000000-0x000000000ffdffff]
[    0.078023]   Normal   empty
[    0.078043]   Device   empty
[    0.078059] Movable zone start for each node
[    0.078110] Early memory node ranges
[    0.078148]   node   0: [mem 0x0000000000001000-0x000000000009efff]
[    0.078395]   node   0: [mem 0x0000000000100000-0x000000000ffdffff]
[    0.078677] Initmem setup node 0 [mem 0x0000000000001000-0x000000000ffdffff]
[    0.083778] On node 0, zone DMA: 1 pages in unavailable ranges
[    0.084440] On node 0, zone DMA: 97 pages in unavailable ranges
[    0.089929] On node 0, zone DMA32: 32 pages in unavailable ranges
[    0.090622] ACPI: PM-Timer IO Port: 0x608
[    0.091449] ACPI: LAPIC_NMI (acpi_id[0xff] dfl dfl lint[0x1])
[    0.092134] IOAPIC[0]: apic_id 0, version 32, address 0xfec00000, GSI 0-23
[    0.092332] ACPI: INT_SRC_OVR (bus 0 bus_irq 0 global_irq 2 dfl dfl)
[    0.092702] ACPI: INT_SRC_OVR (bus 0 bus_irq 5 global_irq 5 high level)
[    0.092773] ACPI: INT_SRC_OVR (bus 0 bus_irq 9 global_irq 9 high level)
[    0.092925] ACPI: INT_SRC_OVR (bus 0 bus_irq 10 global_irq 10 high level)
[    0.092942] ACPI: INT_SRC_OVR (bus 0 bus_irq 11 global_irq 11 high level)
[    0.093245] ACPI: Using ACPI (MADT) for SMP configuration information
[    0.093315] ACPI: HPET id: 0x8086a201 base: 0xfed00000
[    0.093951] CPU topo: Max. logical packages:   1
[    0.093974] CPU topo: Max. logical dies:       1
[    0.093990] CPU topo: Max. dies per package:   1
[    0.094063] CPU topo: Max. threads per core:   1
[    0.094225] CPU topo: Num. cores per package:     2
[    0.094247] CPU topo: Num. threads per package:   2
[    0.094260] CPU topo: Allowing 2 present CPUs plus 0 hotplug CPUs
[    0.095592] PM: hibernation: Registered nosave memory: [mem 0x00000000-0x00000fff]
[    0.095638] PM: hibernation: Registered nosave memory: [mem 0x0009f000-0x000fffff]
[    0.095766] [mem 0x10000000-0xfffbffff] available for PCI devices
[    0.095850] Booting paravirtualized kernel on bare hardware
[    0.096430] clocksource: refined-jiffies: mask: 0xffffffff max_cycles: 0xffffffff, max_idle_ns: 6370452778343963 ns
[    0.117428] setup_percpu: NR_CPUS:8192 nr_cpumask_bits:2 nr_cpu_ids:2 nr_node_ids:1
[    0.125421] percpu: Embedded 63 pages/cpu s221184 r8192 d28672 u1048576
[    0.126192] pcpu-alloc: s221184 r8192 d28672 u1048576 alloc=1*2097152
[    0.126335] pcpu-alloc: [0] 0 1 
[    0.127882] Kernel command line: console=ttyS0 panic=-1 lab_test=all
[    0.130073] Unknown kernel command line parameters "lab_test=all", will be passed to user space.
[    0.130855] printk: log buffer data + meta data: 131072 + 458752 = 589824 bytes
[    0.131235] Dentry cache hash table entries: 32768 (order: 6, 262144 bytes, linear)
[    0.131391] Inode-cache hash table entries: 16384 (order: 5, 131072 bytes, linear)
[    0.140707] Fallback order for Node 0: 0 
[    0.141309] Built 1 zonelists, mobility grouping on.  Total pages: 65406
[    0.141342] Policy zone: DMA32
[    0.146933] mem auto-init: stack:all(zero), heap alloc:on, heap free:off
[    0.212392] SLUB: HWalign=64, Order=0-3, MinObjects=0, CPUs=2, Nodes=1
[    0.290929] ftrace: allocating 57352 entries in 226 pages
[    0.291170] ftrace: allocated 226 pages with 4 groups
[    0.309708] Dynamic Preempt: voluntary
[    0.319511] rcu: Preemptible hierarchical RCU implementation.
[    0.319576] rcu: 	RCU restricting CPUs from NR_CPUS=8192 to nr_cpu_ids=2.
[    0.319599] rcu: 	RCU priority boosting: priority 1 delay 500 ms.
[    0.319855] 	Trampoline variant of Tasks RCU enabled.
[    0.319876] 	Rude variant of Tasks RCU enabled.
[    0.319900] 	Tracing variant of Tasks RCU enabled.
[    0.320104] rcu: RCU calculated value of scheduler-enlistment delay is 30 jiffies.
[    0.320228] rcu: Adjusting geometry for rcu_fanout_leaf=16, nr_cpu_ids=2
[    0.322341] RCU Tasks: Setting shift to 1 and lim to 1 rcu_task_cb_adjust=1 rcu_task_cpu_ids=2.
[    0.322392] RCU Tasks Rude: Setting shift to 1 and lim to 1 rcu_task_cb_adjust=1 rcu_task_cpu_ids=2.
[    0.322410] RCU Tasks Trace: Setting shift to 1 and lim to 1 rcu_task_cb_adjust=1 rcu_task_cpu_ids=2.
[    0.416820] NR_IRQS: 524544, nr_irqs: 440, preallocated irqs: 16
[    0.433258] rcu: srcu_init: Setting srcu_struct sizes based on contention.
[    0.434360] clocksource: jiffies: mask: 0xffffffff max_cycles: 0xffffffff, max_idle_ns: 6370867519511994 ns
[    0.441190] kfence: initialized - using 2097152 bytes for 255 objects at 0x(____ptrval____)-0x(____ptrval____)
[    0.449568] Console: colour VGA+ 80x25
[    0.452455] printk: legacy console [ttyS0] enabled
[    0.456633] ACPI: Core revision 20250807
[    0.471809] clocksource: hpet: mask: 0xffffffff max_cycles: 0xffffffff, max_idle_ns: 19112604467 ns
[    0.475113] APIC: Switch to symmetric I/O mode setup
[    0.485969] ..TIMER: vector=0x30 apic1=0 pin1=2 apic2=-1 pin2=-1
[    0.500844] clocksource: tsc-early: mask: 0xffffffffffffffff max_cycles: 0x33e44fb235b, max_idle_ns: 440795341910 ns
[    0.501481] Calibrating delay loop (skipped), value calculated using timer frequency.. 7202.99 BogoMIPS (lpj=11999986)
[    0.506120] Last level iTLB entries: 4KB 512, 2MB 255, 4MB 127
[    0.506157] Last level dTLB entries: 4KB 512, 2MB 255, 4MB 127, 1GB 0
[    0.506534] mitigations: Enabled attack vectors: user_kernel, user_user, guest_host, guest_guest, SMT mitigations: auto
[    0.507082] Spectre V2 : Mitigation: Retpolines
[    0.507229] Spectre V1 : Mitigation: usercopy/swapgs barriers and __user pointer sanitization
[    0.508150] Spectre V2 : Spectre v2 / SpectreRSB: Filling RSB on context switch and VMEXIT
[    0.515035] x86/fpu: x87 FPU will use FXSAVE
[    0.725206] Freeing SMP alternatives memory: 56K
[    0.726512] pid_max: default: 32768 minimum: 301
[    0.743667] LSM: initializing lsm=capability,landlock,lockdown,yama,bpf
[    0.749154] landlock: Up and running.
[    0.749201] Yama: becoming mindful.
[    0.750446] LSM support for eBPF active
[    0.754920] Mount-cache hash table entries: 512 (order: 0, 4096 bytes, linear)
[    0.755043] Mountpoint-cache hash table entries: 512 (order: 0, 4096 bytes, linear)
[    0.912307] smpboot: CPU0: AMD QEMU Virtual CPU version 2.5+ (family: 0xf, model: 0x6b, stepping: 0x1)
[    0.933622] Performance Events: PMU not available due to virtualization, using software events only.
[    0.935219] signal: max sigframe size: 1440
[    0.937294] rcu: Hierarchical SRCU implementation.
[    0.937331] rcu: 	Max phase no-delay instances is 1000.
[    0.941869] Timer migration: 1 hierarchy levels; 8 children per group; 1 crossnode level
[    0.948252] NMI watchdog: Perf NMI watchdog permanently disabled
[    0.950450] smp: Bringing up secondary CPUs ...
[    0.961946] smpboot: x86: Booting SMP configuration:
[    0.962011] .... node  #0, CPUs:      #1
[    1.072307] smp: Brought up 1 node, 2 CPUs
[    1.072516] smpboot: Total of 2 processors activated (14426.64 BogoMIPS)
[    1.083751] Memory: 189148K/261624K available (21491K kernel code, 2942K rwdata, 16480K rodata, 4772K init, 5548K bss, 68464K reserved, 0K cma-reserved)
[    1.094790] devtmpfs: initialized
[    1.099544] x86/mm: Memory block size: 128MB
[    1.117913] posixtimers hash table entries: 1024 (order: 2, 16384 bytes, linear)
[    1.118382] futex hash table entries: 512 (32768 bytes on 1 NUMA nodes, total 32 KiB, linear).
[    1.124741] pinctrl core: initialized pinctrl subsystem
[    1.132964] PM: RTC time: 22:14:56, date: 2026-10-06
[    1.152662] NET: Registered PF_NETLINK/PF_ROUTE protocol family
[    1.158032] DMA: preallocated 128 KiB GFP_KERNEL pool for atomic allocations
[    1.158788] DMA: preallocated 128 KiB GFP_KERNEL|GFP_DMA pool for atomic allocations
[    1.159006] DMA: preallocated 128 KiB GFP_KERNEL|GFP_DMA32 pool for atomic allocations
[    1.159310] audit: initializing netlink subsys (disabled)
[    1.162837] audit: type=2000 audit(1791324895.686:1): state=initialized audit_enabled=0 res=1
[    1.168715] thermal_sys: Registered thermal governor 'fair_share'
[    1.168781] thermal_sys: Registered thermal governor 'bang_bang'
[    1.168801] thermal_sys: Registered thermal governor 'step_wise'
[    1.168809] thermal_sys: Registered thermal governor 'user_space'
[    1.168816] thermal_sys: Registered thermal governor 'power_allocator'
[    1.171183] cpuidle: using governor ladder
[    1.173398] cpuidle: using governor menu
[    1.173398] acpiphp: ACPI Hot Plug PCI Controller Driver version: 0.5
[    1.178264] PCI: Using configuration type 1 for base access
[    1.178887] mtrr: your CPUs had inconsistent fixed MTRR settings
[    1.178911] mtrr: your CPUs had inconsistent variable MTRR settings
[    1.178927] mtrr: your CPUs had inconsistent MTRRdefType settings
[    1.178938] mtrr: probably your BIOS does not setup all CPUs.
[    1.178948] mtrr: corrected configuration.
[    1.185051] kprobes: kprobe jump-optimization is enabled. All kprobes are optimized if possible.
[    1.303051] HugeTLB: registered 2.00 MiB page size, pre-allocated 0 pages
[    1.303119] HugeTLB: 28 KiB vmemmap can be freed for a 2.00 MiB page
[    1.330378] raid6: skipped pq benchmark and selected sse2x4
[    1.331211] raid6: using intx1 recovery algorithm
[    1.339454] ACPI: Added _OSI(Module Device)
[    1.339507] ACPI: Added _OSI(Processor Device)
[    1.339516] ACPI: Added _OSI(Processor Aggregator Device)
[    1.363664] ACPI: 1 ACPI AML tables successfully acquired and loaded
[    1.395941] ACPI: Interpreter enabled
[    1.398399] ACPI: PM: (supports S0 S3 S4 S5)
[    1.398485] ACPI: Using IOAPIC for interrupt routing
[    1.400236] PCI: Using host bridge windows from ACPI; if necessary, use "pci=nocrs" and report a bug
[    1.400274] PCI: Using E820 reservations for host bridge windows
[    1.402391] ACPI: Enabled 2 GPEs in block 00 to 0F
[    1.452887] ACPI: PCI Root Bridge [PCI0] (domain 0000 [bus 00-ff])
[    1.453927] acpi PNP0A03:00: _OSC: OS supports [ASPM ClockPM Segments MSI EDR HPX-Type3]
[    1.454483] acpi PNP0A03:00: _OSC: not requesting OS control; OS requires [ExtendedConfig ASPM ClockPM MSI]
[    1.455837] acpi PNP0A03:00: fail to add MMCONFIG information, can't access extended configuration space under this bridge
[    1.467066] acpiphp: Slot [3] registered
[    1.467271] acpiphp: Slot [4] registered
[    1.467392] acpiphp: Slot [5] registered
[    1.467579] acpiphp: Slot [6] registered
[    1.467784] acpiphp: Slot [7] registered
[    1.467925] acpiphp: Slot [8] registered
[    1.468006] acpiphp: Slot [9] registered
[    1.468079] acpiphp: Slot [10] registered
[    1.468175] acpiphp: Slot [11] registered
[    1.468273] acpiphp: Slot [12] registered
[    1.468345] acpiphp: Slot [13] registered
[    1.468438] acpiphp: Slot [14] registered
[    1.468512] acpiphp: Slot [15] registered
[    1.468586] acpiphp: Slot [16] registered
[    1.468670] acpiphp: Slot [17] registered
[    1.468742] acpiphp: Slot [18] registered
[    1.468811] acpiphp: Slot [19] registered
[    1.468879] acpiphp: Slot [20] registered
[    1.468948] acpiphp: Slot [21] registered
[    1.469035] acpiphp: Slot [22] registered
[    1.469106] acpiphp: Slot [23] registered
[    1.469202] acpiphp: Slot [24] registered
[    1.469601] acpiphp: Slot [25] registered
[    1.469748] acpiphp: Slot [26] registered
[    1.469824] acpiphp: Slot [27] registered
[    1.469895] acpiphp: Slot [28] registered
[    1.470029] acpiphp: Slot [29] registered
[    1.470123] acpiphp: Slot [30] registered
[    1.470219] acpiphp: Slot [31] registered
[    1.470686] PCI host bridge to bus 0000:00
[    1.474489] pci_bus 0000:00: root bus resource [io  0x0000-0x0cf7 window]
[    1.474683] pci_bus 0000:00: root bus resource [io  0x0d00-0xffff window]
[    1.474697] pci_bus 0000:00: root bus resource [mem 0x000a0000-0x000bffff window]
[    1.474745] pci_bus 0000:00: root bus resource [mem 0x10000000-0xfebfffff window]
[    1.474756] pci_bus 0000:00: root bus resource [mem 0x100000000-0x17fffffff window]
[    1.474965] pci_bus 0000:00: root bus resource [bus 00-ff]
[    1.476722] pci 0000:00:00.0: [8086:1237] type 00 class 0x060000 conventional PCI endpoint
[    1.483814] pci 0000:00:01.0: [8086:7000] type 00 class 0x060100 conventional PCI endpoint
[    1.484971] pci 0000:00:01.1: [8086:7010] type 00 class 0x010180 conventional PCI endpoint
[    1.486566] pci 0000:00:01.1: BAR 4 [io  0xc000-0xc00f]
[    1.486666] pci 0000:00:01.1: BAR 0 [io  0x01f0-0x01f7]: legacy IDE quirk
[    1.486702] pci 0000:00:01.1: BAR 1 [io  0x03f6]: legacy IDE quirk
[    1.486746] pci 0000:00:01.1: BAR 2 [io  0x0170-0x0177]: legacy IDE quirk
[    1.486775] pci 0000:00:01.1: BAR 3 [io  0x0376]: legacy IDE quirk
[    1.488112] pci 0000:00:01.3: [8086:7113] type 00 class 0x068000 conventional PCI endpoint
[    1.488589] pci 0000:00:01.3: quirk: [io  0x0600-0x063f] claimed by PIIX4 ACPI
[    1.488640] pci 0000:00:01.3: quirk: [io  0x0700-0x070f] claimed by PIIX4 SMB
[    1.489685] pci 0000:00:02.0: [1234:1111] type 00 class 0x030000 conventional PCI endpoint
[    1.492456] pci 0000:00:02.0: BAR 0 [mem 0xfd000000-0xfdffffff pref]
[    1.492635] pci 0000:00:02.0: BAR 2 [mem 0xfeb10000-0xfeb10fff]
[    1.492678] pci 0000:00:02.0: ROM [mem 0xfeb00000-0xfeb0ffff pref]
[    1.493460] pci 0000:00:02.0: Video device with shadowed ROM at [mem 0x000c0000-0x000dffff]
[    1.495021] pci 0000:00:03.0: [1234:11e8] type 00 class 0x00ff00 conventional PCI endpoint
[    1.496363] pci 0000:00:03.0: BAR 0 [mem 0xfe900000-0xfe9fffff]
[    1.510178] pci 0000:00:04.0: [1234:11e8] type 00 class 0x00ff00 conventional PCI endpoint
[    1.510896] pci 0000:00:04.0: BAR 0 [mem 0xfea00000-0xfeafffff]
[    1.525811] ACPI: PCI: Interrupt link LNKA configured for IRQ 10
[    1.527034] ACPI: PCI: Interrupt link LNKB configured for IRQ 10
[    1.528082] ACPI: PCI: Interrupt link LNKC configured for IRQ 11
[    1.528799] ACPI: PCI: Interrupt link LNKD configured for IRQ 11
[    1.529115] ACPI: PCI: Interrupt link LNKS configured for IRQ 9
[    1.534992] iommu: Default domain type: Translated
[    1.534992] iommu: DMA domain TLB invalidation policy: lazy mode
[    1.538982] SCSI subsystem initialized
[    1.542008] libata version 3.00 loaded.
[    1.542560] ACPI: bus type USB registered
[    1.543266] usbcore: registered new interface driver usbfs
[    1.543821] usbcore: registered new interface driver hub
[    1.544470] usbcore: registered new device driver usb
[    1.545654] EDAC MC: Ver: 3.0.0
[    1.563726] NetLabel: Initializing
[    1.563819] NetLabel:  domain hash size = 128
[    1.563870] NetLabel:  protocols = UNLABELED CIPSOv4 CALIPSO
[    1.564730] NetLabel:  unlabeled traffic allowed by default
[    1.564787] mctp: management component transport protocol core
[    1.564805] NET: Registered PF_MCTP protocol family
[    1.565448] PCI: Using ACPI for IRQ routing
[    1.565597] PCI: pci_cache_line_size set to 64 bytes
[    1.566267] e820: reserve RAM buffer [mem 0x0009fc00-0x0009ffff]
[    1.566539] e820: reserve RAM buffer [mem 0x0ffe0000-0x0fffffff]
[    1.572206] pci 0000:00:02.0: vgaarb: setting as boot VGA device
[    1.572206] pci 0000:00:02.0: vgaarb: bridge control possible
[    1.572206] pci 0000:00:02.0: vgaarb: VGA device added: decodes=io+mem,owns=io+mem,locks=none
[    1.574500] vgaarb: loaded
[    1.576508] hpet: 3 channels of 0 reserved for per-cpu timers
[    1.576922] hpet0: at MMIO 0xfed00000, IRQs 2, 8, 0
[    1.577043] hpet0: 3 comparators, 64-bit 100.000000 MHz counter
[    1.584948] clocksource: Switched to clocksource tsc-early
[    1.605924] VFS: Disk quotas dquot_6.6.0
[    1.606288] VFS: Dquot-cache hash table entries: 512 (order 0, 4096 bytes)
[    1.612615] pnp: PnP ACPI init
[    1.615787] pnp 00:02: [dma 2]
[    1.616313] ACPI: IRQ 4 override to edge(!), high(!)
[    1.619378] pnp: PnP ACPI: found 5 devices
[    1.686350] clocksource: acpi_pm: mask: 0xffffff max_cycles: 0xffffff, max_idle_ns: 2085701024 ns
[    1.690719] NET: Registered PF_INET protocol family
[    1.692892] IP idents hash table entries: 4096 (order: 3, 32768 bytes, linear)
[    1.825105] tcp_listen_portaddr_hash hash table entries: 256 (order: 0, 4096 bytes, linear)
[    1.825501] Table-perturb hash table entries: 65536 (order: 6, 262144 bytes, linear)
[    1.825791] TCP established hash table entries: 2048 (order: 2, 16384 bytes, linear)
[    1.826509] TCP bind hash table entries: 2048 (order: 4, 65536 bytes, linear)
[    1.826852] TCP: Hash tables configured (established 2048 bind 2048)
[    1.831583] MPTCP token hash table entries: 256 (order: 1, 6144 bytes, linear)
[    1.832346] UDP hash table entries: 256 (order: 2, 16384 bytes, linear)
[    1.832896] UDP-Lite hash table entries: 256 (order: 2, 16384 bytes, linear)
[    1.835754] NET: Registered PF_UNIX/PF_LOCAL protocol family
[    1.836532] NET: Registered PF_XDP protocol family
[    1.839164] pci_bus 0000:00: resource 4 [io  0x0000-0x0cf7 window]
[    1.839466] pci_bus 0000:00: resource 5 [io  0x0d00-0xffff window]
[    1.839494] pci_bus 0000:00: resource 6 [mem 0x000a0000-0x000bffff window]
[    1.839515] pci_bus 0000:00: resource 7 [mem 0x10000000-0xfebfffff window]
[    1.839531] pci_bus 0000:00: resource 8 [mem 0x100000000-0x17fffffff window]
[    1.841211] pci 0000:00:01.0: PIIX3: Enabling Passive Release
[    1.841532] pci 0000:00:00.0: Limiting direct PCI/PCI transfers
[    1.841691] PCI: CLS 0 bytes, default 64
[    1.859156] Trying to unpack rootfs image as initramfs...
[    1.936923] Freeing initrd memory: 876K
[    2.059287] Initialise system trusted keyrings
[    2.062379] Key type blacklist registered
[    2.064895] workingset: timestamp_bits=36 max_order=16 bucket_order=0
[    2.085168] fuse: init (API version 7.45)
[    2.090939] integrity: Platform Keyring initialized
[    2.091420] integrity: Machine keyring initialized
[    2.189437] xor: measuring software checksum speed
[    2.193666]    prefetch64-sse  :   828 MB/sec
[    2.197809]    generic_sse     :   882 MB/sec
[    2.197971] xor: using function: generic_sse (882 MB/sec)
[    2.198056] Key type asymmetric registered
[    2.198313] Asymmetric key parser 'x509' registered
[    2.199242] Block layer SCSI generic (bsg) driver version 0.4 loaded (major 245)
[    2.201826] io scheduler mq-deadline registered
[    2.202002] io scheduler kyber registered
[    2.202535] io scheduler bfq registered
[    2.205187] ledtrig-cpu: registered to indicate activity on CPUs
[    2.212030] input: Power Button as /devices/LNXSYSTM:00/LNXPWRBN:00/input/input0
[    2.218823] ACPI: button: Power Button [PWRF]
[    2.228376] Serial: 8250/16550 driver, 32 ports, IRQ sharing enabled
[    2.235530] 00:04: ttyS0 at I/O 0x3f8 (irq = 4, base_baud = 115200) is a 16550A
[    2.279590] Non-volatile memory driver v1.3
[    2.279704] Linux agpgart interface v0.103
[    2.280627] ACPI: bus type drm_connector registered
[    2.294236] usbcore: registered new interface driver usbserial_generic
[    2.294659] usbserial: USB Serial support registered for generic
[    2.296150] i8042: PNP: PS/2 Controller [PNP0303:KBD,PNP0f13:MOU] at 0x60,0x64 irq 1,12
[    2.302656] serio: i8042 KBD port at 0x60,0x64 irq 1
[    2.302998] serio: i8042 AUX port at 0x60,0x64 irq 12
[    2.307975] rtc_cmos PNP0B00:00: RTC can wake from S4
[    2.319108] input: AT Translated Set 2 keyboard as /devices/platform/i8042/serio0/input/input1
[    2.322425] rtc_cmos PNP0B00:00: registered as rtc0
[    2.323341] rtc_cmos PNP0B00:00: setting system clock to 2026-10-06T22:14:57 UTC (1791324897)
[    2.329795] rtc_cmos PNP0B00:00: alarms up to one day, y3k, 242 bytes nvram, hpet irqs
[    2.331177] amd_pstate: the _CPC object is not present in SBIOS or ACPI disabled
[    2.334957] hid: raw HID events driver (C) Jiri Kosina
[    2.335998] usbcore: registered new interface driver usbhid
[    2.336055] usbhid: USB HID core driver
[    2.336883] rust_binder: Loaded Rust Binder.
[    2.337996] drop_monitor: Initializing network drop monitor service
[    2.340000] NET: Registered PF_INET6 protocol family
[    2.353452] Segment Routing with IPv6
[    2.353525] RPL Segment Routing with IPv6
[    2.353918] In-situ OAM (IOAM) with IPv6
[    2.354945] NET: Registered PF_PACKET protocol family
[    2.360304] IPI shorthand broadcast: enabled
[    2.393110] sched_clock: Marking stable (2351460759, 40255649)->(2393749618, -2033210)
[    2.399534] registered taskstats version 1
[    2.405577] Loading compiled-in X.509 certificates
[    2.457228] Loaded X.509 cert 'Build time autogenerated kernel key: 9b3ca40beb61592ff2002bcdd6eb2f358ffcd8a5'
[    2.501325] zswap: loaded using pool zstd
[    2.504799] Demotion targets for Node 0: null
[    2.508622] Key type .fscrypt registered
[    2.508693] Key type fscrypt-provisioning registered
[    2.516491] Btrfs loaded, zoned=yes, fsverity=yes
[    2.517848] Key type big_key registered
[    2.522346] PM:   Magic number: 14:976:248
[    2.530960] RAS: Correctable Errors collector initialized.
[    2.574127] clk: Disabling unused clocks
[    2.574807] PM: genpd: Disabling unused power domains
[    2.607971] Freeing unused decrypted memory: 2028K
[    2.732587] Freeing unused kernel image (initmem) memory: 4772K
[    2.733342] Write protecting the kernel read-only data: 40960k
[    2.740547] Freeing unused kernel image (text/rodata gap) memory: 1036K
[    2.744120] Freeing unused kernel image (rodata/data gap) memory: 1952K
[    2.923615] x86/mm: Checked W+X mappings: passed, no W+X pages found.
[    2.924483] rodata_test: all tests were successful
[    2.925043] tsc: Refined TSC clocksource calibration: 3600.017 MHz
[    2.925258] Run /init as init process
[    2.925460] clocksource: tsc: mask: 0xffffffffffffffff max_cycles: 0x33e4636b2b8, max_idle_ns: 440795347656 ns
[    2.925471]   with arguments:
[    2.925512]     /init
[    2.925537]   with environment:
[    2.925555]     HOME=/
[    2.925571]     TERM=linux
[    2.925578]     lab_test=all
[    2.925794] clocksource: Switched to clocksource tsc
[    3.205448] edu_lab: loading out-of-tree module taints kernel.
[    3.205655] edu_lab: module verification failed: signature and/or required key missing - tainting kernel
[    3.272462] ACPI: \_SB_.LNKC: Enabled at IRQ 11
[    3.281972] edu_lab 0000:00:03.0: probe with driver edu_lab failed with error -5
[    3.295493] ACPI: \_SB_.LNKD: Enabled at IRQ 10
[    3.304018] edu_lab 0000:00:04.0: probe with driver edu_lab failed with error -5
[    3.414564] edu_lab 0000:00:03.0: EDU BAR0 mapped, id=010000ed
[    3.415348] edu_lab 0000:00:04.0: probe with driver edu_lab failed with error -16
[    3.431644] edu_lab 0000:00:03.0: EDU released
[    3.502995] edu_lab 0000:00:03.0: EDU BAR0 mapped, id=010000ed
[    3.503407] edu_lab 0000:00:04.0: probe with driver edu_lab failed with error -16
[    3.515052] edu_lab 0000:00:03.0: EDU released
LAB PASS discovery/load/unload/reload/single-instance
[    3.677894] reboot: Power down
