Linux archlinux 6.18.55-1-lts #1 SMP PREEMPT_DYNAMIC Sat, 03 Oct 2026 15:08:01 +0000 x86_64 GNU/Linux
EDU discovered: 0000:00:03.0
EDU discovered: 0000:00:04.0
[    3.107988] edu_lab 0000:00:03.0: probe with driver edu_lab failed with error -5
[    3.124500] edu_lab 0000:00:04.0: probe with driver edu_lab failed with error -5
[    3.215750] edu_lab 0000:00:04.0: probe with driver edu_lab failed with error -16
LIVE 00000000 -> ffffffff verified
LIVE ffffffff -> 00000000 verified
LIVE 12345678 -> edcba987 verified
LIVE aaaaaaaa -> 55555555 verified
PASS liveness and invalid interface requests
PASS factorial 0..12, invalid 13/u32-max, 130 repeated requests
PASS four concurrent handles, 100 factorial requests
device closed
LIVE feedbeef -> 01124110 verified
PASS timeout (1023 ms), quarantine, late completion and exact-result recovery
PASS signal interruption followed by recovery
device closed
 11:        236          0  IO-APIC  11-fasteoi   edu_lab
[    4.516712] edu_lab 0000:00:04.0: probe with driver edu_lab failed with error -16
LIVE deadbeef -> 21524110 verified
device closed
[    0.000000] Linux version 6.18.55-1-lts (linux-lts@archlinux) (gcc (GCC) 16.2.1 20260810, GNU ld (GNU Binutils) 2.47) #1 SMP PREEMPT_DYNAMIC Sat, 03 Oct 2026 15:08:01 +0000
[    0.000000] Command line: console=ttyS0 panic=-1 lab_test=all
[    0.000000] BIOS-provided physical RAM map:
[    0.000000] BIOS-e820: [mem 0x0000000000000000-0x000000000009fbff] usable
[    0.000000] BIOS-e820: [mem 0x000000000009fc00-0x000000000009ffff] reserved
[    0.000000] BIOS-e820: [mem 0x00000000000f0000-0x00000000000fffff] reserved
[    0.000000] BIOS-e820: [mem 0x0000000000100000-0x000000000ffdffff] usable
[    0.000000] BIOS-e820: [mem 0x000000000ffe0000-0x000000000fffffff] reserved
[    0.000000] BIOS-e820: [mem 0x00000000fffc0000-0x00000000ffffffff] reserved
[    0.000000] BIOS-e820: [mem 0x000000fd00000000-0x000000ffffffffff] reserved
[    0.000000] NX (Execute Disable) protection: active
[    0.000000] APIC: Static calls initialized
[    0.000000] SMBIOS 2.8 present.
[    0.000000] DMI: QEMU Standard PC (i440FX + PIIX, 1996), BIOS Arch Linux 1.17.0-2-2 04/01/2014
[    0.000000] DMI: Memory slots populated: 1/1
[    0.000000] tsc: Fast TSC calibration using PIT
[    0.000000] tsc: Detected 3600.021 MHz processor
[    0.009719] e820: update [mem 0x00000000-0x00000fff] usable ==> reserved
[    0.010013] e820: remove [mem 0x000a0000-0x000fffff] usable
[    0.010261] last_pfn = 0xffe0 max_arch_pfn = 0x400000000
[    0.011246] MTRR map: 4 entries (3 fixed + 1 variable; max 19), built from 8 variable MTRRs
[    0.011456] x86/PAT: Configuration [0-7]: WB  WC  UC- UC  WB  WP  UC- WT  
[    0.049736] found SMP MP-table at [mem 0x000f66b0-0x000f66bf]
[    0.058581] RAMDISK: [mem 0x0fe83000-0x0ffdffff]
[    0.059256] ACPI: Early table checksum verification disabled
[    0.059954] ACPI: RSDP 0x00000000000F64E0 000014 (v00 BOCHS )
[    0.060337] ACPI: RSDT 0x000000000FFE238A 000034 (v01 BOCHS  BXPC     00000001 BXPC 00000001)
[    0.061429] ACPI: FACP 0x000000000FFE2236 000074 (v01 BOCHS  BXPC     00000001 BXPC 00000001)
[    0.062270] ACPI: DSDT 0x000000000FFE0040 0021F6 (v01 BOCHS  BXPC     00000001 BXPC 00000001)
[    0.062360] ACPI: FACS 0x000000000FFE0000 000040
[    0.062425] ACPI: APIC 0x000000000FFE22AA 000080 (v03 BOCHS  BXPC     00000001 BXPC 00000001)
[    0.062454] ACPI: HPET 0x000000000FFE232A 000038 (v01 BOCHS  BXPC     00000001 BXPC 00000001)
[    0.062480] ACPI: WAET 0x000000000FFE2362 000028 (v01 BOCHS  BXPC     00000001 BXPC 00000001)
[    0.062610] ACPI: Reserving FACP table memory at [mem 0xffe2236-0xffe22a9]
[    0.062656] ACPI: Reserving DSDT table memory at [mem 0xffe0040-0xffe2235]
[    0.062670] ACPI: Reserving FACS table memory at [mem 0xffe0000-0xffe003f]
[    0.062681] ACPI: Reserving APIC table memory at [mem 0xffe22aa-0xffe2329]
[    0.062694] ACPI: Reserving HPET table memory at [mem 0xffe232a-0xffe2361]
[    0.062706] ACPI: Reserving WAET table memory at [mem 0xffe2362-0xffe2389]
[    0.066589] No NUMA configuration found
[    0.066630] Faking a node at [mem 0x0000000000000000-0x000000000ffdffff]
[    0.067773] NODE_DATA(0) allocated [mem 0x0fe58280-0x0fe82fff]
[    0.074131] Zone ranges:
[    0.074174]   DMA      [mem 0x0000000000001000-0x0000000000ffffff]
[    0.074391]   DMA32    [mem 0x0000000001000000-0x000000000ffdffff]
[    0.074427]   Normal   empty
[    0.074522]   Device   empty
[    0.074550] Movable zone start for each node
[    0.074646] Early memory node ranges
[    0.074685]   node   0: [mem 0x0000000000001000-0x000000000009efff]
[    0.074879]   node   0: [mem 0x0000000000100000-0x000000000ffdffff]
[    0.075073] Initmem setup node 0 [mem 0x0000000000001000-0x000000000ffdffff]
[    0.078732] On node 0, zone DMA: 1 pages in unavailable ranges
[    0.079220] On node 0, zone DMA: 97 pages in unavailable ranges
[    0.083119] On node 0, zone DMA32: 32 pages in unavailable ranges
[    0.083811] ACPI: PM-Timer IO Port: 0x608
[    0.084633] ACPI: LAPIC_NMI (acpi_id[0xff] dfl dfl lint[0x1])
[    0.085300] IOAPIC[0]: apic_id 0, version 32, address 0xfec00000, GSI 0-23
[    0.085453] ACPI: INT_SRC_OVR (bus 0 bus_irq 0 global_irq 2 dfl dfl)
[    0.085796] ACPI: INT_SRC_OVR (bus 0 bus_irq 5 global_irq 5 high level)
[    0.085858] ACPI: INT_SRC_OVR (bus 0 bus_irq 9 global_irq 9 high level)
[    0.085986] ACPI: INT_SRC_OVR (bus 0 bus_irq 10 global_irq 10 high level)
[    0.085998] ACPI: INT_SRC_OVR (bus 0 bus_irq 11 global_irq 11 high level)
[    0.086216] ACPI: Using ACPI (MADT) for SMP configuration information
[    0.086284] ACPI: HPET id: 0x8086a201 base: 0xfed00000
[    0.086944] CPU topo: Max. logical packages:   1
[    0.086973] CPU topo: Max. logical dies:       1
[    0.086990] CPU topo: Max. dies per package:   1
[    0.087076] CPU topo: Max. threads per core:   1
[    0.087246] CPU topo: Num. cores per package:     2
[    0.087267] CPU topo: Num. threads per package:   2
[    0.087277] CPU topo: Allowing 2 present CPUs plus 0 hotplug CPUs
[    0.088792] PM: hibernation: Registered nosave memory: [mem 0x00000000-0x00000fff]
[    0.088844] PM: hibernation: Registered nosave memory: [mem 0x0009f000-0x000fffff]
[    0.088992] [mem 0x10000000-0xfffbffff] available for PCI devices
[    0.089089] Booting paravirtualized kernel on bare hardware
[    0.089645] clocksource: refined-jiffies: mask: 0xffffffff max_cycles: 0xffffffff, max_idle_ns: 6370452778343963 ns
[    0.111129] setup_percpu: NR_CPUS:8192 nr_cpumask_bits:2 nr_cpu_ids:2 nr_node_ids:1
[    0.118106] percpu: Embedded 63 pages/cpu s221184 r8192 d28672 u1048576
[    0.118662] pcpu-alloc: s221184 r8192 d28672 u1048576 alloc=1*2097152
[    0.118808] pcpu-alloc: [0] 0 1 
[    0.121171] Kernel command line: console=ttyS0 panic=-1 lab_test=all
[    0.122837] Unknown kernel command line parameters "lab_test=all", will be passed to user space.
[    0.123258] printk: log buffer data + meta data: 131072 + 458752 = 589824 bytes
[    0.123878] Dentry cache hash table entries: 32768 (order: 6, 262144 bytes, linear)
[    0.124037] Inode-cache hash table entries: 16384 (order: 5, 131072 bytes, linear)
[    0.131846] Fallback order for Node 0: 0 
[    0.132431] Built 1 zonelists, mobility grouping on.  Total pages: 65406
[    0.132459] Policy zone: DMA32
[    0.135786] mem auto-init: stack:all(zero), heap alloc:on, heap free:off
[    0.194569] SLUB: HWalign=64, Order=0-3, MinObjects=0, CPUs=2, Nodes=1
[    0.267269] ftrace: allocating 57352 entries in 226 pages
[    0.267508] ftrace: allocated 226 pages with 4 groups
[    0.284550] Dynamic Preempt: voluntary
[    0.291634] rcu: Preemptible hierarchical RCU implementation.
[    0.291718] rcu: 	RCU restricting CPUs from NR_CPUS=8192 to nr_cpu_ids=2.
[    0.291737] rcu: 	RCU priority boosting: priority 1 delay 500 ms.
[    0.291922] 	Trampoline variant of Tasks RCU enabled.
[    0.291935] 	Rude variant of Tasks RCU enabled.
[    0.291943] 	Tracing variant of Tasks RCU enabled.
[    0.292096] rcu: RCU calculated value of scheduler-enlistment delay is 30 jiffies.
[    0.292133] rcu: Adjusting geometry for rcu_fanout_leaf=16, nr_cpu_ids=2
[    0.293709] RCU Tasks: Setting shift to 1 and lim to 1 rcu_task_cb_adjust=1 rcu_task_cpu_ids=2.
[    0.293733] RCU Tasks Rude: Setting shift to 1 and lim to 1 rcu_task_cb_adjust=1 rcu_task_cpu_ids=2.
[    0.293746] RCU Tasks Trace: Setting shift to 1 and lim to 1 rcu_task_cb_adjust=1 rcu_task_cpu_ids=2.
[    0.393497] NR_IRQS: 524544, nr_irqs: 440, preallocated irqs: 16
[    0.411353] rcu: srcu_init: Setting srcu_struct sizes based on contention.
[    0.412516] clocksource: jiffies: mask: 0xffffffff max_cycles: 0xffffffff, max_idle_ns: 6370867519511994 ns
[    0.420041] kfence: initialized - using 2097152 bytes for 255 objects at 0x(____ptrval____)-0x(____ptrval____)
[    0.429682] Console: colour VGA+ 80x25
[    0.433146] printk: legacy console [ttyS0] enabled
[    0.436751] ACPI: Core revision 20250807
[    0.449235] clocksource: hpet: mask: 0xffffffff max_cycles: 0xffffffff, max_idle_ns: 19112604467 ns
[    0.456579] APIC: Switch to symmetric I/O mode setup
[    0.464657] ..TIMER: vector=0x30 apic1=0 pin1=2 apic2=-1 pin2=-1
[    0.481377] clocksource: tsc-early: mask: 0xffffffffffffffff max_cycles: 0x33e466b4ab4, max_idle_ns: 440795242338 ns
[    0.481990] Calibrating delay loop (skipped), value calculated using timer frequency.. 7202.04 BogoMIPS (lpj=12000070)
[    0.486608] Last level iTLB entries: 4KB 512, 2MB 255, 4MB 127
[    0.486673] Last level dTLB entries: 4KB 512, 2MB 255, 4MB 127, 1GB 0
[    0.487268] mitigations: Enabled attack vectors: user_kernel, user_user, guest_host, guest_guest, SMT mitigations: auto
[    0.489117] Spectre V2 : Mitigation: Retpolines
[    0.489313] Spectre V1 : Mitigation: usercopy/swapgs barriers and __user pointer sanitization
[    0.489440] Spectre V2 : Spectre v2 / SpectreRSB: Filling RSB on context switch and VMEXIT
[    0.492491] x86/fpu: x87 FPU will use FXSAVE
[    0.726653] Freeing SMP alternatives memory: 56K
[    0.728450] pid_max: default: 32768 minimum: 301
[    0.744330] LSM: initializing lsm=capability,landlock,lockdown,yama,bpf
[    0.750355] landlock: Up and running.
[    0.750441] Yama: becoming mindful.
[    0.752468] LSM support for eBPF active
[    0.758010] Mount-cache hash table entries: 512 (order: 0, 4096 bytes, linear)
[    0.758343] Mountpoint-cache hash table entries: 512 (order: 0, 4096 bytes, linear)
[    0.924190] smpboot: CPU0: AMD QEMU Virtual CPU version 2.5+ (family: 0xf, model: 0x6b, stepping: 0x1)
[    0.946502] Performance Events: PMU not available due to virtualization, using software events only.
[    0.947881] signal: max sigframe size: 1440
[    0.951338] rcu: Hierarchical SRCU implementation.
[    0.951403] rcu: 	Max phase no-delay instances is 1000.
[    0.956209] Timer migration: 1 hierarchy levels; 8 children per group; 1 crossnode level
[    0.963768] NMI watchdog: Perf NMI watchdog permanently disabled
[    0.967568] smp: Bringing up secondary CPUs ...
[    0.979066] smpboot: x86: Booting SMP configuration:
[    0.979163] .... node  #0, CPUs:      #1
[    1.092974] smp: Brought up 1 node, 2 CPUs
[    1.093247] smpboot: Total of 2 processors activated (14412.27 BogoMIPS)
[    1.106665] Memory: 188576K/261624K available (21491K kernel code, 2942K rwdata, 16480K rodata, 4772K init, 5548K bss, 68984K reserved, 0K cma-reserved)
[    1.118368] devtmpfs: initialized
[    1.124056] x86/mm: Memory block size: 128MB
[    1.142140] posixtimers hash table entries: 1024 (order: 2, 16384 bytes, linear)
[    1.142318] futex hash table entries: 512 (32768 bytes on 1 NUMA nodes, total 32 KiB, linear).
[    1.148587] pinctrl core: initialized pinctrl subsystem
[    1.160250] PM: RTC time: 22:31:29, date: 2026-10-06
[    1.178621] NET: Registered PF_NETLINK/PF_ROUTE protocol family
[    1.184789] DMA: preallocated 128 KiB GFP_KERNEL pool for atomic allocations
[    1.185574] DMA: preallocated 128 KiB GFP_KERNEL|GFP_DMA pool for atomic allocations
[    1.185755] DMA: preallocated 128 KiB GFP_KERNEL|GFP_DMA32 pool for atomic allocations
[    1.186088] audit: initializing netlink subsys (disabled)
[    1.190687] audit: type=2000 audit(1791325888.736:1): state=initialized audit_enabled=0 res=1
[    1.197008] thermal_sys: Registered thermal governor 'fair_share'
[    1.197134] thermal_sys: Registered thermal governor 'bang_bang'
[    1.197166] thermal_sys: Registered thermal governor 'step_wise'
[    1.197177] thermal_sys: Registered thermal governor 'user_space'
[    1.197185] thermal_sys: Registered thermal governor 'power_allocator'
[    1.198517] cpuidle: using governor ladder
[    1.198579] cpuidle: using governor menu
[    1.200736] acpiphp: ACPI Hot Plug PCI Controller Driver version: 0.5
[    1.209615] PCI: Using configuration type 1 for base access
[    1.209615] mtrr: your CPUs had inconsistent fixed MTRR settings
[    1.209615] mtrr: your CPUs had inconsistent variable MTRR settings
[    1.209615] mtrr: your CPUs had inconsistent MTRRdefType settings
[    1.209615] mtrr: probably your BIOS does not setup all CPUs.
[    1.209615] mtrr: corrected configuration.
[    1.213460] kprobes: kprobe jump-optimization is enabled. All kprobes are optimized if possible.
[    1.329456] HugeTLB: registered 2.00 MiB page size, pre-allocated 0 pages
[    1.329717] HugeTLB: 28 KiB vmemmap can be freed for a 2.00 MiB page
[    1.359229] raid6: skipped pq benchmark and selected sse2x4
[    1.359360] raid6: using intx1 recovery algorithm
[    1.368617] ACPI: Added _OSI(Module Device)
[    1.368675] ACPI: Added _OSI(Processor Device)
[    1.368684] ACPI: Added _OSI(Processor Aggregator Device)
[    1.397322] ACPI: 1 ACPI AML tables successfully acquired and loaded
[    1.434715] ACPI: Interpreter enabled
[    1.437334] ACPI: PM: (supports S0 S3 S4 S5)
[    1.437487] ACPI: Using IOAPIC for interrupt routing
[    1.439594] PCI: Using host bridge windows from ACPI; if necessary, use "pci=nocrs" and report a bug
[    1.439648] PCI: Using E820 reservations for host bridge windows
[    1.442367] ACPI: Enabled 2 GPEs in block 00 to 0F
[    1.500953] ACPI: PCI Root Bridge [PCI0] (domain 0000 [bus 00-ff])
[    1.502043] acpi PNP0A03:00: _OSC: OS supports [ASPM ClockPM Segments MSI EDR HPX-Type3]
[    1.502256] acpi PNP0A03:00: _OSC: not requesting OS control; OS requires [ExtendedConfig ASPM ClockPM MSI]
[    1.503203] acpi PNP0A03:00: fail to add MMCONFIG information, can't access extended configuration space under this bridge
[    1.513733] acpiphp: Slot [3] registered
[    1.513957] acpiphp: Slot [4] registered
[    1.514219] acpiphp: Slot [5] registered
[    1.514390] acpiphp: Slot [6] registered
[    1.514591] acpiphp: Slot [7] registered
[    1.514738] acpiphp: Slot [8] registered
[    1.514976] acpiphp: Slot [9] registered
[    1.515164] acpiphp: Slot [10] registered
[    1.515297] acpiphp: Slot [11] registered
[    1.515423] acpiphp: Slot [12] registered
[    1.515606] acpiphp: Slot [13] registered
[    1.515746] acpiphp: Slot [14] registered
[    1.515923] acpiphp: Slot [15] registered
[    1.516063] acpiphp: Slot [16] registered
[    1.516183] acpiphp: Slot [17] registered
[    1.516305] acpiphp: Slot [18] registered
[    1.516466] acpiphp: Slot [19] registered
[    1.516697] acpiphp: Slot [20] registered
[    1.516824] acpiphp: Slot [21] registered
[    1.517297] acpiphp: Slot [22] registered
[    1.517410] acpiphp: Slot [23] registered
[    1.517495] acpiphp: Slot [24] registered
[    1.517614] acpiphp: Slot [25] registered
[    1.517701] acpiphp: Slot [26] registered
[    1.517770] acpiphp: Slot [27] registered
[    1.517838] acpiphp: Slot [28] registered
[    1.517905] acpiphp: Slot [29] registered
[    1.517994] acpiphp: Slot [30] registered
[    1.518118] acpiphp: Slot [31] registered
[    1.518675] PCI host bridge to bus 0000:00
[    1.519120] pci_bus 0000:00: root bus resource [io  0x0000-0x0cf7 window]
[    1.519362] pci_bus 0000:00: root bus resource [io  0x0d00-0xffff window]
[    1.519384] pci_bus 0000:00: root bus resource [mem 0x000a0000-0x000bffff window]
[    1.519451] pci_bus 0000:00: root bus resource [mem 0x10000000-0xfebfffff window]
[    1.519478] pci_bus 0000:00: root bus resource [mem 0x100000000-0x17fffffff window]
[    1.519707] pci_bus 0000:00: root bus resource [bus 00-ff]
[    1.521486] pci 0000:00:00.0: [8086:1237] type 00 class 0x060000 conventional PCI endpoint
[    1.529521] pci 0000:00:01.0: [8086:7000] type 00 class 0x060100 conventional PCI endpoint
[    1.530457] pci 0000:00:01.1: [8086:7010] type 00 class 0x010180 conventional PCI endpoint
[    1.531406] pci 0000:00:01.1: BAR 4 [io  0xc000-0xc00f]
[    1.531503] pci 0000:00:01.1: BAR 0 [io  0x01f0-0x01f7]: legacy IDE quirk
[    1.531692] pci 0000:00:01.1: BAR 1 [io  0x03f6]: legacy IDE quirk
[    1.531768] pci 0000:00:01.1: BAR 2 [io  0x0170-0x0177]: legacy IDE quirk
[    1.531797] pci 0000:00:01.1: BAR 3 [io  0x0376]: legacy IDE quirk
[    1.532649] pci 0000:00:01.3: [8086:7113] type 00 class 0x068000 conventional PCI endpoint
[    1.533191] pci 0000:00:01.3: quirk: [io  0x0600-0x063f] claimed by PIIX4 ACPI
[    1.533269] pci 0000:00:01.3: quirk: [io  0x0700-0x070f] claimed by PIIX4 SMB
[    1.533975] pci 0000:00:02.0: [1234:1111] type 00 class 0x030000 conventional PCI endpoint
[    1.535095] pci 0000:00:02.0: BAR 0 [mem 0xfd000000-0xfdffffff pref]
[    1.535219] pci 0000:00:02.0: BAR 2 [mem 0xfeb10000-0xfeb10fff]
[    1.535240] pci 0000:00:02.0: ROM [mem 0xfeb00000-0xfeb0ffff pref]
[    1.535738] pci 0000:00:02.0: Video device with shadowed ROM at [mem 0x000c0000-0x000dffff]
[    1.537112] pci 0000:00:03.0: [1234:11e8] type 00 class 0x00ff00 conventional PCI endpoint
[    1.537778] pci 0000:00:03.0: BAR 0 [mem 0xfe900000-0xfe9fffff]
[    1.547962] pci 0000:00:04.0: [1234:11e8] type 00 class 0x00ff00 conventional PCI endpoint
[    1.548621] pci 0000:00:04.0: BAR 0 [mem 0xfea00000-0xfeafffff]
[    1.565630] ACPI: PCI: Interrupt link LNKA configured for IRQ 10
[    1.567785] ACPI: PCI: Interrupt link LNKB configured for IRQ 10
[    1.568461] ACPI: PCI: Interrupt link LNKC configured for IRQ 11
[    1.569061] ACPI: PCI: Interrupt link LNKD configured for IRQ 11
[    1.569359] ACPI: PCI: Interrupt link LNKS configured for IRQ 9
[    1.578475] iommu: Default domain type: Translated
[    1.578556] iommu: DMA domain TLB invalidation policy: lazy mode
[    1.580960] SCSI subsystem initialized
[    1.582219] libata version 3.00 loaded.
[    1.582684] ACPI: bus type USB registered
[    1.583349] usbcore: registered new interface driver usbfs
[    1.583732] usbcore: registered new interface driver hub
[    1.583935] usbcore: registered new device driver usb
[    1.585547] EDAC MC: Ver: 3.0.0
[    1.601216] NetLabel: Initializing
[    1.601260] NetLabel:  domain hash size = 128
[    1.601278] NetLabel:  protocols = UNLABELED CIPSOv4 CALIPSO
[    1.602194] NetLabel:  unlabeled traffic allowed by default
[    1.602265] mctp: management component transport protocol core
[    1.602283] NET: Registered PF_MCTP protocol family
[    1.603031] PCI: Using ACPI for IRQ routing
[    1.603172] PCI: pci_cache_line_size set to 64 bytes
[    1.603665] e820: reserve RAM buffer [mem 0x0009fc00-0x0009ffff]
[    1.603871] e820: reserve RAM buffer [mem 0x0ffe0000-0x0fffffff]
[    1.611617] pci 0000:00:02.0: vgaarb: setting as boot VGA device
[    1.611617] pci 0000:00:02.0: vgaarb: bridge control possible
[    1.611617] pci 0000:00:02.0: vgaarb: VGA device added: decodes=io+mem,owns=io+mem,locks=none
[    1.611617] vgaarb: loaded
[    1.613213] hpet: 3 channels of 0 reserved for per-cpu timers
[    1.613588] hpet0: at MMIO 0xfed00000, IRQs 2, 8, 0
[    1.613706] hpet0: 3 comparators, 64-bit 100.000000 MHz counter
[    1.620195] clocksource: Switched to clocksource tsc-early
[    1.634012] VFS: Disk quotas dquot_6.6.0
[    1.634349] VFS: Dquot-cache hash table entries: 512 (order 0, 4096 bytes)
[    1.641072] pnp: PnP ACPI init
[    1.644642] pnp 00:02: [dma 2]
[    1.645392] ACPI: IRQ 4 override to edge(!), high(!)
[    1.647721] pnp: PnP ACPI: found 5 devices
[    1.682597] clocksource: acpi_pm: mask: 0xffffff max_cycles: 0xffffff, max_idle_ns: 2085701024 ns
[    1.685934] NET: Registered PF_INET protocol family
[    1.687721] IP idents hash table entries: 4096 (order: 3, 32768 bytes, linear)
[    1.777596] tcp_listen_portaddr_hash hash table entries: 256 (order: 0, 4096 bytes, linear)
[    1.777782] Table-perturb hash table entries: 65536 (order: 6, 262144 bytes, linear)
[    1.777925] TCP established hash table entries: 2048 (order: 2, 16384 bytes, linear)
[    1.778510] TCP bind hash table entries: 2048 (order: 4, 65536 bytes, linear)
[    1.778776] TCP: Hash tables configured (established 2048 bind 2048)
[    1.780877] MPTCP token hash table entries: 256 (order: 1, 6144 bytes, linear)
[    1.781301] UDP hash table entries: 256 (order: 2, 16384 bytes, linear)
[    1.783233] UDP-Lite hash table entries: 256 (order: 2, 16384 bytes, linear)
[    1.785382] NET: Registered PF_UNIX/PF_LOCAL protocol family
[    1.785972] NET: Registered PF_XDP protocol family
[    1.787460] pci_bus 0000:00: resource 4 [io  0x0000-0x0cf7 window]
[    1.787506] pci_bus 0000:00: resource 5 [io  0x0d00-0xffff window]
[    1.787518] pci_bus 0000:00: resource 6 [mem 0x000a0000-0x000bffff window]
[    1.787531] pci_bus 0000:00: resource 7 [mem 0x10000000-0xfebfffff window]
[    1.787542] pci_bus 0000:00: resource 8 [mem 0x100000000-0x17fffffff window]
[    1.788155] pci 0000:00:01.0: PIIX3: Enabling Passive Release
[    1.788271] pci 0000:00:00.0: Limiting direct PCI/PCI transfers
[    1.788412] PCI: CLS 0 bytes, default 64
[    1.795650] Trying to unpack rootfs image as initramfs...
[    1.883241] Freeing initrd memory: 1396K
[    1.945413] Initialise system trusted keyrings
[    1.948813] Key type blacklist registered
[    1.950507] workingset: timestamp_bits=36 max_order=16 bucket_order=0
[    1.964204] fuse: init (API version 7.45)
[    1.967958] integrity: Platform Keyring initialized
[    1.968319] integrity: Machine keyring initialized
[    2.086832] xor: measuring software checksum speed
[    2.090679]    prefetch64-sse  :   892 MB/sec
[    2.094456]    generic_sse     :   911 MB/sec
[    2.094548] xor: using function: generic_sse (911 MB/sec)
[    2.094611] Key type asymmetric registered
[    2.094776] Asymmetric key parser 'x509' registered
[    2.095411] Block layer SCSI generic (bsg) driver version 0.4 loaded (major 245)
[    2.097289] io scheduler mq-deadline registered
[    2.097394] io scheduler kyber registered
[    2.097780] io scheduler bfq registered
[    2.100078] ledtrig-cpu: registered to indicate activity on CPUs
[    2.104176] input: Power Button as /devices/LNXSYSTM:00/LNXPWRBN:00/input/input0
[    2.109675] ACPI: button: Power Button [PWRF]
[    2.116552] Serial: 8250/16550 driver, 32 ports, IRQ sharing enabled
[    2.122387] 00:04: ttyS0 at I/O 0x3f8 (irq = 4, base_baud = 115200) is a 16550A
[    2.164617] Non-volatile memory driver v1.3
[    2.164685] Linux agpgart interface v0.103
[    2.165357] ACPI: bus type drm_connector registered
[    2.178259] usbcore: registered new interface driver usbserial_generic
[    2.178599] usbserial: USB Serial support registered for generic
[    2.180433] i8042: PNP: PS/2 Controller [PNP0303:KBD,PNP0f13:MOU] at 0x60,0x64 irq 1,12
[    2.186575] serio: i8042 KBD port at 0x60,0x64 irq 1
[    2.187036] serio: i8042 AUX port at 0x60,0x64 irq 12
[    2.193664] input: AT Translated Set 2 keyboard as /devices/platform/i8042/serio0/input/input1
[    2.194425] rtc_cmos PNP0B00:00: RTC can wake from S4
[    2.203607] rtc_cmos PNP0B00:00: registered as rtc0
[    2.204368] rtc_cmos PNP0B00:00: setting system clock to 2026-10-06T22:31:30 UTC (1791325890)
[    2.206446] rtc_cmos PNP0B00:00: alarms up to one day, y3k, 242 bytes nvram, hpet irqs
[    2.207384] amd_pstate: the _CPC object is not present in SBIOS or ACPI disabled
[    2.210023] hid: raw HID events driver (C) Jiri Kosina
[    2.210737] usbcore: registered new interface driver usbhid
[    2.210811] usbhid: USB HID core driver
[    2.211374] rust_binder: Loaded Rust Binder.
[    2.211902] drop_monitor: Initializing network drop monitor service
[    2.214497] NET: Registered PF_INET6 protocol family
[    2.226372] Segment Routing with IPv6
[    2.226446] RPL Segment Routing with IPv6
[    2.226671] In-situ OAM (IOAM) with IPv6
[    2.227366] NET: Registered PF_PACKET protocol family
[    2.232676] IPI shorthand broadcast: enabled
[    2.267406] sched_clock: Marking stable (2226895570, 39305754)->(2270977326, -4776002)
[    2.272424] registered taskstats version 1
[    2.277307] Loading compiled-in X.509 certificates
[    2.328234] Loaded X.509 cert 'Build time autogenerated kernel key: 9b3ca40beb61592ff2002bcdd6eb2f358ffcd8a5'
[    2.370576] zswap: loaded using pool zstd
[    2.373309] Demotion targets for Node 0: null
[    2.376461] Key type .fscrypt registered
[    2.376512] Key type fscrypt-provisioning registered
[    2.382712] Btrfs loaded, zoned=yes, fsverity=yes
[    2.384594] Key type big_key registered
[    2.389964] PM:   Magic number: 14:288:552
[    2.390190] tty ttyS28: hash matches
[    2.390213] port serial8250:0.27: hash matches
[    2.390284] acpi PNP0C0F:03: hash matches
[    2.400269] RAS: Correctable Errors collector initialized.
[    2.439879] clk: Disabling unused clocks
[    2.440196] PM: genpd: Disabling unused power domains
[    2.468556] Freeing unused decrypted memory: 2028K
[    2.584018] Freeing unused kernel image (initmem) memory: 4772K
[    2.584562] Write protecting the kernel read-only data: 40960k
[    2.589867] Freeing unused kernel image (text/rodata gap) memory: 1036K
[    2.593285] Freeing unused kernel image (rodata/data gap) memory: 1952K
[    2.781858] x86/mm: Checked W+X mappings: passed, no W+X pages found.
[    2.782518] rodata_test: all tests were successful
[    2.783219] Run /init as init process
[    2.783593]   with arguments:
[    2.783636]     /init
[    2.783660]   with environment:
[    2.783678]     HOME=/
[    2.783693]     TERM=linux
[    2.783700]     lab_test=all
[    2.797072] tsc: Refined TSC clocksource calibration: 3600.017 MHz
[    2.797630] clocksource: tsc: mask: 0xffffffffffffffff max_cycles: 0x33e4636b2b8, max_idle_ns: 440795347656 ns
[    2.800171] clocksource: Switched to clocksource tsc
[    3.049178] edu_lab: loading out-of-tree module taints kernel.
[    3.049732] edu_lab: module verification failed: signature and/or required key missing - tainting kernel
[    3.098821] ACPI: \_SB_.LNKC: Enabled at IRQ 11
[    3.107988] edu_lab 0000:00:03.0: probe with driver edu_lab failed with error -5
[    3.117416] ACPI: \_SB_.LNKD: Enabled at IRQ 10
[    3.124500] edu_lab 0000:00:04.0: probe with driver edu_lab failed with error -5
[    3.215076] edu_lab 0000:00:03.0: EDU ready, id=010000ed
[    3.215750] edu_lab 0000:00:04.0: probe with driver edu_lab failed with error -16
[    4.434243] edu_lab 0000:00:03.0: EDU released
[    4.516385] edu_lab 0000:00:03.0: EDU ready, id=010000ed
[    4.516712] edu_lab 0000:00:04.0: probe with driver edu_lab failed with error -16
[    4.541441] edu_lab 0000:00:03.0: EDU released
LAB PASS baseline/interrupts/concurrency/recovery/load/unload/reload
[    4.733360] reboot: Power down
