Linux archlinux 6.18.55-1-lts #1 SMP PREEMPT_DYNAMIC Sat, 03 Oct 2026 15:08:01 +0000 x86_64 GNU/Linux
EDU discovered: 0000:00:03.0
EDU discovered: 0000:00:04.0
[    2.840239] edu_lab 0000:00:03.0: probe with driver edu_lab failed with error -5
[    2.861851] edu_lab 0000:00:04.0: probe with driver edu_lab failed with error -5
[    2.987124] edu_lab 0000:00:03.0: probe with driver edu_lab failed with error -5
[    3.008528] edu_lab 0000:00:04.0: probe with driver edu_lab failed with error -5
[    3.133615] edu_lab 0000:00:04.0: probe with driver edu_lab failed with error -16
LIVE feedbeef -> 01124110 verified
PASS timeout (1023 ms), quarantine, late completion and exact-result recovery
PASS signal interruption followed by recovery
device closed
[    4.431397] edu_lab 0000:00:04.0: probe with driver edu_lab failed with error -16
LIVE deadbeef -> 21524110 verified
device closed
FACTORIAL 12 -> 479001600 verified
device closed
[    0.000000] Linux version 6.18.55-1-lts (linux-lts@archlinux) (gcc (GCC) 16.2.1 20260810, GNU ld (GNU Binutils) 2.47) #1 SMP PREEMPT_DYNAMIC Sat, 03 Oct 2026 15:08:01 +0000
[    0.000000] Command line: console=ttyS0 panic=-1 lab_test=recovery
[    0.000000] BIOS-provided physical RAM map:
[    0.000000] BIOS-e820: [mem 0x0000000000000000-0x000000000009fbff] usable
[    0.000000] BIOS-e820: [mem 0x000000000009fc00-0x000000000009ffff] reserved
[    0.000000] BIOS-e820: [mem 0x00000000000f0000-0x00000000000fffff] reserved
[    0.000000] BIOS-e820: [mem 0x0000000000100000-0x000000000ffdffff] usable
[    0.000000] BIOS-e820: [mem 0x000000000ffe0000-0x000000000fffffff] reserved
[    0.000000] BIOS-e820: [mem 0x00000000fffc0000-0x00000000ffffffff] reserved
[    0.000000] BIOS-e820: [mem 0x000000fd00000000-0x000000ffffffffff] reserved
[    0.000000] NX (Execute Disable) protection: active
[    0.000000] APIC: Static calls initialized
[    0.000000] SMBIOS 2.8 present.
[    0.000000] DMI: QEMU Standard PC (i440FX + PIIX, 1996), BIOS Arch Linux 1.17.0-2-2 04/01/2014
[    0.000000] DMI: Memory slots populated: 1/1
[    0.000000] e820: update [mem 0x00000000-0x00000fff] usable ==> reserved
[    0.000000] e820: remove [mem 0x000a0000-0x000fffff] usable
[    0.000000] last_pfn = 0xffe0 max_arch_pfn = 0x400000000
[    0.000000] MTRR map: 4 entries (3 fixed + 1 variable; max 19), built from 8 variable MTRRs
[    0.000000] x86/PAT: Configuration [0-7]: WB  WC  UC- UC  WB  WP  UC- WT  
[    0.000000] found SMP MP-table at [mem 0x000f66b0-0x000f66bf]
[    0.000000] RAMDISK: [mem 0x0fe0e000-0x0ffdffff]
[    0.000000] ACPI: Early table checksum verification disabled
[    0.000000] ACPI: RSDP 0x00000000000F64E0 000014 (v00 BOCHS )
[    0.000000] ACPI: RSDT 0x000000000FFE238A 000034 (v01 BOCHS  BXPC     00000001 BXPC 00000001)
[    0.000000] ACPI: FACP 0x000000000FFE2236 000074 (v01 BOCHS  BXPC     00000001 BXPC 00000001)
[    0.000000] ACPI: DSDT 0x000000000FFE0040 0021F6 (v01 BOCHS  BXPC     00000001 BXPC 00000001)
[    0.000000] ACPI: FACS 0x000000000FFE0000 000040
[    0.000000] ACPI: APIC 0x000000000FFE22AA 000080 (v03 BOCHS  BXPC     00000001 BXPC 00000001)
[    0.000000] ACPI: HPET 0x000000000FFE232A 000038 (v01 BOCHS  BXPC     00000001 BXPC 00000001)
[    0.000000] ACPI: WAET 0x000000000FFE2362 000028 (v01 BOCHS  BXPC     00000001 BXPC 00000001)
[    0.000000] ACPI: Reserving FACP table memory at [mem 0xffe2236-0xffe22a9]
[    0.000000] ACPI: Reserving DSDT table memory at [mem 0xffe0040-0xffe2235]
[    0.000000] ACPI: Reserving FACS table memory at [mem 0xffe0000-0xffe003f]
[    0.000000] ACPI: Reserving APIC table memory at [mem 0xffe22aa-0xffe2329]
[    0.000000] ACPI: Reserving HPET table memory at [mem 0xffe232a-0xffe2361]
[    0.000000] ACPI: Reserving WAET table memory at [mem 0xffe2362-0xffe2389]
[    0.000000] No NUMA configuration found
[    0.000000] Faking a node at [mem 0x0000000000000000-0x000000000ffdffff]
[    0.000000] NODE_DATA(0) allocated [mem 0x0fde3280-0x0fe0dfff]
[    0.000000] Zone ranges:
[    0.000000]   DMA      [mem 0x0000000000001000-0x0000000000ffffff]
[    0.000000]   DMA32    [mem 0x0000000001000000-0x000000000ffdffff]
[    0.000000]   Normal   empty
[    0.000000]   Device   empty
[    0.000000] Movable zone start for each node
[    0.000000] Early memory node ranges
[    0.000000]   node   0: [mem 0x0000000000001000-0x000000000009efff]
[    0.000000]   node   0: [mem 0x0000000000100000-0x000000000ffdffff]
[    0.000000] Initmem setup node 0 [mem 0x0000000000001000-0x000000000ffdffff]
[    0.000000] On node 0, zone DMA: 1 pages in unavailable ranges
[    0.000000] On node 0, zone DMA: 97 pages in unavailable ranges
[    0.000000] On node 0, zone DMA32: 32 pages in unavailable ranges
[    0.000000] ACPI: PM-Timer IO Port: 0x608
[    0.000000] ACPI: LAPIC_NMI (acpi_id[0xff] dfl dfl lint[0x1])
[    0.000000] IOAPIC[0]: apic_id 0, version 32, address 0xfec00000, GSI 0-23
[    0.000000] ACPI: INT_SRC_OVR (bus 0 bus_irq 0 global_irq 2 dfl dfl)
[    0.000000] ACPI: INT_SRC_OVR (bus 0 bus_irq 5 global_irq 5 high level)
[    0.000000] ACPI: INT_SRC_OVR (bus 0 bus_irq 9 global_irq 9 high level)
[    0.000000] ACPI: INT_SRC_OVR (bus 0 bus_irq 10 global_irq 10 high level)
[    0.000000] ACPI: INT_SRC_OVR (bus 0 bus_irq 11 global_irq 11 high level)
[    0.000000] ACPI: Using ACPI (MADT) for SMP configuration information
[    0.000000] ACPI: HPET id: 0x8086a201 base: 0xfed00000
[    0.000000] CPU topo: Max. logical packages:   1
[    0.000000] CPU topo: Max. logical dies:       1
[    0.000000] CPU topo: Max. dies per package:   1
[    0.000000] CPU topo: Max. threads per core:   1
[    0.000000] CPU topo: Num. cores per package:     2
[    0.000000] CPU topo: Num. threads per package:   2
[    0.000000] CPU topo: Allowing 2 present CPUs plus 0 hotplug CPUs
[    0.000000] PM: hibernation: Registered nosave memory: [mem 0x00000000-0x00000fff]
[    0.000000] PM: hibernation: Registered nosave memory: [mem 0x0009f000-0x000fffff]
[    0.000000] [mem 0x10000000-0xfffbffff] available for PCI devices
[    0.000000] Booting paravirtualized kernel on bare hardware
[    0.000000] clocksource: refined-jiffies: mask: 0xffffffff max_cycles: 0xffffffff, max_idle_ns: 6370452778343963 ns
[    0.000000] setup_percpu: NR_CPUS:8192 nr_cpumask_bits:2 nr_cpu_ids:2 nr_node_ids:1
[    0.000000] percpu: Embedded 63 pages/cpu s221184 r8192 d28672 u1048576
[    0.000000] pcpu-alloc: s221184 r8192 d28672 u1048576 alloc=1*2097152
[    0.000000] pcpu-alloc: [0] 0 1 
[    0.000000] Kernel command line: console=ttyS0 panic=-1 lab_test=recovery
[    0.000000] Unknown kernel command line parameters "lab_test=recovery", will be passed to user space.
[    0.000000] printk: log buffer data + meta data: 131072 + 458752 = 589824 bytes
[    0.000000] Dentry cache hash table entries: 32768 (order: 6, 262144 bytes, linear)
[    0.000000] Inode-cache hash table entries: 16384 (order: 5, 131072 bytes, linear)
[    0.000000] Fallback order for Node 0: 0 
[    0.000000] Built 1 zonelists, mobility grouping on.  Total pages: 65406
[    0.000000] Policy zone: DMA32
[    0.000000] mem auto-init: stack:all(zero), heap alloc:on, heap free:off
[    0.000000] SLUB: HWalign=64, Order=0-3, MinObjects=0, CPUs=2, Nodes=1
[    0.000000] ftrace: allocating 57352 entries in 226 pages
[    0.000000] ftrace: allocated 226 pages with 4 groups
[    0.000000] Dynamic Preempt: voluntary
[    0.000000] rcu: Preemptible hierarchical RCU implementation.
[    0.000000] rcu: 	RCU restricting CPUs from NR_CPUS=8192 to nr_cpu_ids=2.
[    0.000000] rcu: 	RCU priority boosting: priority 1 delay 500 ms.
[    0.000000] 	Trampoline variant of Tasks RCU enabled.
[    0.000000] 	Rude variant of Tasks RCU enabled.
[    0.000000] 	Tracing variant of Tasks RCU enabled.
[    0.000000] rcu: RCU calculated value of scheduler-enlistment delay is 30 jiffies.
[    0.000000] rcu: Adjusting geometry for rcu_fanout_leaf=16, nr_cpu_ids=2
[    0.000000] RCU Tasks: Setting shift to 1 and lim to 1 rcu_task_cb_adjust=1 rcu_task_cpu_ids=2.
[    0.000000] RCU Tasks Rude: Setting shift to 1 and lim to 1 rcu_task_cb_adjust=1 rcu_task_cpu_ids=2.
[    0.000000] RCU Tasks Trace: Setting shift to 1 and lim to 1 rcu_task_cb_adjust=1 rcu_task_cpu_ids=2.
[    0.000000] NR_IRQS: 524544, nr_irqs: 440, preallocated irqs: 16
[    0.000000] rcu: srcu_init: Setting srcu_struct sizes based on contention.
[    0.000000] clocksource: jiffies: mask: 0xffffffff max_cycles: 0xffffffff, max_idle_ns: 6370867519511994 ns
[    0.000000] kfence: initialized - using 2097152 bytes for 255 objects at 0x(____ptrval____)-0x(____ptrval____)
[    0.000000] Console: colour VGA+ 80x25
[    0.000000] printk: legacy console [ttyS0] enabled
[    0.000000] ACPI: Core revision 20250807
[    0.000000] clocksource: hpet: mask: 0xffffffff max_cycles: 0xffffffff, max_idle_ns: 19112604467 ns
[    0.000000] APIC: Switch to symmetric I/O mode setup
[    0.013333] ..TIMER: vector=0x30 apic1=0 pin1=2 apic2=-1 pin2=-1
[    0.039999] tsc: Unable to calibrate against PIT
[    0.039999] tsc: using HPET reference calibration
[    0.039999] tsc: Detected 3599.974 MHz processor
[    0.000633] clocksource: tsc-early: mask: 0xffffffffffffffff max_cycles: 0x33e43b51032, max_idle_ns: 440795357228 ns
[    0.001683] Calibrating delay loop (skipped), value calculated using timer frequency.. 7202.94 BogoMIPS (lpj=11999913)
[    0.009292] Last level iTLB entries: 4KB 512, 2MB 255, 4MB 127
[    0.009408] Last level dTLB entries: 4KB 512, 2MB 255, 4MB 127, 1GB 0
[    0.010037] mitigations: Enabled attack vectors: user_kernel, user_user, guest_host, guest_guest, SMT mitigations: auto
[    0.010613] Spectre V2 : Mitigation: Retpolines
[    0.011306] Spectre V1 : Mitigation: usercopy/swapgs barriers and __user pointer sanitization
[    0.011436] Spectre V2 : Spectre v2 / SpectreRSB: Filling RSB on context switch and VMEXIT
[    0.012399] x86/fpu: x87 FPU will use FXSAVE
[    0.268193] Freeing SMP alternatives memory: 56K
[    0.269698] pid_max: default: 32768 minimum: 301
[    0.287235] LSM: initializing lsm=capability,landlock,lockdown,yama,bpf
[    0.293743] landlock: Up and running.
[    0.293817] Yama: becoming mindful.
[    0.296078] LSM support for eBPF active
[    0.302755] Mount-cache hash table entries: 512 (order: 0, 4096 bytes, linear)
[    0.302900] Mountpoint-cache hash table entries: 512 (order: 0, 4096 bytes, linear)
[    0.474582] smpboot: CPU0: AMD QEMU Virtual CPU version 2.5+ (family: 0xf, model: 0x6b, stepping: 0x1)
[    0.488995] Performance Events: PMU not available due to virtualization, using software events only.
[    0.490857] signal: max sigframe size: 1440
[    0.498168] rcu: Hierarchical SRCU implementation.
[    0.498241] rcu: 	Max phase no-delay instances is 1000.
[    0.502781] Timer migration: 1 hierarchy levels; 8 children per group; 1 crossnode level
[    0.511134] NMI watchdog: Perf NMI watchdog permanently disabled
[    0.516691] smp: Bringing up secondary CPUs ...
[    0.527603] smpboot: x86: Booting SMP configuration:
[    0.527673] .... node  #0, CPUs:      #1
[    0.639622] smp: Brought up 1 node, 2 CPUs
[    0.639801] smpboot: Total of 2 processors activated (14401.31 BogoMIPS)
[    0.653304] Memory: 188160K/261624K available (21491K kernel code, 2942K rwdata, 16480K rodata, 4772K init, 5548K bss, 69452K reserved, 0K cma-reserved)
[    0.665380] devtmpfs: initialized
[    0.672005] x86/mm: Memory block size: 128MB
[    0.688288] posixtimers hash table entries: 1024 (order: 2, 16384 bytes, linear)
[    0.688576] futex hash table entries: 512 (32768 bytes on 1 NUMA nodes, total 32 KiB, linear).
[    0.694630] pinctrl core: initialized pinctrl subsystem
[    0.704324] PM: RTC time: 22:38:40, date: 2026-10-06
[    0.722698] NET: Registered PF_NETLINK/PF_ROUTE protocol family
[    0.727996] DMA: preallocated 128 KiB GFP_KERNEL pool for atomic allocations
[    0.729178] DMA: preallocated 128 KiB GFP_KERNEL|GFP_DMA pool for atomic allocations
[    0.729350] DMA: preallocated 128 KiB GFP_KERNEL|GFP_DMA32 pool for atomic allocations
[    0.729764] audit: initializing netlink subsys (disabled)
[    0.732949] audit: type=2000 audit(1791326320.773:1): state=initialized audit_enabled=0 res=1
[    0.739646] thermal_sys: Registered thermal governor 'fair_share'
[    0.739711] thermal_sys: Registered thermal governor 'bang_bang'
[    0.739730] thermal_sys: Registered thermal governor 'step_wise'
[    0.739737] thermal_sys: Registered thermal governor 'user_space'
[    0.739744] thermal_sys: Registered thermal governor 'power_allocator'
[    0.741620] cpuidle: using governor ladder
[    0.744678] cpuidle: using governor menu
[    0.747085] acpiphp: ACPI Hot Plug PCI Controller Driver version: 0.5
[    0.752261] PCI: Using configuration type 1 for base access
[    0.752901] mtrr: your CPUs had inconsistent fixed MTRR settings
[    0.752925] mtrr: your CPUs had inconsistent variable MTRR settings
[    0.752942] mtrr: your CPUs had inconsistent MTRRdefType settings
[    0.752952] mtrr: probably your BIOS does not setup all CPUs.
[    0.752962] mtrr: corrected configuration.
[    0.759751] kprobes: kprobe jump-optimization is enabled. All kprobes are optimized if possible.
[    0.809974] HugeTLB: registered 2.00 MiB page size, pre-allocated 0 pages
[    0.810043] HugeTLB: 28 KiB vmemmap can be freed for a 2.00 MiB page
[    0.912739] raid6: skipped pq benchmark and selected sse2x4
[    0.912933] raid6: using intx1 recovery algorithm
[    0.922423] ACPI: Added _OSI(Module Device)
[    0.922491] ACPI: Added _OSI(Processor Device)
[    0.922505] ACPI: Added _OSI(Processor Aggregator Device)
[    0.959491] ACPI: 1 ACPI AML tables successfully acquired and loaded
[    1.000085] ACPI: Interpreter enabled
[    1.002159] ACPI: PM: (supports S0 S3 S4 S5)
[    1.002279] ACPI: Using IOAPIC for interrupt routing
[    1.006347] PCI: Using host bridge windows from ACPI; if necessary, use "pci=nocrs" and report a bug
[    1.006454] PCI: Using E820 reservations for host bridge windows
[    1.010350] ACPI: Enabled 2 GPEs in block 00 to 0F
[    1.079346] ACPI: PCI Root Bridge [PCI0] (domain 0000 [bus 00-ff])
[    1.081535] acpi PNP0A03:00: _OSC: OS supports [ASPM ClockPM Segments MSI EDR HPX-Type3]
[    1.081910] acpi PNP0A03:00: _OSC: not requesting OS control; OS requires [ExtendedConfig ASPM ClockPM MSI]
[    1.083541] acpi PNP0A03:00: fail to add MMCONFIG information, can't access extended configuration space under this bridge
[    1.095094] acpiphp: Slot [3] registered
[    1.095505] acpiphp: Slot [4] registered
[    1.095625] acpiphp: Slot [5] registered
[    1.096000] acpiphp: Slot [6] registered
[    1.096135] acpiphp: Slot [7] registered
[    1.096213] acpiphp: Slot [8] registered
[    1.096285] acpiphp: Slot [9] registered
[    1.096385] acpiphp: Slot [10] registered
[    1.096503] acpiphp: Slot [11] registered
[    1.096588] acpiphp: Slot [12] registered
[    1.096783] acpiphp: Slot [13] registered
[    1.096873] acpiphp: Slot [14] registered
[    1.096945] acpiphp: Slot [15] registered
[    1.097015] acpiphp: Slot [16] registered
[    1.097085] acpiphp: Slot [17] registered
[    1.097177] acpiphp: Slot [18] registered
[    1.097246] acpiphp: Slot [19] registered
[    1.097316] acpiphp: Slot [20] registered
[    1.097402] acpiphp: Slot [21] registered
[    1.097474] acpiphp: Slot [22] registered
[    1.097566] acpiphp: Slot [23] registered
[    1.097643] acpiphp: Slot [24] registered
[    1.097749] acpiphp: Slot [25] registered
[    1.097841] acpiphp: Slot [26] registered
[    1.098016] acpiphp: Slot [27] registered
[    1.098134] acpiphp: Slot [28] registered
[    1.098212] acpiphp: Slot [29] registered
[    1.098283] acpiphp: Slot [30] registered
[    1.098382] acpiphp: Slot [31] registered
[    1.098978] PCI host bridge to bus 0000:00
[    1.099396] pci_bus 0000:00: root bus resource [io  0x0000-0x0cf7 window]
[    1.099587] pci_bus 0000:00: root bus resource [io  0x0d00-0xffff window]
[    1.099607] pci_bus 0000:00: root bus resource [mem 0x000a0000-0x000bffff window]
[    1.099678] pci_bus 0000:00: root bus resource [mem 0x10000000-0xfebfffff window]
[    1.099697] pci_bus 0000:00: root bus resource [mem 0x100000000-0x17fffffff window]
[    1.099992] pci_bus 0000:00: root bus resource [bus 00-ff]
[    1.102376] pci 0000:00:00.0: [8086:1237] type 00 class 0x060000 conventional PCI endpoint
[    1.112660] pci 0000:00:01.0: [8086:7000] type 00 class 0x060100 conventional PCI endpoint
[    1.114072] pci 0000:00:01.1: [8086:7010] type 00 class 0x010180 conventional PCI endpoint
[    1.115424] pci 0000:00:01.1: BAR 4 [io  0xc000-0xc00f]
[    1.115577] pci 0000:00:01.1: BAR 0 [io  0x01f0-0x01f7]: legacy IDE quirk
[    1.115616] pci 0000:00:01.1: BAR 1 [io  0x03f6]: legacy IDE quirk
[    1.115668] pci 0000:00:01.1: BAR 2 [io  0x0170-0x0177]: legacy IDE quirk
[    1.115702] pci 0000:00:01.1: BAR 3 [io  0x0376]: legacy IDE quirk
[    1.118732] pci 0000:00:01.3: [8086:7113] type 00 class 0x068000 conventional PCI endpoint
[    1.119463] pci 0000:00:01.3: quirk: [io  0x0600-0x063f] claimed by PIIX4 ACPI
[    1.119553] pci 0000:00:01.3: quirk: [io  0x0700-0x070f] claimed by PIIX4 SMB
[    1.120706] pci 0000:00:02.0: [1234:1111] type 00 class 0x030000 conventional PCI endpoint
[    1.122483] pci 0000:00:02.0: BAR 0 [mem 0xfd000000-0xfdffffff pref]
[    1.122628] pci 0000:00:02.0: BAR 2 [mem 0xfeb10000-0xfeb10fff]
[    1.122749] pci 0000:00:02.0: ROM [mem 0xfeb00000-0xfeb0ffff pref]
[    1.123284] pci 0000:00:02.0: Video device with shadowed ROM at [mem 0x000c0000-0x000dffff]
[    1.126223] pci 0000:00:03.0: [1234:11e8] type 00 class 0x00ff00 conventional PCI endpoint
[    1.127275] pci 0000:00:03.0: BAR 0 [mem 0xfe900000-0xfe9fffff]
[    1.139743] pci 0000:00:04.0: [1234:11e8] type 00 class 0x00ff00 conventional PCI endpoint
[    1.140702] pci 0000:00:04.0: BAR 0 [mem 0xfea00000-0xfeafffff]
[    1.157847] ACPI: PCI: Interrupt link LNKA configured for IRQ 10
[    1.158923] ACPI: PCI: Interrupt link LNKB configured for IRQ 10
[    1.159548] ACPI: PCI: Interrupt link LNKC configured for IRQ 11
[    1.160194] ACPI: PCI: Interrupt link LNKD configured for IRQ 11
[    1.160463] ACPI: PCI: Interrupt link LNKS configured for IRQ 9
[    1.168203] iommu: Default domain type: Translated
[    1.168322] iommu: DMA domain TLB invalidation policy: lazy mode
[    1.173578] SCSI subsystem initialized
[    1.175669] libata version 3.00 loaded.
[    1.178193] ACPI: bus type USB registered
[    1.179413] usbcore: registered new interface driver usbfs
[    1.179829] usbcore: registered new interface driver hub
[    1.180055] usbcore: registered new device driver usb
[    1.180984] EDAC MC: Ver: 3.0.0
[    1.200683] NetLabel: Initializing
[    1.200734] NetLabel:  domain hash size = 128
[    1.200752] NetLabel:  protocols = UNLABELED CIPSOv4 CALIPSO
[    1.201729] NetLabel:  unlabeled traffic allowed by default
[    1.201798] mctp: management component transport protocol core
[    1.201859] NET: Registered PF_MCTP protocol family
[    1.202984] PCI: Using ACPI for IRQ routing
[    1.203135] PCI: pci_cache_line_size set to 64 bytes
[    1.203615] e820: reserve RAM buffer [mem 0x0009fc00-0x0009ffff]
[    1.203788] e820: reserve RAM buffer [mem 0x0ffe0000-0x0fffffff]
[    1.208836] pci 0000:00:02.0: vgaarb: setting as boot VGA device
[    1.208972] pci 0000:00:02.0: vgaarb: bridge control possible
[    1.209160] pci 0000:00:02.0: vgaarb: VGA device added: decodes=io+mem,owns=io+mem,locks=none
[    1.211328] vgaarb: loaded
[    1.212681] hpet: 3 channels of 0 reserved for per-cpu timers
[    1.213034] hpet0: at MMIO 0xfed00000, IRQs 2, 8, 0
[    1.213147] hpet0: 3 comparators, 64-bit 100.000000 MHz counter
[    1.221276] clocksource: Switched to clocksource tsc-early
[    1.233600] VFS: Disk quotas dquot_6.6.0
[    1.233906] VFS: Dquot-cache hash table entries: 512 (order 0, 4096 bytes)
[    1.238690] pnp: PnP ACPI init
[    1.243652] pnp 00:02: [dma 2]
[    1.244287] ACPI: IRQ 4 override to edge(!), high(!)
[    1.247081] pnp: PnP ACPI: found 5 devices
[    1.303380] clocksource: acpi_pm: mask: 0xffffff max_cycles: 0xffffff, max_idle_ns: 2085701024 ns
[    1.307036] NET: Registered PF_INET protocol family
[    1.310107] IP idents hash table entries: 4096 (order: 3, 32768 bytes, linear)
[    1.410740] tcp_listen_portaddr_hash hash table entries: 256 (order: 0, 4096 bytes, linear)
[    1.415309] Table-perturb hash table entries: 65536 (order: 6, 262144 bytes, linear)
[    1.415768] TCP established hash table entries: 2048 (order: 2, 16384 bytes, linear)
[    1.416175] TCP bind hash table entries: 2048 (order: 4, 65536 bytes, linear)
[    1.416492] TCP: Hash tables configured (established 2048 bind 2048)
[    1.418474] MPTCP token hash table entries: 256 (order: 1, 6144 bytes, linear)
[    1.418870] UDP hash table entries: 256 (order: 2, 16384 bytes, linear)
[    1.419174] UDP-Lite hash table entries: 256 (order: 2, 16384 bytes, linear)
[    1.422000] NET: Registered PF_UNIX/PF_LOCAL protocol family
[    1.422744] NET: Registered PF_XDP protocol family
[    1.424370] pci_bus 0000:00: resource 4 [io  0x0000-0x0cf7 window]
[    1.424439] pci_bus 0000:00: resource 5 [io  0x0d00-0xffff window]
[    1.424460] pci_bus 0000:00: resource 6 [mem 0x000a0000-0x000bffff window]
[    1.424482] pci_bus 0000:00: resource 7 [mem 0x10000000-0xfebfffff window]
[    1.424501] pci_bus 0000:00: resource 8 [mem 0x100000000-0x17fffffff window]
[    1.425734] pci 0000:00:01.0: PIIX3: Enabling Passive Release
[    1.425901] pci 0000:00:00.0: Limiting direct PCI/PCI transfers
[    1.426128] PCI: CLS 0 bytes, default 64
[    1.434342] Trying to unpack rootfs image as initramfs...
[    1.560894] Freeing initrd memory: 1864K
[    1.603534] Initialise system trusted keyrings
[    1.606067] Key type blacklist registered
[    1.608751] workingset: timestamp_bits=36 max_order=16 bucket_order=0
[    1.624628] fuse: init (API version 7.45)
[    1.629929] integrity: Platform Keyring initialized
[    1.630282] integrity: Machine keyring initialized
[    1.725423] xor: measuring software checksum speed
[    1.729489]    prefetch64-sse  :   840 MB/sec
[    1.733162]    generic_sse     :   941 MB/sec
[    1.733298] xor: using function: generic_sse (941 MB/sec)
[    1.733367] Key type asymmetric registered
[    1.733549] Asymmetric key parser 'x509' registered
[    1.734342] Block layer SCSI generic (bsg) driver version 0.4 loaded (major 245)
[    1.735730] io scheduler mq-deadline registered
[    1.735818] io scheduler kyber registered
[    1.736187] io scheduler bfq registered
[    1.737886] ledtrig-cpu: registered to indicate activity on CPUs
[    1.744502] input: Power Button as /devices/LNXSYSTM:00/LNXPWRBN:00/input/input0
[    1.755655] ACPI: button: Power Button [PWRF]
[    1.763758] Serial: 8250/16550 driver, 32 ports, IRQ sharing enabled
[    1.770645] 00:04: ttyS0 at I/O 0x3f8 (irq = 4, base_baud = 115200) is a 16550A
[    1.811668] Non-volatile memory driver v1.3
[    1.811730] Linux agpgart interface v0.103
[    1.812335] ACPI: bus type drm_connector registered
[    1.825418] usbcore: registered new interface driver usbserial_generic
[    1.825700] usbserial: USB Serial support registered for generic
[    1.827147] i8042: PNP: PS/2 Controller [PNP0303:KBD,PNP0f13:MOU] at 0x60,0x64 irq 1,12
[    1.833167] serio: i8042 KBD port at 0x60,0x64 irq 1
[    1.833588] serio: i8042 AUX port at 0x60,0x64 irq 12
[    1.839130] input: AT Translated Set 2 keyboard as /devices/platform/i8042/serio0/input/input1
[    1.839858] rtc_cmos PNP0B00:00: RTC can wake from S4
[    1.845133] rtc_cmos PNP0B00:00: registered as rtc0
[    1.846017] rtc_cmos PNP0B00:00: setting system clock to 2026-10-06T22:38:42 UTC (1791326322)
[    1.848471] rtc_cmos PNP0B00:00: alarms up to one day, y3k, 242 bytes nvram, hpet irqs
[    1.849464] amd_pstate: the _CPC object is not present in SBIOS or ACPI disabled
[    1.851718] hid: raw HID events driver (C) Jiri Kosina
[    1.852397] usbcore: registered new interface driver usbhid
[    1.852446] usbhid: USB HID core driver
[    1.853079] rust_binder: Loaded Rust Binder.
[    1.853757] drop_monitor: Initializing network drop monitor service
[    1.856174] NET: Registered PF_INET6 protocol family
[    1.869484] Segment Routing with IPv6
[    1.869583] RPL Segment Routing with IPv6
[    1.869802] In-situ OAM (IOAM) with IPv6
[    1.870425] NET: Registered PF_PACKET protocol family
[    1.876458] IPI shorthand broadcast: enabled
[    1.910304] sched_clock: Marking stable (1950231243, -42083904)->(1911606643, -3459304)
[    1.916105] registered taskstats version 1
[    1.926416] Loading compiled-in X.509 certificates
[    1.982648] Loaded X.509 cert 'Build time autogenerated kernel key: 9b3ca40beb61592ff2002bcdd6eb2f358ffcd8a5'
[    2.030602] zswap: loaded using pool zstd
[    2.033297] Demotion targets for Node 0: null
[    2.040334] Key type .fscrypt registered
[    2.040388] Key type fscrypt-provisioning registered
[    2.046866] Btrfs loaded, zoned=yes, fsverity=yes
[    2.048249] Key type big_key registered
[    2.052571] PM:   Magic number: 14:391:653
[    2.052935] vc vcsu1: hash matches
[    2.061245] RAS: Correctable Errors collector initialized.
[    2.106878] clk: Disabling unused clocks
[    2.107302] PM: genpd: Disabling unused power domains
[    2.136464] Freeing unused decrypted memory: 2028K
[    2.247923] Freeing unused kernel image (initmem) memory: 4772K
[    2.248553] Write protecting the kernel read-only data: 40960k
[    2.252975] Freeing unused kernel image (text/rodata gap) memory: 1036K
[    2.256336] Freeing unused kernel image (rodata/data gap) memory: 1952K
[    2.453586] x86/mm: Checked W+X mappings: passed, no W+X pages found.
[    2.454307] rodata_test: all tests were successful
[    2.455582] tsc: Refined TSC clocksource calibration: 3600.019 MHz
[    2.455697] Run /init as init process
[    2.456065]   with arguments:
[    2.456129]     /init
[    2.456166]   with environment:
[    2.456192]     HOME=/
[    2.456230]     TERM=linux
[    2.456243]     lab_test=recovery
[    2.456746] clocksource: tsc: mask: 0xffffffffffffffff max_cycles: 0x33e4656411b, max_idle_ns: 440795284465 ns
[    2.457639] clocksource: Switched to clocksource tsc
[    2.767662] edu_lab: loading out-of-tree module taints kernel.
[    2.767889] edu_lab: module verification failed: signature and/or required key missing - tainting kernel
[    2.829921] ACPI: \_SB_.LNKC: Enabled at IRQ 11
[    2.840239] edu_lab 0000:00:03.0: probe with driver edu_lab failed with error -5
[    2.851753] ACPI: \_SB_.LNKD: Enabled at IRQ 10
[    2.861851] edu_lab 0000:00:04.0: probe with driver edu_lab failed with error -5
[    2.987124] edu_lab 0000:00:03.0: probe with driver edu_lab failed with error -5
[    3.008528] edu_lab 0000:00:04.0: probe with driver edu_lab failed with error -5
[    3.132967] edu_lab 0000:00:03.0: EDU ready, id=010000ed
[    3.133615] edu_lab 0000:00:04.0: probe with driver edu_lab failed with error -16
[    4.331831] edu_lab 0000:00:03.0: EDU released
[    4.430930] edu_lab 0000:00:03.0: EDU ready, id=010000ed
[    4.431397] edu_lab 0000:00:04.0: probe with driver edu_lab failed with error -16
[    4.474426] edu_lab 0000:00:03.0: EDU released
LAB PASS recovery
[    4.703201] reboot: Power down
