Linux archlinux 6.18.55-1-lts #1 SMP PREEMPT_DYNAMIC Sat, 03 Oct 2026 15:08:01 +0000 x86_64 GNU/Linux
EDU discovered: 0000:00:03.0
EDU discovered: 0000:00:04.0
[    3.484413] edu_lab 0000:00:03.0: probe with driver edu_lab failed with error -5
[    3.503930] edu_lab 0000:00:04.0: probe with driver edu_lab failed with error -5
[    3.626357] edu_lab 0000:00:03.0: probe with driver edu_lab failed with error -5
[    3.652384] edu_lab 0000:00:04.0: probe with driver edu_lab failed with error -5
[    3.762837] edu_lab 0000:00:04.0: probe with driver edu_lab failed with error -16
LIVE 00000000 -> ffffffff verified
LIVE ffffffff -> 00000000 verified
LIVE 12345678 -> edcba987 verified
LIVE aaaaaaaa -> 55555555 verified
PASS liveness and invalid interface requests
PASS factorial 0..12, invalid 13/u32-max, 130 repeated requests
PASS four concurrent handles, 100 factorial requests
device closed
LIVE feedbeef -> 01124110 verified
PASS timeout (1013 ms), quarantine, late completion and exact-result recovery
PASS signal interruption followed by recovery
device closed
 11:        236          0  IO-APIC  11-fasteoi   edu_lab
PASS unbind with active wait, queued notifier, open fd; stale ioctls ENODEV
device closed
[    6.163703] edu_lab 0000:00:04.0: probe with driver edu_lab failed with error -16
FACTORIAL 12 -> 479001600 verified
device closed
PASS PCI removal with active wait, queued notifier, open fd; stale ioctls ENODEV
device closed
LIVE deadbeef -> 21524110 verified
device closed
FACTORIAL 12 -> 479001600 verified
device closed
[    0.000000] Linux version 6.18.55-1-lts (linux-lts@archlinux) (gcc (GCC) 16.2.1 20260810, GNU ld (GNU Binutils) 2.47) #1 SMP PREEMPT_DYNAMIC Sat, 03 Oct 2026 15:08:01 +0000
[    0.000000] Command line: console=ttyS0 panic=-1 lab_test=all
[    0.000000] BIOS-provided physical RAM map:
[    0.000000] BIOS-e820: [mem 0x0000000000000000-0x000000000009fbff] usable
[    0.000000] BIOS-e820: [mem 0x000000000009fc00-0x000000000009ffff] reserved
[    0.000000] BIOS-e820: [mem 0x00000000000f0000-0x00000000000fffff] reserved
[    0.000000] BIOS-e820: [mem 0x0000000000100000-0x000000000ffdffff] usable
[    0.000000] BIOS-e820: [mem 0x000000000ffe0000-0x000000000fffffff] reserved
[    0.000000] BIOS-e820: [mem 0x00000000fffc0000-0x00000000ffffffff] reserved
[    0.000000] BIOS-e820: [mem 0x000000fd00000000-0x000000ffffffffff] reserved
[    0.000000] NX (Execute Disable) protection: active
[    0.000000] APIC: Static calls initialized
[    0.000000] SMBIOS 2.8 present.
[    0.000000] DMI: QEMU Standard PC (i440FX + PIIX, 1996), BIOS Arch Linux 1.17.0-2-2 04/01/2014
[    0.000000] DMI: Memory slots populated: 1/1
[    0.000000] tsc: Fast TSC calibration using PIT
[    0.000000] tsc: Detected 3599.990 MHz processor
[    0.011248] e820: update [mem 0x00000000-0x00000fff] usable ==> reserved
[    0.011533] e820: remove [mem 0x000a0000-0x000fffff] usable
[    0.012095] last_pfn = 0xffe0 max_arch_pfn = 0x400000000
[    0.013676] MTRR map: 4 entries (3 fixed + 1 variable; max 19), built from 8 variable MTRRs
[    0.014089] x86/PAT: Configuration [0-7]: WB  WC  UC- UC  WB  WP  UC- WT  
[    0.070713] found SMP MP-table at [mem 0x000f66b0-0x000f66bf]
[    0.080362] RAMDISK: [mem 0x0fe0e000-0x0ffdffff]
[    0.081017] ACPI: Early table checksum verification disabled
[    0.081808] ACPI: RSDP 0x00000000000F64E0 000014 (v00 BOCHS )
[    0.082296] ACPI: RSDT 0x000000000FFE238A 000034 (v01 BOCHS  BXPC     00000001 BXPC 00000001)
[    0.083386] ACPI: FACP 0x000000000FFE2236 000074 (v01 BOCHS  BXPC     00000001 BXPC 00000001)
[    0.084523] ACPI: DSDT 0x000000000FFE0040 0021F6 (v01 BOCHS  BXPC     00000001 BXPC 00000001)
[    0.084744] ACPI: FACS 0x000000000FFE0000 000040
[    0.084837] ACPI: APIC 0x000000000FFE22AA 000080 (v03 BOCHS  BXPC     00000001 BXPC 00000001)
[    0.084880] ACPI: HPET 0x000000000FFE232A 000038 (v01 BOCHS  BXPC     00000001 BXPC 00000001)
[    0.084921] ACPI: WAET 0x000000000FFE2362 000028 (v01 BOCHS  BXPC     00000001 BXPC 00000001)
[    0.085074] ACPI: Reserving FACP table memory at [mem 0xffe2236-0xffe22a9]
[    0.085129] ACPI: Reserving DSDT table memory at [mem 0xffe0040-0xffe2235]
[    0.085141] ACPI: Reserving FACS table memory at [mem 0xffe0000-0xffe003f]
[    0.085150] ACPI: Reserving APIC table memory at [mem 0xffe22aa-0xffe2329]
[    0.085158] ACPI: Reserving HPET table memory at [mem 0xffe232a-0xffe2361]
[    0.085167] ACPI: Reserving WAET table memory at [mem 0xffe2362-0xffe2389]
[    0.090473] No NUMA configuration found
[    0.090574] Faking a node at [mem 0x0000000000000000-0x000000000ffdffff]
[    0.091918] NODE_DATA(0) allocated [mem 0x0fde3280-0x0fe0dfff]
[    0.100951] Zone ranges:
[    0.101080]   DMA      [mem 0x0000000000001000-0x0000000000ffffff]
[    0.101239]   DMA32    [mem 0x0000000001000000-0x000000000ffdffff]
[    0.101261]   Normal   empty
[    0.101294]   Device   empty
[    0.101317] Movable zone start for each node
[    0.101385] Early memory node ranges
[    0.101438]   node   0: [mem 0x0000000000001000-0x000000000009efff]
[    0.101759]   node   0: [mem 0x0000000000100000-0x000000000ffdffff]
[    0.102096] Initmem setup node 0 [mem 0x0000000000001000-0x000000000ffdffff]
[    0.107023] On node 0, zone DMA: 1 pages in unavailable ranges
[    0.107766] On node 0, zone DMA: 97 pages in unavailable ranges
[    0.113473] On node 0, zone DMA32: 32 pages in unavailable ranges
[    0.114355] ACPI: PM-Timer IO Port: 0x608
[    0.115310] ACPI: LAPIC_NMI (acpi_id[0xff] dfl dfl lint[0x1])
[    0.116130] IOAPIC[0]: apic_id 0, version 32, address 0xfec00000, GSI 0-23
[    0.116340] ACPI: INT_SRC_OVR (bus 0 bus_irq 0 global_irq 2 dfl dfl)
[    0.116738] ACPI: INT_SRC_OVR (bus 0 bus_irq 5 global_irq 5 high level)
[    0.116879] ACPI: INT_SRC_OVR (bus 0 bus_irq 9 global_irq 9 high level)
[    0.117115] ACPI: INT_SRC_OVR (bus 0 bus_irq 10 global_irq 10 high level)
[    0.117136] ACPI: INT_SRC_OVR (bus 0 bus_irq 11 global_irq 11 high level)
[    0.117462] ACPI: Using ACPI (MADT) for SMP configuration information
[    0.117551] ACPI: HPET id: 0x8086a201 base: 0xfed00000
[    0.118272] CPU topo: Max. logical packages:   1
[    0.118306] CPU topo: Max. logical dies:       1
[    0.118324] CPU topo: Max. dies per package:   1
[    0.118412] CPU topo: Max. threads per core:   1
[    0.118615] CPU topo: Num. cores per package:     2
[    0.118645] CPU topo: Num. threads per package:   2
[    0.118659] CPU topo: Allowing 2 present CPUs plus 0 hotplug CPUs
[    0.120694] PM: hibernation: Registered nosave memory: [mem 0x00000000-0x00000fff]
[    0.120777] PM: hibernation: Registered nosave memory: [mem 0x0009f000-0x000fffff]
[    0.120999] [mem 0x10000000-0xfffbffff] available for PCI devices
[    0.121113] Booting paravirtualized kernel on bare hardware
[    0.121752] clocksource: refined-jiffies: mask: 0xffffffff max_cycles: 0xffffffff, max_idle_ns: 6370452778343963 ns
[    0.146765] setup_percpu: NR_CPUS:8192 nr_cpumask_bits:2 nr_cpu_ids:2 nr_node_ids:1
[    0.154487] percpu: Embedded 63 pages/cpu s221184 r8192 d28672 u1048576
[    0.155277] pcpu-alloc: s221184 r8192 d28672 u1048576 alloc=1*2097152
[    0.155442] pcpu-alloc: [0] 0 1 
[    0.157215] Kernel command line: console=ttyS0 panic=-1 lab_test=all
[    0.159436] Unknown kernel command line parameters "lab_test=all", will be passed to user space.
[    0.159955] printk: log buffer data + meta data: 131072 + 458752 = 589824 bytes
[    0.160417] Dentry cache hash table entries: 32768 (order: 6, 262144 bytes, linear)
[    0.160630] Inode-cache hash table entries: 16384 (order: 5, 131072 bytes, linear)
[    0.170691] Fallback order for Node 0: 0 
[    0.171317] Built 1 zonelists, mobility grouping on.  Total pages: 65406
[    0.171349] Policy zone: DMA32
[    0.175587] mem auto-init: stack:all(zero), heap alloc:on, heap free:off
[    0.274131] SLUB: HWalign=64, Order=0-3, MinObjects=0, CPUs=2, Nodes=1
[    0.373880] ftrace: allocating 57352 entries in 226 pages
[    0.374291] ftrace: allocated 226 pages with 4 groups
[    0.395581] Dynamic Preempt: voluntary
[    0.403528] rcu: Preemptible hierarchical RCU implementation.
[    0.403573] rcu: 	RCU restricting CPUs from NR_CPUS=8192 to nr_cpu_ids=2.
[    0.403679] rcu: 	RCU priority boosting: priority 1 delay 500 ms.
[    0.403847] 	Trampoline variant of Tasks RCU enabled.
[    0.403969] 	Rude variant of Tasks RCU enabled.
[    0.403988] 	Tracing variant of Tasks RCU enabled.
[    0.404169] rcu: RCU calculated value of scheduler-enlistment delay is 30 jiffies.
[    0.404227] rcu: Adjusting geometry for rcu_fanout_leaf=16, nr_cpu_ids=2
[    0.406728] RCU Tasks: Setting shift to 1 and lim to 1 rcu_task_cb_adjust=1 rcu_task_cpu_ids=2.
[    0.406784] RCU Tasks Rude: Setting shift to 1 and lim to 1 rcu_task_cb_adjust=1 rcu_task_cpu_ids=2.
[    0.406804] RCU Tasks Trace: Setting shift to 1 and lim to 1 rcu_task_cb_adjust=1 rcu_task_cpu_ids=2.
[    0.517147] NR_IRQS: 524544, nr_irqs: 440, preallocated irqs: 16
[    0.533302] rcu: srcu_init: Setting srcu_struct sizes based on contention.
[    0.534409] clocksource: jiffies: mask: 0xffffffff max_cycles: 0xffffffff, max_idle_ns: 6370867519511994 ns
[    0.541061] kfence: initialized - using 2097152 bytes for 255 objects at 0x(____ptrval____)-0x(____ptrval____)
[    0.549818] Console: colour VGA+ 80x25
[    0.552640] printk: legacy console [ttyS0] enabled
[    0.557226] ACPI: Core revision 20250807
[    0.569769] clocksource: hpet: mask: 0xffffffff max_cycles: 0xffffffff, max_idle_ns: 19112604467 ns
[    0.572510] APIC: Switch to symmetric I/O mode setup
[    0.584489] ..TIMER: vector=0x30 apic1=0 pin1=2 apic2=-1 pin2=-1
[    0.602214] clocksource: tsc-early: mask: 0xffffffffffffffff max_cycles: 0x33e449c7887, max_idle_ns: 440795318932 ns
[    0.604201] Calibrating delay loop (skipped), value calculated using timer frequency.. 7202.97 BogoMIPS (lpj=11999966)
[    0.610145] Last level iTLB entries: 4KB 512, 2MB 255, 4MB 127
[    0.610238] Last level dTLB entries: 4KB 512, 2MB 255, 4MB 127, 1GB 0
[    0.610660] mitigations: Enabled attack vectors: user_kernel, user_user, guest_host, guest_guest, SMT mitigations: auto
[    0.611436] Spectre V2 : Mitigation: Retpolines
[    0.611626] Spectre V1 : Mitigation: usercopy/swapgs barriers and __user pointer sanitization
[    0.611754] Spectre V2 : Spectre v2 / SpectreRSB: Filling RSB on context switch and VMEXIT
[    0.613638] x86/fpu: x87 FPU will use FXSAVE
[    0.883861] Freeing SMP alternatives memory: 56K
[    0.885488] pid_max: default: 32768 minimum: 301
[    0.905627] LSM: initializing lsm=capability,landlock,lockdown,yama,bpf
[    0.913624] landlock: Up and running.
[    0.913700] Yama: becoming mindful.
[    0.915095] LSM support for eBPF active
[    0.921247] Mount-cache hash table entries: 512 (order: 0, 4096 bytes, linear)
[    0.921477] Mountpoint-cache hash table entries: 512 (order: 0, 4096 bytes, linear)
[    1.105928] smpboot: CPU0: AMD QEMU Virtual CPU version 2.5+ (family: 0xf, model: 0x6b, stepping: 0x1)
[    1.127957] Performance Events: PMU not available due to virtualization, using software events only.
[    1.129523] signal: max sigframe size: 1440
[    1.131871] rcu: Hierarchical SRCU implementation.
[    1.131937] rcu: 	Max phase no-delay instances is 1000.
[    1.139405] Timer migration: 1 hierarchy levels; 8 children per group; 1 crossnode level
[    1.148971] NMI watchdog: Perf NMI watchdog permanently disabled
[    1.155176] smp: Bringing up secondary CPUs ...
[    1.164986] smpboot: x86: Booting SMP configuration:
[    1.165060] .... node  #0, CPUs:      #1
[    1.277148] smp: Brought up 1 node, 2 CPUs
[    1.277335] smpboot: Total of 2 processors activated (14420.94 BogoMIPS)
[    1.293857] Memory: 188160K/261624K available (21491K kernel code, 2942K rwdata, 16480K rodata, 4772K init, 5548K bss, 69452K reserved, 0K cma-reserved)
[    1.309439] devtmpfs: initialized
[    1.316133] x86/mm: Memory block size: 128MB
[    1.337088] posixtimers hash table entries: 1024 (order: 2, 16384 bytes, linear)
[    1.337088] futex hash table entries: 512 (32768 bytes on 1 NUMA nodes, total 32 KiB, linear).
[    1.348261] pinctrl core: initialized pinctrl subsystem
[    1.359739] PM: RTC time: 22:38:23, date: 2026-10-06
[    1.382547] NET: Registered PF_NETLINK/PF_ROUTE protocol family
[    1.388146] DMA: preallocated 128 KiB GFP_KERNEL pool for atomic allocations
[    1.388995] DMA: preallocated 128 KiB GFP_KERNEL|GFP_DMA pool for atomic allocations
[    1.389174] DMA: preallocated 128 KiB GFP_KERNEL|GFP_DMA32 pool for atomic allocations
[    1.389813] audit: initializing netlink subsys (disabled)
[    1.394444] audit: type=2000 audit(1791326302.816:1): state=initialized audit_enabled=0 res=1
[    1.401412] thermal_sys: Registered thermal governor 'fair_share'
[    1.401488] thermal_sys: Registered thermal governor 'bang_bang'
[    1.401507] thermal_sys: Registered thermal governor 'step_wise'
[    1.401514] thermal_sys: Registered thermal governor 'user_space'
[    1.401521] thermal_sys: Registered thermal governor 'power_allocator'
[    1.403526] cpuidle: using governor ladder
[    1.403526] cpuidle: using governor menu
[    1.408038] acpiphp: ACPI Hot Plug PCI Controller Driver version: 0.5
[    1.411619] PCI: Using configuration type 1 for base access
[    1.412239] mtrr: your CPUs had inconsistent fixed MTRR settings
[    1.412262] mtrr: your CPUs had inconsistent variable MTRR settings
[    1.412278] mtrr: your CPUs had inconsistent MTRRdefType settings
[    1.412288] mtrr: probably your BIOS does not setup all CPUs.
[    1.412298] mtrr: corrected configuration.
[    1.419162] kprobes: kprobe jump-optimization is enabled. All kprobes are optimized if possible.
[    1.537974] HugeTLB: registered 2.00 MiB page size, pre-allocated 0 pages
[    1.538061] HugeTLB: 28 KiB vmemmap can be freed for a 2.00 MiB page
[    1.567084] raid6: skipped pq benchmark and selected sse2x4
[    1.567229] raid6: using intx1 recovery algorithm
[    1.574332] ACPI: Added _OSI(Module Device)
[    1.574388] ACPI: Added _OSI(Processor Device)
[    1.574398] ACPI: Added _OSI(Processor Aggregator Device)
[    1.602705] ACPI: 1 ACPI AML tables successfully acquired and loaded
[    1.634700] ACPI: Interpreter enabled
[    1.636652] ACPI: PM: (supports S0 S3 S4 S5)
[    1.636753] ACPI: Using IOAPIC for interrupt routing
[    1.638419] PCI: Using host bridge windows from ACPI; if necessary, use "pci=nocrs" and report a bug
[    1.638519] PCI: Using E820 reservations for host bridge windows
[    1.641759] ACPI: Enabled 2 GPEs in block 00 to 0F
[    1.707799] ACPI: PCI Root Bridge [PCI0] (domain 0000 [bus 00-ff])
[    1.709465] acpi PNP0A03:00: _OSC: OS supports [ASPM ClockPM Segments MSI EDR HPX-Type3]
[    1.709838] acpi PNP0A03:00: _OSC: not requesting OS control; OS requires [ExtendedConfig ASPM ClockPM MSI]
[    1.710795] acpi PNP0A03:00: fail to add MMCONFIG information, can't access extended configuration space under this bridge
[    1.722298] acpiphp: Slot [3] registered
[    1.722528] acpiphp: Slot [4] registered
[    1.723004] acpiphp: Slot [5] registered
[    1.723257] acpiphp: Slot [6] registered
[    1.723520] acpiphp: Slot [7] registered
[    1.723744] acpiphp: Slot [8] registered
[    1.723871] acpiphp: Slot [9] registered
[    1.724103] acpiphp: Slot [10] registered
[    1.724272] acpiphp: Slot [11] registered
[    1.724439] acpiphp: Slot [12] registered
[    1.724569] acpiphp: Slot [13] registered
[    1.724698] acpiphp: Slot [14] registered
[    1.724909] acpiphp: Slot [15] registered
[    1.725071] acpiphp: Slot [16] registered
[    1.725199] acpiphp: Slot [17] registered
[    1.725324] acpiphp: Slot [18] registered
[    1.725448] acpiphp: Slot [19] registered
[    1.725660] acpiphp: Slot [20] registered
[    1.726065] acpiphp: Slot [21] registered
[    1.726211] acpiphp: Slot [22] registered
[    1.726382] acpiphp: Slot [23] registered
[    1.726552] acpiphp: Slot [24] registered
[    1.726730] acpiphp: Slot [25] registered
[    1.726834] acpiphp: Slot [26] registered
[    1.726912] acpiphp: Slot [27] registered
[    1.726985] acpiphp: Slot [28] registered
[    1.727059] acpiphp: Slot [29] registered
[    1.727284] acpiphp: Slot [30] registered
[    1.727386] acpiphp: Slot [31] registered
[    1.727839] PCI host bridge to bus 0000:00
[    1.728242] pci_bus 0000:00: root bus resource [io  0x0000-0x0cf7 window]
[    1.728398] pci_bus 0000:00: root bus resource [io  0x0d00-0xffff window]
[    1.728411] pci_bus 0000:00: root bus resource [mem 0x000a0000-0x000bffff window]
[    1.728487] pci_bus 0000:00: root bus resource [mem 0x10000000-0xfebfffff window]
[    1.728499] pci_bus 0000:00: root bus resource [mem 0x100000000-0x17fffffff window]
[    1.728719] pci_bus 0000:00: root bus resource [bus 00-ff]
[    1.731339] pci 0000:00:00.0: [8086:1237] type 00 class 0x060000 conventional PCI endpoint
[    1.738601] pci 0000:00:01.0: [8086:7000] type 00 class 0x060100 conventional PCI endpoint
[    1.739562] pci 0000:00:01.1: [8086:7010] type 00 class 0x010180 conventional PCI endpoint
[    1.740510] pci 0000:00:01.1: BAR 4 [io  0xc000-0xc00f]
[    1.740604] pci 0000:00:01.1: BAR 0 [io  0x01f0-0x01f7]: legacy IDE quirk
[    1.740635] pci 0000:00:01.1: BAR 1 [io  0x03f6]: legacy IDE quirk
[    1.740682] pci 0000:00:01.1: BAR 2 [io  0x0170-0x0177]: legacy IDE quirk
[    1.740722] pci 0000:00:01.1: BAR 3 [io  0x0376]: legacy IDE quirk
[    1.742113] pci 0000:00:01.3: [8086:7113] type 00 class 0x068000 conventional PCI endpoint
[    1.742549] pci 0000:00:01.3: quirk: [io  0x0600-0x063f] claimed by PIIX4 ACPI
[    1.742678] pci 0000:00:01.3: quirk: [io  0x0700-0x070f] claimed by PIIX4 SMB
[    1.743848] pci 0000:00:02.0: [1234:1111] type 00 class 0x030000 conventional PCI endpoint
[    1.745265] pci 0000:00:02.0: BAR 0 [mem 0xfd000000-0xfdffffff pref]
[    1.745417] pci 0000:00:02.0: BAR 2 [mem 0xfeb10000-0xfeb10fff]
[    1.745505] pci 0000:00:02.0: ROM [mem 0xfeb00000-0xfeb0ffff pref]
[    1.746354] pci 0000:00:02.0: Video device with shadowed ROM at [mem 0x000c0000-0x000dffff]
[    1.747918] pci 0000:00:03.0: [1234:11e8] type 00 class 0x00ff00 conventional PCI endpoint
[    1.748669] pci 0000:00:03.0: BAR 0 [mem 0xfe900000-0xfe9fffff]
[    1.761924] pci 0000:00:04.0: [1234:11e8] type 00 class 0x00ff00 conventional PCI endpoint
[    1.762686] pci 0000:00:04.0: BAR 0 [mem 0xfea00000-0xfeafffff]
[    1.779796] ACPI: PCI: Interrupt link LNKA configured for IRQ 10
[    1.780735] ACPI: PCI: Interrupt link LNKB configured for IRQ 10
[    1.781570] ACPI: PCI: Interrupt link LNKC configured for IRQ 11
[    1.782250] ACPI: PCI: Interrupt link LNKD configured for IRQ 11
[    1.782648] ACPI: PCI: Interrupt link LNKS configured for IRQ 9
[    1.789967] iommu: Default domain type: Translated
[    1.790054] iommu: DMA domain TLB invalidation policy: lazy mode
[    1.794335] SCSI subsystem initialized
[    1.796535] libata version 3.00 loaded.
[    1.796844] ACPI: bus type USB registered
[    1.796867] usbcore: registered new interface driver usbfs
[    1.797331] usbcore: registered new interface driver hub
[    1.797588] usbcore: registered new device driver usb
[    1.798595] EDAC MC: Ver: 3.0.0
[    1.818191] NetLabel: Initializing
[    1.818258] NetLabel:  domain hash size = 128
[    1.818280] NetLabel:  protocols = UNLABELED CIPSOv4 CALIPSO
[    1.819104] NetLabel:  unlabeled traffic allowed by default
[    1.819365] mctp: management component transport protocol core
[    1.819419] NET: Registered PF_MCTP protocol family
[    1.820158] PCI: Using ACPI for IRQ routing
[    1.820303] PCI: pci_cache_line_size set to 64 bytes
[    1.821110] e820: reserve RAM buffer [mem 0x0009fc00-0x0009ffff]
[    1.821294] e820: reserve RAM buffer [mem 0x0ffe0000-0x0fffffff]
[    1.828903] pci 0000:00:02.0: vgaarb: setting as boot VGA device
[    1.829017] pci 0000:00:02.0: vgaarb: bridge control possible
[    1.829175] pci 0000:00:02.0: vgaarb: VGA device added: decodes=io+mem,owns=io+mem,locks=none
[    1.829233] vgaarb: loaded
[    1.831244] hpet: 3 channels of 0 reserved for per-cpu timers
[    1.831869] hpet0: at MMIO 0xfed00000, IRQs 2, 8, 0
[    1.832879] hpet0: 3 comparators, 64-bit 100.000000 MHz counter
[    1.840368] clocksource: Switched to clocksource tsc-early
[    1.848762] VFS: Disk quotas dquot_6.6.0
[    1.849102] VFS: Dquot-cache hash table entries: 512 (order 0, 4096 bytes)
[    1.858806] pnp: PnP ACPI init
[    1.862412] pnp 00:02: [dma 2]
[    1.863102] ACPI: IRQ 4 override to edge(!), high(!)
[    1.865611] pnp: PnP ACPI: found 5 devices
[    1.908336] clocksource: acpi_pm: mask: 0xffffff max_cycles: 0xffffff, max_idle_ns: 2085701024 ns
[    1.912439] NET: Registered PF_INET protocol family
[    1.913785] IP idents hash table entries: 4096 (order: 3, 32768 bytes, linear)
[    2.019000] tcp_listen_portaddr_hash hash table entries: 256 (order: 0, 4096 bytes, linear)
[    2.019212] Table-perturb hash table entries: 65536 (order: 6, 262144 bytes, linear)
[    2.019386] TCP established hash table entries: 2048 (order: 2, 16384 bytes, linear)
[    2.019602] TCP bind hash table entries: 2048 (order: 4, 65536 bytes, linear)
[    2.019844] TCP: Hash tables configured (established 2048 bind 2048)
[    2.032031] MPTCP token hash table entries: 256 (order: 1, 6144 bytes, linear)
[    2.032966] UDP hash table entries: 256 (order: 2, 16384 bytes, linear)
[    2.033338] UDP-Lite hash table entries: 256 (order: 2, 16384 bytes, linear)
[    2.036187] NET: Registered PF_UNIX/PF_LOCAL protocol family
[    2.036941] NET: Registered PF_XDP protocol family
[    2.037960] pci_bus 0000:00: resource 4 [io  0x0000-0x0cf7 window]
[    2.037999] pci_bus 0000:00: resource 5 [io  0x0d00-0xffff window]
[    2.038011] pci_bus 0000:00: resource 6 [mem 0x000a0000-0x000bffff window]
[    2.038025] pci_bus 0000:00: resource 7 [mem 0x10000000-0xfebfffff window]
[    2.038036] pci_bus 0000:00: resource 8 [mem 0x100000000-0x17fffffff window]
[    2.038844] pci 0000:00:01.0: PIIX3: Enabling Passive Release
[    2.038997] pci 0000:00:00.0: Limiting direct PCI/PCI transfers
[    2.039138] PCI: CLS 0 bytes, default 64
[    2.047177] Trying to unpack rootfs image as initramfs...
[    2.178248] Freeing initrd memory: 1864K
[    2.240179] Initialise system trusted keyrings
[    2.243627] Key type blacklist registered
[    2.245994] workingset: timestamp_bits=36 max_order=16 bucket_order=0
[    2.264647] fuse: init (API version 7.45)
[    2.269338] integrity: Platform Keyring initialized
[    2.269711] integrity: Machine keyring initialized
[    2.367926] xor: measuring software checksum speed
[    2.372223]    prefetch64-sse  :   795 MB/sec
[    2.376756]    generic_sse     :   787 MB/sec
[    2.376909] xor: using function: prefetch64-sse (795 MB/sec)
[    2.376986] Key type asymmetric registered
[    2.377219] Asymmetric key parser 'x509' registered
[    2.377817] Block layer SCSI generic (bsg) driver version 0.4 loaded (major 245)
[    2.379678] io scheduler mq-deadline registered
[    2.379855] io scheduler kyber registered
[    2.380439] io scheduler bfq registered
[    2.383514] ledtrig-cpu: registered to indicate activity on CPUs
[    2.388317] input: Power Button as /devices/LNXSYSTM:00/LNXPWRBN:00/input/input0
[    2.399933] ACPI: button: Power Button [PWRF]
[    2.414351] Serial: 8250/16550 driver, 32 ports, IRQ sharing enabled
[    2.423436] 00:04: ttyS0 at I/O 0x3f8 (irq = 4, base_baud = 115200) is a 16550A
[    2.472696] Non-volatile memory driver v1.3
[    2.472817] Linux agpgart interface v0.103
[    2.473841] ACPI: bus type drm_connector registered
[    2.488748] usbcore: registered new interface driver usbserial_generic
[    2.489053] usbserial: USB Serial support registered for generic
[    2.490487] i8042: PNP: PS/2 Controller [PNP0303:KBD,PNP0f13:MOU] at 0x60,0x64 irq 1,12
[    2.496655] serio: i8042 KBD port at 0x60,0x64 irq 1
[    2.497159] serio: i8042 AUX port at 0x60,0x64 irq 12
[    2.504380] rtc_cmos PNP0B00:00: RTC can wake from S4
[    2.510145] input: AT Translated Set 2 keyboard as /devices/platform/i8042/serio0/input/input1
[    2.513150] rtc_cmos PNP0B00:00: registered as rtc0
[    2.514422] rtc_cmos PNP0B00:00: setting system clock to 2026-10-06T22:38:24 UTC (1791326304)
[    2.517515] rtc_cmos PNP0B00:00: alarms up to one day, y3k, 242 bytes nvram, hpet irqs
[    2.519305] amd_pstate: the _CPC object is not present in SBIOS or ACPI disabled
[    2.522135] hid: raw HID events driver (C) Jiri Kosina
[    2.523151] usbcore: registered new interface driver usbhid
[    2.523211] usbhid: USB HID core driver
[    2.524095] rust_binder: Loaded Rust Binder.
[    2.524757] drop_monitor: Initializing network drop monitor service
[    2.527491] NET: Registered PF_INET6 protocol family
[    2.542642] Segment Routing with IPv6
[    2.542756] RPL Segment Routing with IPv6
[    2.543059] In-situ OAM (IOAM) with IPv6
[    2.543971] NET: Registered PF_PACKET protocol family
[    2.550336] IPI shorthand broadcast: enabled
[    2.590247] sched_clock: Marking stable (2546871247, 41709279)->(2595154915, -6574389)
[    2.597815] registered taskstats version 1
[    2.606273] Loading compiled-in X.509 certificates
[    2.663956] Loaded X.509 cert 'Build time autogenerated kernel key: 9b3ca40beb61592ff2002bcdd6eb2f358ffcd8a5'
[    2.712302] zswap: loaded using pool zstd
[    2.715871] Demotion targets for Node 0: null
[    2.719844] Key type .fscrypt registered
[    2.719895] Key type fscrypt-provisioning registered
[    2.727162] Btrfs loaded, zoned=yes, fsverity=yes
[    2.728692] Key type big_key registered
[    2.733438] PM:   Magic number: 14:391:653
[    2.733686] vc vcsu1: hash matches
[    2.741322] RAS: Correctable Errors collector initialized.
[    2.787120] clk: Disabling unused clocks
[    2.787432] PM: genpd: Disabling unused power domains
[    2.816398] Freeing unused decrypted memory: 2028K
[    2.925695] Freeing unused kernel image (initmem) memory: 4772K
[    2.926416] Write protecting the kernel read-only data: 40960k
[    2.929740] Freeing unused kernel image (text/rodata gap) memory: 1036K
[    2.932639] Freeing unused kernel image (rodata/data gap) memory: 1952K
[    3.116341] x86/mm: Checked W+X mappings: passed, no W+X pages found.
[    3.117248] rodata_test: all tests were successful
[    3.117807] tsc: Refined TSC clocksource calibration: 3600.019 MHz
[    3.118243] clocksource: tsc: mask: 0xffffffffffffffff max_cycles: 0x33e4656411b, max_idle_ns: 440795284465 ns
[    3.118393] Run /init as init process
[    3.118847]   with arguments:
[    3.118897]     /init
[    3.118974]   with environment:
[    3.119013]     HOME=/
[    3.119043]     TERM=linux
[    3.119056]     lab_test=all
[    3.119191] clocksource: Switched to clocksource tsc
[    3.421001] edu_lab: loading out-of-tree module taints kernel.
[    3.421398] edu_lab: module verification failed: signature and/or required key missing - tainting kernel
[    3.474806] ACPI: \_SB_.LNKC: Enabled at IRQ 11
[    3.484413] edu_lab 0000:00:03.0: probe with driver edu_lab failed with error -5
[    3.495761] ACPI: \_SB_.LNKD: Enabled at IRQ 10
[    3.503930] edu_lab 0000:00:04.0: probe with driver edu_lab failed with error -5
[    3.626357] edu_lab 0000:00:03.0: probe with driver edu_lab failed with error -5
[    3.652384] edu_lab 0000:00:04.0: probe with driver edu_lab failed with error -5
[    3.762202] edu_lab 0000:00:03.0: EDU ready, id=010000ed
[    3.762837] edu_lab 0000:00:04.0: probe with driver edu_lab failed with error -16
[    6.056088] edu_lab 0000:00:03.0: EDU released
[    6.163281] edu_lab 0000:00:03.0: EDU ready, id=010000ed
[    6.163703] edu_lab 0000:00:04.0: probe with driver edu_lab failed with error -16
[    7.227393] edu_lab 0000:00:03.0: EDU released
[    7.316713] edu_lab 0000:00:04.0: EDU ready, id=010000ed
[    7.353242] edu_lab 0000:00:04.0: EDU released
LAB PASS all
[    7.537707] reboot: Power down
