Linux archlinux 6.18.55-1-lts #1 SMP PREEMPT_DYNAMIC Sat, 03 Oct 2026 15:08:01 +0000 x86_64 GNU/Linux
EDU discovered: 0000:00:03.0
EDU discovered: 0000:00:04.0
[    3.619745] edu_lab 0000:00:03.0: probe with driver edu_lab failed with error -5
[    3.640555] edu_lab 0000:00:04.0: probe with driver edu_lab failed with error -5
[    3.784271] edu_lab 0000:00:03.0: probe with driver edu_lab failed with error -5
[    3.807841] edu_lab 0000:00:04.0: probe with driver edu_lab failed with error -5
[    3.919855] edu_lab 0000:00:04.0: probe with driver edu_lab failed with error -16
LIVE 00000000 -> ffffffff verified
LIVE ffffffff -> 00000000 verified
LIVE 12345678 -> edcba987 verified
LIVE aaaaaaaa -> 55555555 verified
PASS liveness and invalid interface requests
PASS factorial 0..12, invalid 13/u32-max, 130 repeated requests
PASS four concurrent handles, 100 factorial requests
device closed
LIVE feedbeef -> 01124110 verified
PASS timeout (1014 ms), quarantine, late completion and exact-result recovery
PASS signal interruption followed by recovery
device closed
 11:        236          0  IO-APIC  11-fasteoi   edu_lab
PASS unbind with active wait, queued notifier, open fd; stale ioctls ENODEV
device closed
[    6.307042] edu_lab 0000:00:04.0: probe with driver edu_lab failed with error -16
FACTORIAL 12 -> 479001600 verified
device closed
PASS PCI removal with active wait, queued notifier, open fd; stale ioctls ENODEV
device closed
LIVE deadbeef -> 21524110 verified
device closed
FACTORIAL 12 -> 479001600 verified
device closed
[    0.000000] Linux version 6.18.55-1-lts (linux-lts@archlinux) (gcc (GCC) 16.2.1 20260810, GNU ld (GNU Binutils) 2.47) #1 SMP PREEMPT_DYNAMIC Sat, 03 Oct 2026 15:08:01 +0000
[    0.000000] Command line: console=ttyS0 panic=-1 lab_test=all
[    0.000000] BIOS-provided physical RAM map:
[    0.000000] BIOS-e820: [mem 0x0000000000000000-0x000000000009fbff] usable
[    0.000000] BIOS-e820: [mem 0x000000000009fc00-0x000000000009ffff] reserved
[    0.000000] BIOS-e820: [mem 0x00000000000f0000-0x00000000000fffff] reserved
[    0.000000] BIOS-e820: [mem 0x0000000000100000-0x000000000ffdffff] usable
[    0.000000] BIOS-e820: [mem 0x000000000ffe0000-0x000000000fffffff] reserved
[    0.000000] BIOS-e820: [mem 0x00000000fffc0000-0x00000000ffffffff] reserved
[    0.000000] BIOS-e820: [mem 0x000000fd00000000-0x000000ffffffffff] reserved
[    0.000000] NX (Execute Disable) protection: active
[    0.000000] APIC: Static calls initialized
[    0.000000] SMBIOS 2.8 present.
[    0.000000] DMI: QEMU Standard PC (i440FX + PIIX, 1996), BIOS Arch Linux 1.17.0-2-2 04/01/2014
[    0.000000] DMI: Memory slots populated: 1/1
[    0.000000] tsc: Fast TSC calibration using PIT
[    0.000000] tsc: Detected 3600.016 MHz processor
[    0.010531] e820: update [mem 0x00000000-0x00000fff] usable ==> reserved
[    0.010804] e820: remove [mem 0x000a0000-0x000fffff] usable
[    0.011160] last_pfn = 0xffe0 max_arch_pfn = 0x400000000
[    0.012455] MTRR map: 4 entries (3 fixed + 1 variable; max 19), built from 8 variable MTRRs
[    0.012745] x86/PAT: Configuration [0-7]: WB  WC  UC- UC  WB  WP  UC- WT  
[    0.051776] found SMP MP-table at [mem 0x000f66b0-0x000f66bf]
[    0.059928] RAMDISK: [mem 0x0fe0e000-0x0ffdffff]
[    0.060745] ACPI: Early table checksum verification disabled
[    0.061518] ACPI: RSDP 0x00000000000F64E0 000014 (v00 BOCHS )
[    0.062067] ACPI: RSDT 0x000000000FFE238A 000034 (v01 BOCHS  BXPC     00000001 BXPC 00000001)
[    0.063757] ACPI: FACP 0x000000000FFE2236 000074 (v01 BOCHS  BXPC     00000001 BXPC 00000001)
[    0.064595] ACPI: DSDT 0x000000000FFE0040 0021F6 (v01 BOCHS  BXPC     00000001 BXPC 00000001)
[    0.064684] ACPI: FACS 0x000000000FFE0000 000040
[    0.064749] ACPI: APIC 0x000000000FFE22AA 000080 (v03 BOCHS  BXPC     00000001 BXPC 00000001)
[    0.064778] ACPI: HPET 0x000000000FFE232A 000038 (v01 BOCHS  BXPC     00000001 BXPC 00000001)
[    0.064803] ACPI: WAET 0x000000000FFE2362 000028 (v01 BOCHS  BXPC     00000001 BXPC 00000001)
[    0.064912] ACPI: Reserving FACP table memory at [mem 0xffe2236-0xffe22a9]
[    0.064950] ACPI: Reserving DSDT table memory at [mem 0xffe0040-0xffe2235]
[    0.064959] ACPI: Reserving FACS table memory at [mem 0xffe0000-0xffe003f]
[    0.064965] ACPI: Reserving APIC table memory at [mem 0xffe22aa-0xffe2329]
[    0.064972] ACPI: Reserving HPET table memory at [mem 0xffe232a-0xffe2361]
[    0.064978] ACPI: Reserving WAET table memory at [mem 0xffe2362-0xffe2389]
[    0.069507] No NUMA configuration found
[    0.069553] Faking a node at [mem 0x0000000000000000-0x000000000ffdffff]
[    0.070990] NODE_DATA(0) allocated [mem 0x0fde3280-0x0fe0dfff]
[    0.078329] Zone ranges:
[    0.078379]   DMA      [mem 0x0000000000001000-0x0000000000ffffff]
[    0.078477]   DMA32    [mem 0x0000000001000000-0x000000000ffdffff]
[    0.078489]   Normal   empty
[    0.078506]   Device   empty
[    0.078518] Movable zone start for each node
[    0.078560] Early memory node ranges
[    0.078592]   node   0: [mem 0x0000000000001000-0x000000000009efff]
[    0.078814]   node   0: [mem 0x0000000000100000-0x000000000ffdffff]
[    0.079033] Initmem setup node 0 [mem 0x0000000000001000-0x000000000ffdffff]
[    0.081840] On node 0, zone DMA: 1 pages in unavailable ranges
[    0.082220] On node 0, zone DMA: 97 pages in unavailable ranges
[    0.085047] On node 0, zone DMA32: 32 pages in unavailable ranges
[    0.085937] ACPI: PM-Timer IO Port: 0x608
[    0.086669] ACPI: LAPIC_NMI (acpi_id[0xff] dfl dfl lint[0x1])
[    0.087465] IOAPIC[0]: apic_id 0, version 32, address 0xfec00000, GSI 0-23
[    0.087663] ACPI: INT_SRC_OVR (bus 0 bus_irq 0 global_irq 2 dfl dfl)
[    0.088175] ACPI: INT_SRC_OVR (bus 0 bus_irq 5 global_irq 5 high level)
[    0.088265] ACPI: INT_SRC_OVR (bus 0 bus_irq 9 global_irq 9 high level)
[    0.088445] ACPI: INT_SRC_OVR (bus 0 bus_irq 10 global_irq 10 high level)
[    0.088457] ACPI: INT_SRC_OVR (bus 0 bus_irq 11 global_irq 11 high level)
[    0.088700] ACPI: Using ACPI (MADT) for SMP configuration information
[    0.088805] ACPI: HPET id: 0x8086a201 base: 0xfed00000
[    0.089505] CPU topo: Max. logical packages:   1
[    0.089535] CPU topo: Max. logical dies:       1
[    0.089550] CPU topo: Max. dies per package:   1
[    0.089606] CPU topo: Max. threads per core:   1
[    0.089742] CPU topo: Num. cores per package:     2
[    0.089814] CPU topo: Num. threads per package:   2
[    0.089834] CPU topo: Allowing 2 present CPUs plus 0 hotplug CPUs
[    0.091216] PM: hibernation: Registered nosave memory: [mem 0x00000000-0x00000fff]
[    0.091262] PM: hibernation: Registered nosave memory: [mem 0x0009f000-0x000fffff]
[    0.091395] [mem 0x10000000-0xfffbffff] available for PCI devices
[    0.091465] Booting paravirtualized kernel on bare hardware
[    0.091924] clocksource: refined-jiffies: mask: 0xffffffff max_cycles: 0xffffffff, max_idle_ns: 6370452778343963 ns
[    0.115715] setup_percpu: NR_CPUS:8192 nr_cpumask_bits:2 nr_cpu_ids:2 nr_node_ids:1
[    0.120565] percpu: Embedded 63 pages/cpu s221184 r8192 d28672 u1048576
[    0.121296] pcpu-alloc: s221184 r8192 d28672 u1048576 alloc=1*2097152
[    0.121460] pcpu-alloc: [0] 0 1 
[    0.123148] Kernel command line: console=ttyS0 panic=-1 lab_test=all
[    0.124879] Unknown kernel command line parameters "lab_test=all", will be passed to user space.
[    0.125243] printk: log buffer data + meta data: 131072 + 458752 = 589824 bytes
[    0.125653] Dentry cache hash table entries: 32768 (order: 6, 262144 bytes, linear)
[    0.125876] Inode-cache hash table entries: 16384 (order: 5, 131072 bytes, linear)
[    0.134378] Fallback order for Node 0: 0 
[    0.134895] Built 1 zonelists, mobility grouping on.  Total pages: 65406
[    0.134926] Policy zone: DMA32
[    0.139008] mem auto-init: stack:all(zero), heap alloc:on, heap free:off
[    0.215169] SLUB: HWalign=64, Order=0-3, MinObjects=0, CPUs=2, Nodes=1
[    0.315819] ftrace: allocating 57352 entries in 226 pages
[    0.316153] ftrace: allocated 226 pages with 4 groups
[    0.344767] Dynamic Preempt: voluntary
[    0.357144] rcu: Preemptible hierarchical RCU implementation.
[    0.357211] rcu: 	RCU restricting CPUs from NR_CPUS=8192 to nr_cpu_ids=2.
[    0.357234] rcu: 	RCU priority boosting: priority 1 delay 500 ms.
[    0.357400] 	Trampoline variant of Tasks RCU enabled.
[    0.357409] 	Rude variant of Tasks RCU enabled.
[    0.357417] 	Tracing variant of Tasks RCU enabled.
[    0.357592] rcu: RCU calculated value of scheduler-enlistment delay is 30 jiffies.
[    0.357633] rcu: Adjusting geometry for rcu_fanout_leaf=16, nr_cpu_ids=2
[    0.360036] RCU Tasks: Setting shift to 1 and lim to 1 rcu_task_cb_adjust=1 rcu_task_cpu_ids=2.
[    0.360100] RCU Tasks Rude: Setting shift to 1 and lim to 1 rcu_task_cb_adjust=1 rcu_task_cpu_ids=2.
[    0.360116] RCU Tasks Trace: Setting shift to 1 and lim to 1 rcu_task_cb_adjust=1 rcu_task_cpu_ids=2.
[    0.482022] NR_IRQS: 524544, nr_irqs: 440, preallocated irqs: 16
[    0.501242] rcu: srcu_init: Setting srcu_struct sizes based on contention.
[    0.502381] clocksource: jiffies: mask: 0xffffffff max_cycles: 0xffffffff, max_idle_ns: 6370867519511994 ns
[    0.511043] kfence: initialized - using 2097152 bytes for 255 objects at 0x(____ptrval____)-0x(____ptrval____)
[    0.521930] Console: colour VGA+ 80x25
[    0.525217] printk: legacy console [ttyS0] enabled
[    0.529707] ACPI: Core revision 20250807
[    0.543691] clocksource: hpet: mask: 0xffffffff max_cycles: 0xffffffff, max_idle_ns: 19112604467 ns
[    0.551388] APIC: Switch to symmetric I/O mode setup
[    0.559271] ..TIMER: vector=0x30 apic1=0 pin1=2 apic2=-1 pin2=-1
[    0.576347] clocksource: tsc-early: mask: 0xffffffffffffffff max_cycles: 0x33e462c2dec, max_idle_ns: 440795368719 ns
[    0.577147] Calibrating delay loop (skipped), value calculated using timer frequency.. 7202.03 BogoMIPS (lpj=12000053)
[    0.583996] Last level iTLB entries: 4KB 512, 2MB 255, 4MB 127
[    0.584084] Last level dTLB entries: 4KB 512, 2MB 255, 4MB 127, 1GB 0
[    0.584713] mitigations: Enabled attack vectors: user_kernel, user_user, guest_host, guest_guest, SMT mitigations: auto
[    0.586838] Spectre V2 : Mitigation: Retpolines
[    0.587023] Spectre V1 : Mitigation: usercopy/swapgs barriers and __user pointer sanitization
[    0.587175] Spectre V2 : Spectre v2 / SpectreRSB: Filling RSB on context switch and VMEXIT
[    0.588367] x86/fpu: x87 FPU will use FXSAVE
[    0.841399] Freeing SMP alternatives memory: 56K
[    0.843999] pid_max: default: 32768 minimum: 301
[    0.863843] LSM: initializing lsm=capability,landlock,lockdown,yama,bpf
[    0.871726] landlock: Up and running.
[    0.871970] Yama: becoming mindful.
[    0.873646] LSM support for eBPF active
[    0.878621] Mount-cache hash table entries: 512 (order: 0, 4096 bytes, linear)
[    0.878862] Mountpoint-cache hash table entries: 512 (order: 0, 4096 bytes, linear)
[    1.053302] smpboot: CPU0: AMD QEMU Virtual CPU version 2.5+ (family: 0xf, model: 0x6b, stepping: 0x1)
[    1.075202] Performance Events: PMU not available due to virtualization, using software events only.
[    1.078011] signal: max sigframe size: 1440
[    1.081271] rcu: Hierarchical SRCU implementation.
[    1.081314] rcu: 	Max phase no-delay instances is 1000.
[    1.086904] Timer migration: 1 hierarchy levels; 8 children per group; 1 crossnode level
[    1.094721] NMI watchdog: Perf NMI watchdog permanently disabled
[    1.098779] smp: Bringing up secondary CPUs ...
[    1.116196] smpboot: x86: Booting SMP configuration:
[    1.116323] .... node  #0, CPUs:      #1
[    1.231217] smp: Brought up 1 node, 2 CPUs
[    1.231458] smpboot: Total of 2 processors activated (14433.50 BogoMIPS)
[    1.250630] Memory: 188108K/261624K available (21491K kernel code, 2942K rwdata, 16480K rodata, 4772K init, 5548K bss, 69452K reserved, 0K cma-reserved)
[    1.266881] devtmpfs: initialized
[    1.272183] x86/mm: Memory block size: 128MB
[    1.297497] posixtimers hash table entries: 1024 (order: 2, 16384 bytes, linear)
[    1.297497] futex hash table entries: 512 (32768 bytes on 1 NUMA nodes, total 32 KiB, linear).
[    1.307632] pinctrl core: initialized pinctrl subsystem
[    1.320184] PM: RTC time: 22:38:13, date: 2026-10-06
[    1.341464] NET: Registered PF_NETLINK/PF_ROUTE protocol family
[    1.348962] DMA: preallocated 128 KiB GFP_KERNEL pool for atomic allocations
[    1.349759] DMA: preallocated 128 KiB GFP_KERNEL|GFP_DMA pool for atomic allocations
[    1.350133] DMA: preallocated 128 KiB GFP_KERNEL|GFP_DMA32 pool for atomic allocations
[    1.350638] audit: initializing netlink subsys (disabled)
[    1.355092] audit: type=2000 audit(1791326292.806:1): state=initialized audit_enabled=0 res=1
[    1.363371] thermal_sys: Registered thermal governor 'fair_share'
[    1.363457] thermal_sys: Registered thermal governor 'bang_bang'
[    1.363479] thermal_sys: Registered thermal governor 'step_wise'
[    1.363486] thermal_sys: Registered thermal governor 'user_space'
[    1.363493] thermal_sys: Registered thermal governor 'power_allocator'
[    1.370081] cpuidle: using governor ladder
[    1.370286] cpuidle: using governor menu
[    1.371963] acpiphp: ACPI Hot Plug PCI Controller Driver version: 0.5
[    1.376932] PCI: Using configuration type 1 for base access
[    1.377878] mtrr: your CPUs had inconsistent fixed MTRR settings
[    1.377936] mtrr: your CPUs had inconsistent variable MTRR settings
[    1.377994] mtrr: your CPUs had inconsistent MTRRdefType settings
[    1.378009] mtrr: probably your BIOS does not setup all CPUs.
[    1.378022] mtrr: corrected configuration.
[    1.386980] kprobes: kprobe jump-optimization is enabled. All kprobes are optimized if possible.
[    1.537184] HugeTLB: registered 2.00 MiB page size, pre-allocated 0 pages
[    1.537265] HugeTLB: 28 KiB vmemmap can be freed for a 2.00 MiB page
[    1.574291] raid6: skipped pq benchmark and selected sse2x4
[    1.574454] raid6: using intx1 recovery algorithm
[    1.580314] ACPI: Added _OSI(Module Device)
[    1.580358] ACPI: Added _OSI(Processor Device)
[    1.580367] ACPI: Added _OSI(Processor Aggregator Device)
[    1.618217] ACPI: 1 ACPI AML tables successfully acquired and loaded
[    1.659875] ACPI: Interpreter enabled
[    1.661501] ACPI: PM: (supports S0 S3 S4 S5)
[    1.661570] ACPI: Using IOAPIC for interrupt routing
[    1.664155] PCI: Using host bridge windows from ACPI; if necessary, use "pci=nocrs" and report a bug
[    1.664355] PCI: Using E820 reservations for host bridge windows
[    1.668267] ACPI: Enabled 2 GPEs in block 00 to 0F
[    1.735055] ACPI: PCI Root Bridge [PCI0] (domain 0000 [bus 00-ff])
[    1.737236] acpi PNP0A03:00: _OSC: OS supports [ASPM ClockPM Segments MSI EDR HPX-Type3]
[    1.737446] acpi PNP0A03:00: _OSC: not requesting OS control; OS requires [ExtendedConfig ASPM ClockPM MSI]
[    1.738503] acpi PNP0A03:00: fail to add MMCONFIG information, can't access extended configuration space under this bridge
[    1.752363] acpiphp: Slot [3] registered
[    1.752566] acpiphp: Slot [4] registered
[    1.753394] acpiphp: Slot [5] registered
[    1.753509] acpiphp: Slot [6] registered
[    1.753595] acpiphp: Slot [7] registered
[    1.753672] acpiphp: Slot [8] registered
[    1.753740] acpiphp: Slot [9] registered
[    1.753810] acpiphp: Slot [10] registered
[    1.753878] acpiphp: Slot [11] registered
[    1.754013] acpiphp: Slot [12] registered
[    1.754116] acpiphp: Slot [13] registered
[    1.754192] acpiphp: Slot [14] registered
[    1.754261] acpiphp: Slot [15] registered
[    1.754337] acpiphp: Slot [16] registered
[    1.754427] acpiphp: Slot [17] registered
[    1.754523] acpiphp: Slot [18] registered
[    1.754632] acpiphp: Slot [19] registered
[    1.754799] acpiphp: Slot [20] registered
[    1.754926] acpiphp: Slot [21] registered
[    1.755048] acpiphp: Slot [22] registered
[    1.755174] acpiphp: Slot [23] registered
[    1.755286] acpiphp: Slot [24] registered
[    1.755390] acpiphp: Slot [25] registered
[    1.755534] acpiphp: Slot [26] registered
[    1.755848] acpiphp: Slot [27] registered
[    1.755958] acpiphp: Slot [28] registered
[    1.756063] acpiphp: Slot [29] registered
[    1.756190] acpiphp: Slot [30] registered
[    1.756302] acpiphp: Slot [31] registered
[    1.757069] PCI host bridge to bus 0000:00
[    1.757563] pci_bus 0000:00: root bus resource [io  0x0000-0x0cf7 window]
[    1.757802] pci_bus 0000:00: root bus resource [io  0x0d00-0xffff window]
[    1.757824] pci_bus 0000:00: root bus resource [mem 0x000a0000-0x000bffff window]
[    1.757899] pci_bus 0000:00: root bus resource [mem 0x10000000-0xfebfffff window]
[    1.757919] pci_bus 0000:00: root bus resource [mem 0x100000000-0x17fffffff window]
[    1.758155] pci_bus 0000:00: root bus resource [bus 00-ff]
[    1.761141] pci 0000:00:00.0: [8086:1237] type 00 class 0x060000 conventional PCI endpoint
[    1.771346] pci 0000:00:01.0: [8086:7000] type 00 class 0x060100 conventional PCI endpoint
[    1.772527] pci 0000:00:01.1: [8086:7010] type 00 class 0x010180 conventional PCI endpoint
[    1.773908] pci 0000:00:01.1: BAR 4 [io  0xc000-0xc00f]
[    1.774010] pci 0000:00:01.1: BAR 0 [io  0x01f0-0x01f7]: legacy IDE quirk
[    1.774041] pci 0000:00:01.1: BAR 1 [io  0x03f6]: legacy IDE quirk
[    1.774093] pci 0000:00:01.1: BAR 2 [io  0x0170-0x0177]: legacy IDE quirk
[    1.774127] pci 0000:00:01.1: BAR 3 [io  0x0376]: legacy IDE quirk
[    1.775134] pci 0000:00:01.3: [8086:7113] type 00 class 0x068000 conventional PCI endpoint
[    1.776354] pci 0000:00:01.3: quirk: [io  0x0600-0x063f] claimed by PIIX4 ACPI
[    1.776448] pci 0000:00:01.3: quirk: [io  0x0700-0x070f] claimed by PIIX4 SMB
[    1.777809] pci 0000:00:02.0: [1234:1111] type 00 class 0x030000 conventional PCI endpoint
[    1.779721] pci 0000:00:02.0: BAR 0 [mem 0xfd000000-0xfdffffff pref]
[    1.779833] pci 0000:00:02.0: BAR 2 [mem 0xfeb10000-0xfeb10fff]
[    1.780035] pci 0000:00:02.0: ROM [mem 0xfeb00000-0xfeb0ffff pref]
[    1.780613] pci 0000:00:02.0: Video device with shadowed ROM at [mem 0x000c0000-0x000dffff]
[    1.781863] pci 0000:00:03.0: [1234:11e8] type 00 class 0x00ff00 conventional PCI endpoint
[    1.783684] pci 0000:00:03.0: BAR 0 [mem 0xfe900000-0xfe9fffff]
[    1.798876] pci 0000:00:04.0: [1234:11e8] type 00 class 0x00ff00 conventional PCI endpoint
[    1.800069] pci 0000:00:04.0: BAR 0 [mem 0xfea00000-0xfeafffff]
[    1.821867] ACPI: PCI: Interrupt link LNKA configured for IRQ 10
[    1.822766] ACPI: PCI: Interrupt link LNKB configured for IRQ 10
[    1.823661] ACPI: PCI: Interrupt link LNKC configured for IRQ 11
[    1.824350] ACPI: PCI: Interrupt link LNKD configured for IRQ 11
[    1.824675] ACPI: PCI: Interrupt link LNKS configured for IRQ 9
[    1.833567] iommu: Default domain type: Translated
[    1.833613] iommu: DMA domain TLB invalidation policy: lazy mode
[    1.838019] SCSI subsystem initialized
[    1.844218] libata version 3.00 loaded.
[    1.844894] ACPI: bus type USB registered
[    1.845940] usbcore: registered new interface driver usbfs
[    1.846344] usbcore: registered new interface driver hub
[    1.846694] usbcore: registered new device driver usb
[    1.847908] EDAC MC: Ver: 3.0.0
[    1.870650] NetLabel: Initializing
[    1.870700] NetLabel:  domain hash size = 128
[    1.870718] NetLabel:  protocols = UNLABELED CIPSOv4 CALIPSO
[    1.871574] NetLabel:  unlabeled traffic allowed by default
[    1.871643] mctp: management component transport protocol core
[    1.871660] NET: Registered PF_MCTP protocol family
[    1.872527] PCI: Using ACPI for IRQ routing
[    1.872847] PCI: pci_cache_line_size set to 64 bytes
[    1.874168] e820: reserve RAM buffer [mem 0x0009fc00-0x0009ffff]
[    1.874429] e820: reserve RAM buffer [mem 0x0ffe0000-0x0fffffff]
[    1.880986] pci 0000:00:02.0: vgaarb: setting as boot VGA device
[    1.881159] pci 0000:00:02.0: vgaarb: bridge control possible
[    1.881275] pci 0000:00:02.0: vgaarb: VGA device added: decodes=io+mem,owns=io+mem,locks=none
[    1.883416] vgaarb: loaded
[    1.885622] hpet: 3 channels of 0 reserved for per-cpu timers
[    1.886213] hpet0: at MMIO 0xfed00000, IRQs 2, 8, 0
[    1.886448] hpet0: 3 comparators, 64-bit 100.000000 MHz counter
[    1.896647] clocksource: Switched to clocksource tsc-early
[    1.912406] VFS: Disk quotas dquot_6.6.0
[    1.912723] VFS: Dquot-cache hash table entries: 512 (order 0, 4096 bytes)
[    1.920710] pnp: PnP ACPI init
[    1.925845] pnp 00:02: [dma 2]
[    1.926588] ACPI: IRQ 4 override to edge(!), high(!)
[    1.929694] pnp: PnP ACPI: found 5 devices
[    1.985991] clocksource: acpi_pm: mask: 0xffffff max_cycles: 0xffffff, max_idle_ns: 2085701024 ns
[    1.988372] NET: Registered PF_INET protocol family
[    1.989543] IP idents hash table entries: 4096 (order: 3, 32768 bytes, linear)
[    2.111618] tcp_listen_portaddr_hash hash table entries: 256 (order: 0, 4096 bytes, linear)
[    2.111902] Table-perturb hash table entries: 65536 (order: 6, 262144 bytes, linear)
[    2.112083] TCP established hash table entries: 2048 (order: 2, 16384 bytes, linear)
[    2.112476] TCP bind hash table entries: 2048 (order: 4, 65536 bytes, linear)
[    2.112681] TCP: Hash tables configured (established 2048 bind 2048)
[    2.115529] MPTCP token hash table entries: 256 (order: 1, 6144 bytes, linear)
[    2.116271] UDP hash table entries: 256 (order: 2, 16384 bytes, linear)
[    2.116652] UDP-Lite hash table entries: 256 (order: 2, 16384 bytes, linear)
[    2.119739] NET: Registered PF_UNIX/PF_LOCAL protocol family
[    2.120558] NET: Registered PF_XDP protocol family
[    2.122201] pci_bus 0000:00: resource 4 [io  0x0000-0x0cf7 window]
[    2.122308] pci_bus 0000:00: resource 5 [io  0x0d00-0xffff window]
[    2.122333] pci_bus 0000:00: resource 6 [mem 0x000a0000-0x000bffff window]
[    2.122355] pci_bus 0000:00: resource 7 [mem 0x10000000-0xfebfffff window]
[    2.122374] pci_bus 0000:00: resource 8 [mem 0x100000000-0x17fffffff window]
[    2.123447] pci 0000:00:01.0: PIIX3: Enabling Passive Release
[    2.123649] pci 0000:00:00.0: Limiting direct PCI/PCI transfers
[    2.123817] PCI: CLS 0 bytes, default 64
[    2.134306] Trying to unpack rootfs image as initramfs...
[    2.272904] Freeing initrd memory: 1864K
[    2.319401] Initialise system trusted keyrings
[    2.321705] Key type blacklist registered
[    2.323763] workingset: timestamp_bits=36 max_order=16 bucket_order=0
[    2.342015] fuse: init (API version 7.45)
[    2.346569] integrity: Platform Keyring initialized
[    2.347045] integrity: Machine keyring initialized
[    2.439677] xor: measuring software checksum speed
[    2.445667]    prefetch64-sse  :   563 MB/sec
[    2.449407]    generic_sse     :   920 MB/sec
[    2.449525] xor: using function: generic_sse (920 MB/sec)
[    2.449591] Key type asymmetric registered
[    2.449821] Asymmetric key parser 'x509' registered
[    2.450388] Block layer SCSI generic (bsg) driver version 0.4 loaded (major 245)
[    2.451917] io scheduler mq-deadline registered
[    2.452033] io scheduler kyber registered
[    2.452391] io scheduler bfq registered
[    2.454325] ledtrig-cpu: registered to indicate activity on CPUs
[    2.462031] input: Power Button as /devices/LNXSYSTM:00/LNXPWRBN:00/input/input0
[    2.469664] ACPI: button: Power Button [PWRF]
[    2.479202] Serial: 8250/16550 driver, 32 ports, IRQ sharing enabled
[    2.485874] 00:04: ttyS0 at I/O 0x3f8 (irq = 4, base_baud = 115200) is a 16550A
[    2.530556] Non-volatile memory driver v1.3
[    2.530694] Linux agpgart interface v0.103
[    2.531921] ACPI: bus type drm_connector registered
[    2.546686] usbcore: registered new interface driver usbserial_generic
[    2.547105] usbserial: USB Serial support registered for generic
[    2.548835] i8042: PNP: PS/2 Controller [PNP0303:KBD,PNP0f13:MOU] at 0x60,0x64 irq 1,12
[    2.553994] serio: i8042 KBD port at 0x60,0x64 irq 1
[    2.554458] serio: i8042 AUX port at 0x60,0x64 irq 12
[    2.562122] rtc_cmos PNP0B00:00: RTC can wake from S4
[    2.565367] input: AT Translated Set 2 keyboard as /devices/platform/i8042/serio0/input/input2
[    2.569680] rtc_cmos PNP0B00:00: registered as rtc0
[    2.570605] rtc_cmos PNP0B00:00: setting system clock to 2026-10-06T22:38:14 UTC (1791326294)
[    2.573310] rtc_cmos PNP0B00:00: alarms up to one day, y3k, 242 bytes nvram, hpet irqs
[    2.575147] amd_pstate: the _CPC object is not present in SBIOS or ACPI disabled
[    2.577295] hid: raw HID events driver (C) Jiri Kosina
[    2.578197] usbcore: registered new interface driver usbhid
[    2.578239] usbhid: USB HID core driver
[    2.579023] rust_binder: Loaded Rust Binder.
[    2.579834] drop_monitor: Initializing network drop monitor service
[    2.583034] NET: Registered PF_INET6 protocol family
[    2.599569] Segment Routing with IPv6
[    2.599679] RPL Segment Routing with IPv6
[    2.600047] In-situ OAM (IOAM) with IPv6
[    2.601040] NET: Registered PF_PACKET protocol family
[    2.606878] IPI shorthand broadcast: enabled
[    2.643447] sched_clock: Marking stable (2596929465, 44455430)->(2648087199, -6702304)
[    2.649726] registered taskstats version 1
[    2.655764] Loading compiled-in X.509 certificates
[    2.712327] Loaded X.509 cert 'Build time autogenerated kernel key: 9b3ca40beb61592ff2002bcdd6eb2f358ffcd8a5'
[    2.760249] zswap: loaded using pool zstd
[    2.765378] Demotion targets for Node 0: null
[    2.770720] Key type .fscrypt registered
[    2.770802] Key type fscrypt-provisioning registered
[    2.778460] Btrfs loaded, zoned=yes, fsverity=yes
[    2.780184] Key type big_key registered
[    2.789201] PM:   Magic number: 14:391:653
[    2.789570] vc vcsu1: hash matches
[    2.799210] RAS: Correctable Errors collector initialized.
[    2.842833] clk: Disabling unused clocks
[    2.843444] PM: genpd: Disabling unused power domains
[    2.877699] Freeing unused decrypted memory: 2028K
[    3.004291] Freeing unused kernel image (initmem) memory: 4772K
[    3.005570] Write protecting the kernel read-only data: 40960k
[    3.009203] Freeing unused kernel image (text/rodata gap) memory: 1036K
[    3.011806] Freeing unused kernel image (rodata/data gap) memory: 1952K
[    3.225179] x86/mm: Checked W+X mappings: passed, no W+X pages found.
[    3.226821] rodata_test: all tests were successful
[    3.228197] tsc: Refined TSC clocksource calibration: 3600.018 MHz
[    3.228288] Run /init as init process
[    3.228690]   with arguments:
[    3.228778]     /init
[    3.228821]   with environment:
[    3.228849]     HOME=/
[    3.228849] clocksource: tsc: mask: 0xffffffffffffffff max_cycles: 0x33e464bbc4f, max_idle_ns: 440795305529 ns
[    3.228875]     TERM=linux
[    3.228887]     lab_test=all
[    3.229258] clocksource: Switched to clocksource tsc
[    3.547320] edu_lab: loading out-of-tree module taints kernel.
[    3.547660] edu_lab: module verification failed: signature and/or required key missing - tainting kernel
[    3.607785] ACPI: \_SB_.LNKC: Enabled at IRQ 11
[    3.619745] edu_lab 0000:00:03.0: probe with driver edu_lab failed with error -5
[    3.632149] ACPI: \_SB_.LNKD: Enabled at IRQ 10
[    3.640555] edu_lab 0000:00:04.0: probe with driver edu_lab failed with error -5
[    3.784271] edu_lab 0000:00:03.0: probe with driver edu_lab failed with error -5
[    3.807841] edu_lab 0000:00:04.0: probe with driver edu_lab failed with error -5
[    3.919507] edu_lab 0000:00:03.0: EDU ready, id=010000ed
[    3.919855] edu_lab 0000:00:04.0: probe with driver edu_lab failed with error -16
[    6.210180] edu_lab 0000:00:03.0: EDU released
[    6.306662] edu_lab 0000:00:03.0: EDU ready, id=010000ed
[    6.307042] edu_lab 0000:00:04.0: probe with driver edu_lab failed with error -16
[    7.354161] edu_lab 0000:00:03.0: EDU released
[    7.450088] edu_lab 0000:00:04.0: EDU ready, id=010000ed
[    7.482167] edu_lab 0000:00:04.0: EDU released
LAB PASS all
[    7.662308] reboot: Power down
