Linux archlinux 6.18.55-1-lts #1 SMP PREEMPT_DYNAMIC Sat, 03 Oct 2026 15:08:01 +0000 x86_64 GNU/Linux
EDU discovered: 0000:00:03.0
EDU discovered: 0000:00:04.0
[    3.090522] edu_lab 0000:00:03.0: probe with driver edu_lab failed with error -5
[    3.115702] edu_lab 0000:00:04.0: probe with driver edu_lab failed with error -5
[    3.252026] edu_lab 0000:00:03.0: probe with driver edu_lab failed with error -5
[    3.278949] edu_lab 0000:00:04.0: probe with driver edu_lab failed with error -5
[    3.395316] edu_lab 0000:00:04.0: probe with driver edu_lab failed with error -16
LIVE feedbeef -> 01124110 verified
PASS timeout (1009 ms), quarantine, late completion and exact-result recovery
PASS signal interruption followed by recovery
device closed
[    4.660492] edu_lab 0000:00:04.0: probe with driver edu_lab failed with error -16
LIVE deadbeef -> 21524110 verified
device closed
FACTORIAL 12 -> 479001600 verified
device closed
[    0.000000] Linux version 6.18.55-1-lts (linux-lts@archlinux) (gcc (GCC) 16.2.1 20260810, GNU ld (GNU Binutils) 2.47) #1 SMP PREEMPT_DYNAMIC Sat, 03 Oct 2026 15:08:01 +0000
[    0.000000] Command line: console=ttyS0 panic=-1 lab_test=recovery
[    0.000000] BIOS-provided physical RAM map:
[    0.000000] BIOS-e820: [mem 0x0000000000000000-0x000000000009fbff] usable
[    0.000000] BIOS-e820: [mem 0x000000000009fc00-0x000000000009ffff] reserved
[    0.000000] BIOS-e820: [mem 0x00000000000f0000-0x00000000000fffff] reserved
[    0.000000] BIOS-e820: [mem 0x0000000000100000-0x000000000ffdffff] usable
[    0.000000] BIOS-e820: [mem 0x000000000ffe0000-0x000000000fffffff] reserved
[    0.000000] BIOS-e820: [mem 0x00000000fffc0000-0x00000000ffffffff] reserved
[    0.000000] BIOS-e820: [mem 0x000000fd00000000-0x000000ffffffffff] reserved
[    0.000000] NX (Execute Disable) protection: active
[    0.000000] APIC: Static calls initialized
[    0.000000] SMBIOS 2.8 present.
[    0.000000] DMI: QEMU Standard PC (i440FX + PIIX, 1996), BIOS Arch Linux 1.17.0-2-2 04/01/2014
[    0.000000] DMI: Memory slots populated: 1/1
[    0.000000] tsc: Fast TSC calibration failed
[    0.000000] e820: update [mem 0x00000000-0x00000fff] usable ==> reserved
[    0.000000] e820: remove [mem 0x000a0000-0x000fffff] usable
[    0.000000] last_pfn = 0xffe0 max_arch_pfn = 0x400000000
[    0.000000] MTRR map: 4 entries (3 fixed + 1 variable; max 19), built from 8 variable MTRRs
[    0.000000] x86/PAT: Configuration [0-7]: WB  WC  UC- UC  WB  WP  UC- WT  
[    0.000000] found SMP MP-table at [mem 0x000f66b0-0x000f66bf]
[    0.000000] RAMDISK: [mem 0x0fe0e000-0x0ffdffff]
[    0.000000] ACPI: Early table checksum verification disabled
[    0.000000] ACPI: RSDP 0x00000000000F64E0 000014 (v00 BOCHS )
[    0.000000] ACPI: RSDT 0x000000000FFE238A 000034 (v01 BOCHS  BXPC     00000001 BXPC 00000001)
[    0.000000] ACPI: FACP 0x000000000FFE2236 000074 (v01 BOCHS  BXPC     00000001 BXPC 00000001)
[    0.000000] ACPI: DSDT 0x000000000FFE0040 0021F6 (v01 BOCHS  BXPC     00000001 BXPC 00000001)
[    0.000000] ACPI: FACS 0x000000000FFE0000 000040
[    0.000000] ACPI: APIC 0x000000000FFE22AA 000080 (v03 BOCHS  BXPC     00000001 BXPC 00000001)
[    0.000000] ACPI: HPET 0x000000000FFE232A 000038 (v01 BOCHS  BXPC     00000001 BXPC 00000001)
[    0.000000] ACPI: WAET 0x000000000FFE2362 000028 (v01 BOCHS  BXPC     00000001 BXPC 00000001)
[    0.000000] ACPI: Reserving FACP table memory at [mem 0xffe2236-0xffe22a9]
[    0.000000] ACPI: Reserving DSDT table memory at [mem 0xffe0040-0xffe2235]
[    0.000000] ACPI: Reserving FACS table memory at [mem 0xffe0000-0xffe003f]
[    0.000000] ACPI: Reserving APIC table memory at [mem 0xffe22aa-0xffe2329]
[    0.000000] ACPI: Reserving HPET table memory at [mem 0xffe232a-0xffe2361]
[    0.000000] ACPI: Reserving WAET table memory at [mem 0xffe2362-0xffe2389]
[    0.000000] No NUMA configuration found
[    0.000000] Faking a node at [mem 0x0000000000000000-0x000000000ffdffff]
[    0.000000] NODE_DATA(0) allocated [mem 0x0fde3280-0x0fe0dfff]
[    0.000000] Zone ranges:
[    0.000000]   DMA      [mem 0x0000000000001000-0x0000000000ffffff]
[    0.000000]   DMA32    [mem 0x0000000001000000-0x000000000ffdffff]
[    0.000000]   Normal   empty
[    0.000000]   Device   empty
[    0.000000] Movable zone start for each node
[    0.000000] Early memory node ranges
[    0.000000]   node   0: [mem 0x0000000000001000-0x000000000009efff]
[    0.000000]   node   0: [mem 0x0000000000100000-0x000000000ffdffff]
[    0.000000] Initmem setup node 0 [mem 0x0000000000001000-0x000000000ffdffff]
[    0.000000] On node 0, zone DMA: 1 pages in unavailable ranges
[    0.000000] On node 0, zone DMA: 97 pages in unavailable ranges
[    0.000000] On node 0, zone DMA32: 32 pages in unavailable ranges
[    0.000000] ACPI: PM-Timer IO Port: 0x608
[    0.000000] ACPI: LAPIC_NMI (acpi_id[0xff] dfl dfl lint[0x1])
[    0.000000] IOAPIC[0]: apic_id 0, version 32, address 0xfec00000, GSI 0-23
[    0.000000] ACPI: INT_SRC_OVR (bus 0 bus_irq 0 global_irq 2 dfl dfl)
[    0.000000] ACPI: INT_SRC_OVR (bus 0 bus_irq 5 global_irq 5 high level)
[    0.000000] ACPI: INT_SRC_OVR (bus 0 bus_irq 9 global_irq 9 high level)
[    0.000000] ACPI: INT_SRC_OVR (bus 0 bus_irq 10 global_irq 10 high level)
[    0.000000] ACPI: INT_SRC_OVR (bus 0 bus_irq 11 global_irq 11 high level)
[    0.000000] ACPI: Using ACPI (MADT) for SMP configuration information
[    0.000000] ACPI: HPET id: 0x8086a201 base: 0xfed00000
[    0.000000] CPU topo: Max. logical packages:   1
[    0.000000] CPU topo: Max. logical dies:       1
[    0.000000] CPU topo: Max. dies per package:   1
[    0.000000] CPU topo: Max. threads per core:   1
[    0.000000] CPU topo: Num. cores per package:     2
[    0.000000] CPU topo: Num. threads per package:   2
[    0.000000] CPU topo: Allowing 2 present CPUs plus 0 hotplug CPUs
[    0.000000] PM: hibernation: Registered nosave memory: [mem 0x00000000-0x00000fff]
[    0.000000] PM: hibernation: Registered nosave memory: [mem 0x0009f000-0x000fffff]
[    0.000000] [mem 0x10000000-0xfffbffff] available for PCI devices
[    0.000000] Booting paravirtualized kernel on bare hardware
[    0.000000] clocksource: refined-jiffies: mask: 0xffffffff max_cycles: 0xffffffff, max_idle_ns: 6370452778343963 ns
[    0.000000] setup_percpu: NR_CPUS:8192 nr_cpumask_bits:2 nr_cpu_ids:2 nr_node_ids:1
[    0.000000] percpu: Embedded 63 pages/cpu s221184 r8192 d28672 u1048576
[    0.000000] pcpu-alloc: s221184 r8192 d28672 u1048576 alloc=1*2097152
[    0.000000] pcpu-alloc: [0] 0 1 
[    0.000000] Kernel command line: console=ttyS0 panic=-1 lab_test=recovery
[    0.000000] Unknown kernel command line parameters "lab_test=recovery", will be passed to user space.
[    0.000000] printk: log buffer data + meta data: 131072 + 458752 = 589824 bytes
[    0.000000] Dentry cache hash table entries: 32768 (order: 6, 262144 bytes, linear)
[    0.000000] Inode-cache hash table entries: 16384 (order: 5, 131072 bytes, linear)
[    0.000000] Fallback order for Node 0: 0 
[    0.000000] Built 1 zonelists, mobility grouping on.  Total pages: 65406
[    0.000000] Policy zone: DMA32
[    0.000000] mem auto-init: stack:all(zero), heap alloc:on, heap free:off
[    0.000000] SLUB: HWalign=64, Order=0-3, MinObjects=0, CPUs=2, Nodes=1
[    0.000000] ftrace: allocating 57352 entries in 226 pages
[    0.000000] ftrace: allocated 226 pages with 4 groups
[    0.000000] Dynamic Preempt: voluntary
[    0.000000] rcu: Preemptible hierarchical RCU implementation.
[    0.000000] rcu: 	RCU restricting CPUs from NR_CPUS=8192 to nr_cpu_ids=2.
[    0.000000] rcu: 	RCU priority boosting: priority 1 delay 500 ms.
[    0.000000] 	Trampoline variant of Tasks RCU enabled.
[    0.000000] 	Rude variant of Tasks RCU enabled.
[    0.000000] 	Tracing variant of Tasks RCU enabled.
[    0.000000] rcu: RCU calculated value of scheduler-enlistment delay is 30 jiffies.
[    0.000000] rcu: Adjusting geometry for rcu_fanout_leaf=16, nr_cpu_ids=2
[    0.000000] RCU Tasks: Setting shift to 1 and lim to 1 rcu_task_cb_adjust=1 rcu_task_cpu_ids=2.
[    0.000000] RCU Tasks Rude: Setting shift to 1 and lim to 1 rcu_task_cb_adjust=1 rcu_task_cpu_ids=2.
[    0.000000] RCU Tasks Trace: Setting shift to 1 and lim to 1 rcu_task_cb_adjust=1 rcu_task_cpu_ids=2.
[    0.000000] NR_IRQS: 524544, nr_irqs: 440, preallocated irqs: 16
[    0.000000] rcu: srcu_init: Setting srcu_struct sizes based on contention.
[    0.000000] clocksource: jiffies: mask: 0xffffffff max_cycles: 0xffffffff, max_idle_ns: 6370867519511994 ns
[    0.000000] kfence: initialized - using 2097152 bytes for 255 objects at 0x(____ptrval____)-0x(____ptrval____)
[    0.000000] Console: colour VGA+ 80x25
[    0.000000] printk: legacy console [ttyS0] enabled
[    0.000000] ACPI: Core revision 20250807
[    0.000000] clocksource: hpet: mask: 0xffffffff max_cycles: 0xffffffff, max_idle_ns: 19112604467 ns
[    0.006666] APIC: Switch to symmetric I/O mode setup
[    0.013333] ..TIMER: vector=0x30 apic1=0 pin1=2 apic2=-1 pin2=-1
[    0.039999] tsc: Unable to calibrate against PIT
[    0.039999] tsc: using HPET reference calibration
[    0.039999] tsc: Detected 3600.018 MHz processor
[    0.000776] clocksource: tsc-early: mask: 0xffffffffffffffff max_cycles: 0x33e464bbc4f, max_idle_ns: 440795305529 ns
[    0.002077] Calibrating delay loop (skipped), value calculated using timer frequency.. 7202.03 BogoMIPS (lpj=12000060)
[    0.009312] Last level iTLB entries: 4KB 512, 2MB 255, 4MB 127
[    0.009393] Last level dTLB entries: 4KB 512, 2MB 255, 4MB 127, 1GB 0
[    0.009919] mitigations: Enabled attack vectors: user_kernel, user_user, guest_host, guest_guest, SMT mitigations: auto
[    0.010563] Spectre V2 : Mitigation: Retpolines
[    0.010799] Spectre V1 : Mitigation: usercopy/swapgs barriers and __user pointer sanitization
[    0.011339] Spectre V2 : Spectre v2 / SpectreRSB: Filling RSB on context switch and VMEXIT
[    0.012992] x86/fpu: x87 FPU will use FXSAVE
[    0.272668] Freeing SMP alternatives memory: 56K
[    0.275165] pid_max: default: 32768 minimum: 301
[    0.296505] LSM: initializing lsm=capability,landlock,lockdown,yama,bpf
[    0.304212] landlock: Up and running.
[    0.304306] Yama: becoming mindful.
[    0.305870] LSM support for eBPF active
[    0.312039] Mount-cache hash table entries: 512 (order: 0, 4096 bytes, linear)
[    0.312201] Mountpoint-cache hash table entries: 512 (order: 0, 4096 bytes, linear)
[    0.487733] smpboot: CPU0: AMD QEMU Virtual CPU version 2.5+ (family: 0xf, model: 0x6b, stepping: 0x1)
[    0.504607] Performance Events: PMU not available due to virtualization, using software events only.
[    0.506219] signal: max sigframe size: 1440
[    0.509963] rcu: Hierarchical SRCU implementation.
[    0.510024] rcu: 	Max phase no-delay instances is 1000.
[    0.516143] Timer migration: 1 hierarchy levels; 8 children per group; 1 crossnode level
[    0.525265] NMI watchdog: Perf NMI watchdog permanently disabled
[    0.532136] smp: Bringing up secondary CPUs ...
[    0.542812] smpboot: x86: Booting SMP configuration:
[    0.542886] .... node  #0, CPUs:      #1
[    0.658926] smp: Brought up 1 node, 2 CPUs
[    0.659118] smpboot: Total of 2 processors activated (14383.61 BogoMIPS)
[    0.671152] Memory: 188160K/261624K available (21491K kernel code, 2942K rwdata, 16480K rodata, 4772K init, 5548K bss, 69452K reserved, 0K cma-reserved)
[    0.687860] devtmpfs: initialized
[    0.693786] x86/mm: Memory block size: 128MB
[    0.718416] posixtimers hash table entries: 1024 (order: 2, 16384 bytes, linear)
[    0.718604] futex hash table entries: 512 (32768 bytes on 1 NUMA nodes, total 32 KiB, linear).
[    0.728621] pinctrl core: initialized pinctrl subsystem
[    0.738750] PM: RTC time: 23:01:18, date: 2026-10-06
[    0.763567] NET: Registered PF_NETLINK/PF_ROUTE protocol family
[    0.771628] DMA: preallocated 128 KiB GFP_KERNEL pool for atomic allocations
[    0.773390] DMA: preallocated 128 KiB GFP_KERNEL|GFP_DMA pool for atomic allocations
[    0.773793] DMA: preallocated 128 KiB GFP_KERNEL|GFP_DMA32 pool for atomic allocations
[    0.774136] audit: initializing netlink subsys (disabled)
[    0.781470] audit: type=2000 audit(1791327677.816:1): state=initialized audit_enabled=0 res=1
[    0.787037] thermal_sys: Registered thermal governor 'fair_share'
[    0.787121] thermal_sys: Registered thermal governor 'bang_bang'
[    0.787149] thermal_sys: Registered thermal governor 'step_wise'
[    0.787161] thermal_sys: Registered thermal governor 'user_space'
[    0.787170] thermal_sys: Registered thermal governor 'power_allocator'
[    0.788073] cpuidle: using governor ladder
[    0.791160] cpuidle: using governor menu
[    0.792924] acpiphp: ACPI Hot Plug PCI Controller Driver version: 0.5
[    0.801011] PCI: Using configuration type 1 for base access
[    0.801940] mtrr: your CPUs had inconsistent fixed MTRR settings
[    0.801978] mtrr: your CPUs had inconsistent variable MTRR settings
[    0.802004] mtrr: your CPUs had inconsistent MTRRdefType settings
[    0.802020] mtrr: probably your BIOS does not setup all CPUs.
[    0.802036] mtrr: corrected configuration.
[    0.806446] kprobes: kprobe jump-optimization is enabled. All kprobes are optimized if possible.
[    0.932911] HugeTLB: registered 2.00 MiB page size, pre-allocated 0 pages
[    0.933020] HugeTLB: 28 KiB vmemmap can be freed for a 2.00 MiB page
[    0.968180] raid6: skipped pq benchmark and selected sse2x4
[    0.968394] raid6: using intx1 recovery algorithm
[    0.980495] ACPI: Added _OSI(Module Device)
[    0.980563] ACPI: Added _OSI(Processor Device)
[    0.980574] ACPI: Added _OSI(Processor Aggregator Device)
[    1.016107] ACPI: 1 ACPI AML tables successfully acquired and loaded
[    1.048473] ACPI: Interpreter enabled
[    1.051732] ACPI: PM: (supports S0 S3 S4 S5)
[    1.051817] ACPI: Using IOAPIC for interrupt routing
[    1.055884] PCI: Using host bridge windows from ACPI; if necessary, use "pci=nocrs" and report a bug
[    1.055994] PCI: Using E820 reservations for host bridge windows
[    1.059440] ACPI: Enabled 2 GPEs in block 00 to 0F
[    1.123973] ACPI: PCI Root Bridge [PCI0] (domain 0000 [bus 00-ff])
[    1.125374] acpi PNP0A03:00: _OSC: OS supports [ASPM ClockPM Segments MSI EDR HPX-Type3]
[    1.125642] acpi PNP0A03:00: _OSC: not requesting OS control; OS requires [ExtendedConfig ASPM ClockPM MSI]
[    1.127062] acpi PNP0A03:00: fail to add MMCONFIG information, can't access extended configuration space under this bridge
[    1.139065] acpiphp: Slot [3] registered
[    1.139479] acpiphp: Slot [4] registered
[    1.139609] acpiphp: Slot [5] registered
[    1.139756] acpiphp: Slot [6] registered
[    1.139874] acpiphp: Slot [7] registered
[    1.140066] acpiphp: Slot [8] registered
[    1.140357] acpiphp: Slot [9] registered
[    1.140503] acpiphp: Slot [10] registered
[    1.140575] acpiphp: Slot [11] registered
[    1.140648] acpiphp: Slot [12] registered
[    1.140717] acpiphp: Slot [13] registered
[    1.140789] acpiphp: Slot [14] registered
[    1.141154] acpiphp: Slot [15] registered
[    1.141296] acpiphp: Slot [16] registered
[    1.141377] acpiphp: Slot [17] registered
[    1.141464] acpiphp: Slot [18] registered
[    1.141536] acpiphp: Slot [19] registered
[    1.141647] acpiphp: Slot [20] registered
[    1.141738] acpiphp: Slot [21] registered
[    1.141818] acpiphp: Slot [22] registered
[    1.141936] acpiphp: Slot [23] registered
[    1.142027] acpiphp: Slot [24] registered
[    1.142154] acpiphp: Slot [25] registered
[    1.142235] acpiphp: Slot [26] registered
[    1.142305] acpiphp: Slot [27] registered
[    1.142443] acpiphp: Slot [28] registered
[    1.142563] acpiphp: Slot [29] registered
[    1.142644] acpiphp: Slot [30] registered
[    1.142733] acpiphp: Slot [31] registered
[    1.143181] PCI host bridge to bus 0000:00
[    1.143564] pci_bus 0000:00: root bus resource [io  0x0000-0x0cf7 window]
[    1.143720] pci_bus 0000:00: root bus resource [io  0x0d00-0xffff window]
[    1.143733] pci_bus 0000:00: root bus resource [mem 0x000a0000-0x000bffff window]
[    1.143779] pci_bus 0000:00: root bus resource [mem 0x10000000-0xfebfffff window]
[    1.143791] pci_bus 0000:00: root bus resource [mem 0x100000000-0x17fffffff window]
[    1.143961] pci_bus 0000:00: root bus resource [bus 00-ff]
[    1.147392] pci 0000:00:00.0: [8086:1237] type 00 class 0x060000 conventional PCI endpoint
[    1.154652] pci 0000:00:01.0: [8086:7000] type 00 class 0x060100 conventional PCI endpoint
[    1.155786] pci 0000:00:01.1: [8086:7010] type 00 class 0x010180 conventional PCI endpoint
[    1.157387] pci 0000:00:01.1: BAR 4 [io  0xc000-0xc00f]
[    1.157831] pci 0000:00:01.1: BAR 0 [io  0x01f0-0x01f7]: legacy IDE quirk
[    1.157904] pci 0000:00:01.1: BAR 1 [io  0x03f6]: legacy IDE quirk
[    1.158008] pci 0000:00:01.1: BAR 2 [io  0x0170-0x0177]: legacy IDE quirk
[    1.158063] pci 0000:00:01.1: BAR 3 [io  0x0376]: legacy IDE quirk
[    1.160166] pci 0000:00:01.3: [8086:7113] type 00 class 0x068000 conventional PCI endpoint
[    1.161408] pci 0000:00:01.3: quirk: [io  0x0600-0x063f] claimed by PIIX4 ACPI
[    1.161541] pci 0000:00:01.3: quirk: [io  0x0700-0x070f] claimed by PIIX4 SMB
[    1.163346] pci 0000:00:02.0: [1234:1111] type 00 class 0x030000 conventional PCI endpoint
[    1.164515] pci 0000:00:02.0: BAR 0 [mem 0xfd000000-0xfdffffff pref]
[    1.164630] pci 0000:00:02.0: BAR 2 [mem 0xfeb10000-0xfeb10fff]
[    1.164652] pci 0000:00:02.0: ROM [mem 0xfeb00000-0xfeb0ffff pref]
[    1.165149] pci 0000:00:02.0: Video device with shadowed ROM at [mem 0x000c0000-0x000dffff]
[    1.166681] pci 0000:00:03.0: [1234:11e8] type 00 class 0x00ff00 conventional PCI endpoint
[    1.167837] pci 0000:00:03.0: BAR 0 [mem 0xfe900000-0xfe9fffff]
[    1.183046] pci 0000:00:04.0: [1234:11e8] type 00 class 0x00ff00 conventional PCI endpoint
[    1.184011] pci 0000:00:04.0: BAR 0 [mem 0xfea00000-0xfeafffff]
[    1.204339] ACPI: PCI: Interrupt link LNKA configured for IRQ 10
[    1.205403] ACPI: PCI: Interrupt link LNKB configured for IRQ 10
[    1.205998] ACPI: PCI: Interrupt link LNKC configured for IRQ 11
[    1.206694] ACPI: PCI: Interrupt link LNKD configured for IRQ 11
[    1.206957] ACPI: PCI: Interrupt link LNKS configured for IRQ 9
[    1.214419] iommu: Default domain type: Translated
[    1.214419] iommu: DMA domain TLB invalidation policy: lazy mode
[    1.218687] SCSI subsystem initialized
[    1.221938] libata version 3.00 loaded.
[    1.222555] ACPI: bus type USB registered
[    1.224652] usbcore: registered new interface driver usbfs
[    1.225147] usbcore: registered new interface driver hub
[    1.225317] usbcore: registered new device driver usb
[    1.226526] EDAC MC: Ver: 3.0.0
[    1.248074] NetLabel: Initializing
[    1.248182] NetLabel:  domain hash size = 128
[    1.248217] NetLabel:  protocols = UNLABELED CIPSOv4 CALIPSO
[    1.249403] NetLabel:  unlabeled traffic allowed by default
[    1.249497] mctp: management component transport protocol core
[    1.249515] NET: Registered PF_MCTP protocol family
[    1.250508] PCI: Using ACPI for IRQ routing
[    1.250864] PCI: pci_cache_line_size set to 64 bytes
[    1.251910] e820: reserve RAM buffer [mem 0x0009fc00-0x0009ffff]
[    1.252205] e820: reserve RAM buffer [mem 0x0ffe0000-0x0fffffff]
[    1.261720] pci 0000:00:02.0: vgaarb: setting as boot VGA device
[    1.261846] pci 0000:00:02.0: vgaarb: bridge control possible
[    1.261918] pci 0000:00:02.0: vgaarb: VGA device added: decodes=io+mem,owns=io+mem,locks=none
[    1.261970] vgaarb: loaded
[    1.265910] hpet: 3 channels of 0 reserved for per-cpu timers
[    1.265910] hpet0: at MMIO 0xfed00000, IRQs 2, 8, 0
[    1.265910] hpet0: 3 comparators, 64-bit 100.000000 MHz counter
[    1.271462] clocksource: Switched to clocksource tsc-early
[    1.278663] VFS: Disk quotas dquot_6.6.0
[    1.278974] VFS: Dquot-cache hash table entries: 512 (order 0, 4096 bytes)
[    1.285809] pnp: PnP ACPI init
[    1.289221] pnp 00:02: [dma 2]
[    1.290044] ACPI: IRQ 4 override to edge(!), high(!)
[    1.292698] pnp: PnP ACPI: found 5 devices
[    1.366503] clocksource: acpi_pm: mask: 0xffffff max_cycles: 0xffffff, max_idle_ns: 2085701024 ns
[    1.370232] NET: Registered PF_INET protocol family
[    1.371800] IP idents hash table entries: 4096 (order: 3, 32768 bytes, linear)
[    1.483417] tcp_listen_portaddr_hash hash table entries: 256 (order: 0, 4096 bytes, linear)
[    1.489082] Table-perturb hash table entries: 65536 (order: 6, 262144 bytes, linear)
[    1.489320] TCP established hash table entries: 2048 (order: 2, 16384 bytes, linear)
[    1.489587] TCP bind hash table entries: 2048 (order: 4, 65536 bytes, linear)
[    1.489729] TCP: Hash tables configured (established 2048 bind 2048)
[    1.496899] MPTCP token hash table entries: 256 (order: 1, 6144 bytes, linear)
[    1.497846] UDP hash table entries: 256 (order: 2, 16384 bytes, linear)
[    1.498497] UDP-Lite hash table entries: 256 (order: 2, 16384 bytes, linear)
[    1.500728] NET: Registered PF_UNIX/PF_LOCAL protocol family
[    1.501340] NET: Registered PF_XDP protocol family
[    1.502618] pci_bus 0000:00: resource 4 [io  0x0000-0x0cf7 window]
[    1.502672] pci_bus 0000:00: resource 5 [io  0x0d00-0xffff window]
[    1.502686] pci_bus 0000:00: resource 6 [mem 0x000a0000-0x000bffff window]
[    1.502699] pci_bus 0000:00: resource 7 [mem 0x10000000-0xfebfffff window]
[    1.502710] pci_bus 0000:00: resource 8 [mem 0x100000000-0x17fffffff window]
[    1.503333] pci 0000:00:01.0: PIIX3: Enabling Passive Release
[    1.503457] pci 0000:00:00.0: Limiting direct PCI/PCI transfers
[    1.503604] PCI: CLS 0 bytes, default 64
[    1.511590] Trying to unpack rootfs image as initramfs...
[    1.626821] Freeing initrd memory: 1864K
[    1.666505] Initialise system trusted keyrings
[    1.669092] Key type blacklist registered
[    1.671073] workingset: timestamp_bits=36 max_order=16 bucket_order=0
[    1.685826] fuse: init (API version 7.45)
[    1.690643] integrity: Platform Keyring initialized
[    1.691039] integrity: Machine keyring initialized
[    1.783869] xor: measuring software checksum speed
[    1.788634]    prefetch64-sse  :   751 MB/sec
[    1.792546]    generic_sse     :   886 MB/sec
[    1.792659] xor: using function: generic_sse (886 MB/sec)
[    1.792717] Key type asymmetric registered
[    1.792915] Asymmetric key parser 'x509' registered
[    1.793656] Block layer SCSI generic (bsg) driver version 0.4 loaded (major 245)
[    1.795780] io scheduler mq-deadline registered
[    1.795911] io scheduler kyber registered
[    1.796250] io scheduler bfq registered
[    1.798298] ledtrig-cpu: registered to indicate activity on CPUs
[    1.803416] input: Power Button as /devices/LNXSYSTM:00/LNXPWRBN:00/input/input0
[    1.810185] ACPI: button: Power Button [PWRF]
[    1.820905] Serial: 8250/16550 driver, 32 ports, IRQ sharing enabled
[    1.827456] 00:04: ttyS0 at I/O 0x3f8 (irq = 4, base_baud = 115200) is a 16550A
[    1.881817] Non-volatile memory driver v1.3
[    1.881931] Linux agpgart interface v0.103
[    1.883041] ACPI: bus type drm_connector registered
[    1.902934] usbcore: registered new interface driver usbserial_generic
[    1.903541] usbserial: USB Serial support registered for generic
[    1.906140] i8042: PNP: PS/2 Controller [PNP0303:KBD,PNP0f13:MOU] at 0x60,0x64 irq 1,12
[    1.912111] serio: i8042 KBD port at 0x60,0x64 irq 1
[    1.912682] serio: i8042 AUX port at 0x60,0x64 irq 12
[    1.920153] rtc_cmos PNP0B00:00: RTC can wake from S4
[    1.923681] input: AT Translated Set 2 keyboard as /devices/platform/i8042/serio0/input/input1
[    1.929932] rtc_cmos PNP0B00:00: registered as rtc0
[    1.930896] rtc_cmos PNP0B00:00: setting system clock to 2026-10-06T23:01:19 UTC (1791327679)
[    1.933364] rtc_cmos PNP0B00:00: alarms up to one day, y3k, 242 bytes nvram, hpet irqs
[    1.934740] amd_pstate: the _CPC object is not present in SBIOS or ACPI disabled
[    1.937219] hid: raw HID events driver (C) Jiri Kosina
[    1.938498] usbcore: registered new interface driver usbhid
[    1.938550] usbhid: USB HID core driver
[    1.939171] rust_binder: Loaded Rust Binder.
[    1.939903] drop_monitor: Initializing network drop monitor service
[    1.942820] NET: Registered PF_INET6 protocol family
[    1.957058] Segment Routing with IPv6
[    1.957167] RPL Segment Routing with IPv6
[    1.957471] In-situ OAM (IOAM) with IPv6
[    1.958550] NET: Registered PF_PACKET protocol family
[    1.964966] IPI shorthand broadcast: enabled
[    2.004064] sched_clock: Marking stable (2040160229, -38932945)->(2003891273, -2663989)
[    2.009959] registered taskstats version 1
[    2.016079] Loading compiled-in X.509 certificates
[    2.075793] Loaded X.509 cert 'Build time autogenerated kernel key: 9b3ca40beb61592ff2002bcdd6eb2f358ffcd8a5'
[    2.129798] zswap: loaded using pool zstd
[    2.133821] Demotion targets for Node 0: null
[    2.138345] Key type .fscrypt registered
[    2.138433] Key type fscrypt-provisioning registered
[    2.147721] Btrfs loaded, zoned=yes, fsverity=yes
[    2.149909] Key type big_key registered
[    2.156174] PM:   Magic number: 14:876:48
[    2.156474] PM:   hash matches drivers/base/power/main.c:1428
[    2.167156] RAS: Correctable Errors collector initialized.
[    2.214154] clk: Disabling unused clocks
[    2.214855] PM: genpd: Disabling unused power domains
[    2.252446] Freeing unused decrypted memory: 2028K
[    2.389051] Freeing unused kernel image (initmem) memory: 4772K
[    2.391713] Write protecting the kernel read-only data: 40960k
[    2.396689] Freeing unused kernel image (text/rodata gap) memory: 1036K
[    2.399575] Freeing unused kernel image (rodata/data gap) memory: 1952K
[    2.521882] tsc: Refined TSC clocksource calibration: 3600.019 MHz
[    2.522553] clocksource: tsc: mask: 0xffffffffffffffff max_cycles: 0x33e4656411b, max_idle_ns: 440795284465 ns
[    2.622394] x86/mm: Checked W+X mappings: passed, no W+X pages found.
[    2.623512] rodata_test: all tests were successful
[    2.623929] clocksource: Switched to clocksource tsc
[    2.624997] Run /init as init process
[    2.625203]   with arguments:
[    2.625248]     /init
[    2.625273]   with environment:
[    2.625290]     HOME=/
[    2.625305]     TERM=linux
[    2.625314]     lab_test=recovery
[    3.000275] edu_lab: loading out-of-tree module taints kernel.
[    3.000643] edu_lab: module verification failed: signature and/or required key missing - tainting kernel
[    3.078829] ACPI: \_SB_.LNKC: Enabled at IRQ 11
[    3.090522] edu_lab 0000:00:03.0: probe with driver edu_lab failed with error -5
[    3.106029] ACPI: \_SB_.LNKD: Enabled at IRQ 10
[    3.115702] edu_lab 0000:00:04.0: probe with driver edu_lab failed with error -5
[    3.252026] edu_lab 0000:00:03.0: probe with driver edu_lab failed with error -5
[    3.278949] edu_lab 0000:00:04.0: probe with driver edu_lab failed with error -5
[    3.394253] edu_lab 0000:00:03.0: EDU ready, id=010000ed
[    3.395316] edu_lab 0000:00:04.0: probe with driver edu_lab failed with error -16
[    4.574436] edu_lab 0000:00:03.0: EDU released
[    4.660141] edu_lab 0000:00:03.0: EDU ready, id=010000ed
[    4.660492] edu_lab 0000:00:04.0: probe with driver edu_lab failed with error -16
[    4.703564] edu_lab 0000:00:03.0: EDU released
LAB PASS recovery
[    4.891796] reboot: Power down
