Linux archlinux 6.18.55-1-lts #1 SMP PREEMPT_DYNAMIC Sat, 03 Oct 2026 15:08:01 +0000 x86_64 GNU/Linux
EDU discovered: 0000:00:03.0
EDU discovered: 0000:00:04.0
[    5.070317] edu_lab 0000:00:03.0: probe with driver edu_lab failed with error -5
[    5.098778] edu_lab 0000:00:04.0: probe with driver edu_lab failed with error -5
[    5.225449] edu_lab 0000:00:03.0: probe with driver edu_lab failed with error -5
[    5.257198] edu_lab 0000:00:04.0: probe with driver edu_lab failed with error -5
[    5.390925] edu_lab 0000:00:04.0: probe with driver edu_lab failed with error -16
LIVE 00000000 -> ffffffff verified
LIVE ffffffff -> 00000000 verified
LIVE 12345678 -> edcba987 verified
LIVE aaaaaaaa -> 55555555 verified
PASS liveness and invalid interface requests
PASS factorial 0..12, invalid 13/u32-max, 130 repeated requests
PASS four concurrent handles, 100 factorial requests
device closed
LIVE feedbeef -> 01124110 verified
PASS timeout (1008 ms), quarantine, late completion and exact-result recovery
PASS signal interruption followed by recovery
device closed
 11:        236          0  IO-APIC  11-fasteoi   edu_lab
PASS unbind with active wait, queued notifier, open fd; stale ioctls ENODEV
device closed
[    7.775151] edu_lab 0000:00:04.0: probe with driver edu_lab failed with error -16
FACTORIAL 12 -> 479001600 verified
device closed
PASS PCI removal with active wait, queued notifier, open fd; stale ioctls ENODEV
device closed
LIVE deadbeef -> 21524110 verified
device closed
FACTORIAL 12 -> 479001600 verified
device closed
[    0.000000] Linux version 6.18.55-1-lts (linux-lts@archlinux) (gcc (GCC) 16.2.1 20260810, GNU ld (GNU Binutils) 2.47) #1 SMP PREEMPT_DYNAMIC Sat, 03 Oct 2026 15:08:01 +0000
[    0.000000] Command line: console=ttyS0 panic=-1 lab_test=all
[    0.000000] BIOS-provided physical RAM map:
[    0.000000] BIOS-e820: [mem 0x0000000000000000-0x000000000009fbff] usable
[    0.000000] BIOS-e820: [mem 0x000000000009fc00-0x000000000009ffff] reserved
[    0.000000] BIOS-e820: [mem 0x00000000000f0000-0x00000000000fffff] reserved
[    0.000000] BIOS-e820: [mem 0x0000000000100000-0x000000000ffdffff] usable
[    0.000000] BIOS-e820: [mem 0x000000000ffe0000-0x000000000fffffff] reserved
[    0.000000] BIOS-e820: [mem 0x00000000fffc0000-0x00000000ffffffff] reserved
[    0.000000] BIOS-e820: [mem 0x000000fd00000000-0x000000ffffffffff] reserved
[    0.000000] NX (Execute Disable) protection: active
[    0.000000] APIC: Static calls initialized
[    0.000000] SMBIOS 2.8 present.
[    0.000000] DMI: QEMU Standard PC (i440FX + PIIX, 1996), BIOS Arch Linux 1.17.0-2-2 04/01/2014
[    0.000000] DMI: Memory slots populated: 1/1
[    0.000000] tsc: Fast TSC calibration using PIT
[    0.000000] tsc: Detected 3599.978 MHz processor
[    0.012249] e820: update [mem 0x00000000-0x00000fff] usable ==> reserved
[    0.012616] e820: remove [mem 0x000a0000-0x000fffff] usable
[    0.012951] last_pfn = 0xffe0 max_arch_pfn = 0x400000000
[    0.014267] MTRR map: 4 entries (3 fixed + 1 variable; max 19), built from 8 variable MTRRs
[    0.014552] x86/PAT: Configuration [0-7]: WB  WC  UC- UC  WB  WP  UC- WT  
[    0.060739] found SMP MP-table at [mem 0x000f66b0-0x000f66bf]
[    0.070965] RAMDISK: [mem 0x0fe0e000-0x0ffdffff]
[    0.071724] ACPI: Early table checksum verification disabled
[    0.072468] ACPI: RSDP 0x00000000000F64E0 000014 (v00 BOCHS )
[    0.072823] ACPI: RSDT 0x000000000FFE238A 000034 (v01 BOCHS  BXPC     00000001 BXPC 00000001)
[    0.073652] ACPI: FACP 0x000000000FFE2236 000074 (v01 BOCHS  BXPC     00000001 BXPC 00000001)
[    0.074862] ACPI: DSDT 0x000000000FFE0040 0021F6 (v01 BOCHS  BXPC     00000001 BXPC 00000001)
[    0.075082] ACPI: FACS 0x000000000FFE0000 000040
[    0.075175] ACPI: APIC 0x000000000FFE22AA 000080 (v03 BOCHS  BXPC     00000001 BXPC 00000001)
[    0.075223] ACPI: HPET 0x000000000FFE232A 000038 (v01 BOCHS  BXPC     00000001 BXPC 00000001)
[    0.075263] ACPI: WAET 0x000000000FFE2362 000028 (v01 BOCHS  BXPC     00000001 BXPC 00000001)
[    0.075417] ACPI: Reserving FACP table memory at [mem 0xffe2236-0xffe22a9]
[    0.075465] ACPI: Reserving DSDT table memory at [mem 0xffe0040-0xffe2235]
[    0.075477] ACPI: Reserving FACS table memory at [mem 0xffe0000-0xffe003f]
[    0.075487] ACPI: Reserving APIC table memory at [mem 0xffe22aa-0xffe2329]
[    0.075496] ACPI: Reserving HPET table memory at [mem 0xffe232a-0xffe2361]
[    0.075505] ACPI: Reserving WAET table memory at [mem 0xffe2362-0xffe2389]
[    0.079380] No NUMA configuration found
[    0.079414] Faking a node at [mem 0x0000000000000000-0x000000000ffdffff]
[    0.080609] NODE_DATA(0) allocated [mem 0x0fde3280-0x0fe0dfff]
[    0.090227] Zone ranges:
[    0.090290]   DMA      [mem 0x0000000000001000-0x0000000000ffffff]
[    0.090425]   DMA32    [mem 0x0000000001000000-0x000000000ffdffff]
[    0.090445]   Normal   empty
[    0.090471]   Device   empty
[    0.090492] Movable zone start for each node
[    0.090552] Early memory node ranges
[    0.090597]   node   0: [mem 0x0000000000001000-0x000000000009efff]
[    0.090860]   node   0: [mem 0x0000000000100000-0x000000000ffdffff]
[    0.091169] Initmem setup node 0 [mem 0x0000000000001000-0x000000000ffdffff]
[    0.095872] On node 0, zone DMA: 1 pages in unavailable ranges
[    0.096401] On node 0, zone DMA: 97 pages in unavailable ranges
[    0.100870] On node 0, zone DMA32: 32 pages in unavailable ranges
[    0.102139] ACPI: PM-Timer IO Port: 0x608
[    0.103089] ACPI: LAPIC_NMI (acpi_id[0xff] dfl dfl lint[0x1])
[    0.103917] IOAPIC[0]: apic_id 0, version 32, address 0xfec00000, GSI 0-23
[    0.104071] ACPI: INT_SRC_OVR (bus 0 bus_irq 0 global_irq 2 dfl dfl)
[    0.104454] ACPI: INT_SRC_OVR (bus 0 bus_irq 5 global_irq 5 high level)
[    0.104579] ACPI: INT_SRC_OVR (bus 0 bus_irq 9 global_irq 9 high level)
[    0.104780] ACPI: INT_SRC_OVR (bus 0 bus_irq 10 global_irq 10 high level)
[    0.104794] ACPI: INT_SRC_OVR (bus 0 bus_irq 11 global_irq 11 high level)
[    0.105056] ACPI: Using ACPI (MADT) for SMP configuration information
[    0.105113] ACPI: HPET id: 0x8086a201 base: 0xfed00000
[    0.105610] CPU topo: Max. logical packages:   1
[    0.105630] CPU topo: Max. logical dies:       1
[    0.105647] CPU topo: Max. dies per package:   1
[    0.105700] CPU topo: Max. threads per core:   1
[    0.105830] CPU topo: Num. cores per package:     2
[    0.105848] CPU topo: Num. threads per package:   2
[    0.105858] CPU topo: Allowing 2 present CPUs plus 0 hotplug CPUs
[    0.106916] PM: hibernation: Registered nosave memory: [mem 0x00000000-0x00000fff]
[    0.106949] PM: hibernation: Registered nosave memory: [mem 0x0009f000-0x000fffff]
[    0.107126] [mem 0x10000000-0xfffbffff] available for PCI devices
[    0.107202] Booting paravirtualized kernel on bare hardware
[    0.107655] clocksource: refined-jiffies: mask: 0xffffffff max_cycles: 0xffffffff, max_idle_ns: 6370452778343963 ns
[    0.129268] setup_percpu: NR_CPUS:8192 nr_cpumask_bits:2 nr_cpu_ids:2 nr_node_ids:1
[    0.138368] percpu: Embedded 63 pages/cpu s221184 r8192 d28672 u1048576
[    0.139446] pcpu-alloc: s221184 r8192 d28672 u1048576 alloc=1*2097152
[    0.139583] pcpu-alloc: [0] 0 1 
[    0.141091] Kernel command line: console=ttyS0 panic=-1 lab_test=all
[    0.142914] Unknown kernel command line parameters "lab_test=all", will be passed to user space.
[    0.143496] printk: log buffer data + meta data: 131072 + 458752 = 589824 bytes
[    0.143923] Dentry cache hash table entries: 32768 (order: 6, 262144 bytes, linear)
[    0.144129] Inode-cache hash table entries: 16384 (order: 5, 131072 bytes, linear)
[    0.152526] Fallback order for Node 0: 0 
[    0.153175] Built 1 zonelists, mobility grouping on.  Total pages: 65406
[    0.153209] Policy zone: DMA32
[    0.156620] mem auto-init: stack:all(zero), heap alloc:on, heap free:off
[    0.237564] SLUB: HWalign=64, Order=0-3, MinObjects=0, CPUs=2, Nodes=1
[    0.381420] ftrace: allocating 57352 entries in 226 pages
[    0.381782] ftrace: allocated 226 pages with 4 groups
[    0.415886] Dynamic Preempt: voluntary
[    0.427004] rcu: Preemptible hierarchical RCU implementation.
[    0.427112] rcu: 	RCU restricting CPUs from NR_CPUS=8192 to nr_cpu_ids=2.
[    0.427141] rcu: 	RCU priority boosting: priority 1 delay 500 ms.
[    0.427419] 	Trampoline variant of Tasks RCU enabled.
[    0.427438] 	Rude variant of Tasks RCU enabled.
[    0.427450] 	Tracing variant of Tasks RCU enabled.
[    0.427670] rcu: RCU calculated value of scheduler-enlistment delay is 30 jiffies.
[    0.427730] rcu: Adjusting geometry for rcu_fanout_leaf=16, nr_cpu_ids=2
[    0.431999] RCU Tasks: Setting shift to 1 and lim to 1 rcu_task_cb_adjust=1 rcu_task_cpu_ids=2.
[    0.432390] RCU Tasks Rude: Setting shift to 1 and lim to 1 rcu_task_cb_adjust=1 rcu_task_cpu_ids=2.
[    0.432442] RCU Tasks Trace: Setting shift to 1 and lim to 1 rcu_task_cb_adjust=1 rcu_task_cpu_ids=2.
[    0.603681] NR_IRQS: 524544, nr_irqs: 440, preallocated irqs: 16
[    0.626032] rcu: srcu_init: Setting srcu_struct sizes based on contention.
[    0.628115] clocksource: jiffies: mask: 0xffffffff max_cycles: 0xffffffff, max_idle_ns: 6370867519511994 ns
[    0.640641] kfence: initialized - using 2097152 bytes for 255 objects at 0x(____ptrval____)-0x(____ptrval____)
[    0.656972] Console: colour VGA+ 80x25
[    0.660223] printk: legacy console [ttyS0] enabled
[    0.671299] ACPI: Core revision 20250807
[    0.687477] clocksource: hpet: mask: 0xffffffff max_cycles: 0xffffffff, max_idle_ns: 19112604467 ns
[    0.698003] APIC: Switch to symmetric I/O mode setup
[    0.713377] ..TIMER: vector=0x30 apic1=0 pin1=2 apic2=-1 pin2=-1
[    0.730504] clocksource: tsc-early: mask: 0xffffffffffffffff max_cycles: 0x33e43e9a7dd, max_idle_ns: 440795251912 ns
[    0.731510] Calibrating delay loop (skipped), value calculated using timer frequency.. 7202.95 BogoMIPS (lpj=11999926)
[    0.748408] Last level iTLB entries: 4KB 512, 2MB 255, 4MB 127
[    0.748524] Last level dTLB entries: 4KB 512, 2MB 255, 4MB 127, 1GB 0
[    0.749210] mitigations: Enabled attack vectors: user_kernel, user_user, guest_host, guest_guest, SMT mitigations: auto
[    0.750453] Spectre V2 : Mitigation: Retpolines
[    0.750665] Spectre V1 : Mitigation: usercopy/swapgs barriers and __user pointer sanitization
[    0.752486] Spectre V2 : Spectre v2 / SpectreRSB: Filling RSB on context switch and VMEXIT
[    0.753695] x86/fpu: x87 FPU will use FXSAVE
[    1.242984] Freeing SMP alternatives memory: 56K
[    1.253335] pid_max: default: 32768 minimum: 301
[    1.294354] LSM: initializing lsm=capability,landlock,lockdown,yama,bpf
[    1.308966] landlock: Up and running.
[    1.309100] Yama: becoming mindful.
[    1.311617] LSM support for eBPF active
[    1.318950] Mount-cache hash table entries: 512 (order: 0, 4096 bytes, linear)
[    1.319180] Mountpoint-cache hash table entries: 512 (order: 0, 4096 bytes, linear)
[    1.495325] APIC calibration not consistent with PM-Timer: 97ms instead of 100ms
[    1.495457] APIC delta adjusted to PM-Timer: 6249964 (6080862)
[    1.497540] smpboot: CPU0: AMD QEMU Virtual CPU version 2.5+ (family: 0xf, model: 0x6b, stepping: 0x1)
[    1.542139] Performance Events: PMU not available due to virtualization, using software events only.
[    1.548574] signal: max sigframe size: 1440
[    1.552139] rcu: Hierarchical SRCU implementation.
[    1.552452] rcu: 	Max phase no-delay instances is 1000.
[    1.570127] Timer migration: 1 hierarchy levels; 8 children per group; 1 crossnode level
[    1.588795] NMI watchdog: Perf NMI watchdog permanently disabled
[    1.598969] smp: Bringing up secondary CPUs ...
[    1.621910] smpboot: x86: Booting SMP configuration:
[    1.622034] .... node  #0, CPUs:      #1
[    1.765646] smp: Brought up 1 node, 2 CPUs
[    1.766031] smpboot: Total of 2 processors activated (14568.73 BogoMIPS)
[    1.798349] Memory: 188132K/261624K available (21491K kernel code, 2942K rwdata, 16480K rodata, 4772K init, 5548K bss, 69452K reserved, 0K cma-reserved)
[    1.822237] devtmpfs: initialized
[    1.838244] x86/mm: Memory block size: 128MB
[    1.878241] posixtimers hash table entries: 1024 (order: 2, 16384 bytes, linear)
[    1.878547] futex hash table entries: 512 (32768 bytes on 1 NUMA nodes, total 32 KiB, linear).
[    1.887332] pinctrl core: initialized pinctrl subsystem
[    1.906691] PM: RTC time: 23:12:30, date: 2026-10-06
[    1.957100] NET: Registered PF_NETLINK/PF_ROUTE protocol family
[    1.965460] DMA: preallocated 128 KiB GFP_KERNEL pool for atomic allocations
[    1.966098] DMA: preallocated 128 KiB GFP_KERNEL|GFP_DMA pool for atomic allocations
[    1.966224] DMA: preallocated 128 KiB GFP_KERNEL|GFP_DMA32 pool for atomic allocations
[    1.966521] audit: initializing netlink subsys (disabled)
[    1.968966] audit: type=2000 audit(1791328348.276:1): state=initialized audit_enabled=0 res=1
[    1.980331] thermal_sys: Registered thermal governor 'fair_share'
[    1.980432] thermal_sys: Registered thermal governor 'bang_bang'
[    1.980460] thermal_sys: Registered thermal governor 'step_wise'
[    1.980471] thermal_sys: Registered thermal governor 'user_space'
[    1.980481] thermal_sys: Registered thermal governor 'power_allocator'
[    1.981350] cpuidle: using governor ladder
[    1.981423] cpuidle: using governor menu
[    1.985550] acpiphp: ACPI Hot Plug PCI Controller Driver version: 0.5
[    2.014412] PCI: Using configuration type 1 for base access
[    2.015424] mtrr: your CPUs had inconsistent fixed MTRR settings
[    2.015472] mtrr: your CPUs had inconsistent variable MTRR settings
[    2.015499] mtrr: your CPUs had inconsistent MTRRdefType settings
[    2.015516] mtrr: probably your BIOS does not setup all CPUs.
[    2.015533] mtrr: corrected configuration.
[    2.019794] kprobes: kprobe jump-optimization is enabled. All kprobes are optimized if possible.
[    2.201713] HugeTLB: registered 2.00 MiB page size, pre-allocated 0 pages
[    2.201837] HugeTLB: 28 KiB vmemmap can be freed for a 2.00 MiB page
[    2.241904] raid6: skipped pq benchmark and selected sse2x4
[    2.241904] raid6: using intx1 recovery algorithm
[    2.250220] ACPI: Added _OSI(Module Device)
[    2.250310] ACPI: Added _OSI(Processor Device)
[    2.250324] ACPI: Added _OSI(Processor Aggregator Device)
[    2.310655] ACPI: 1 ACPI AML tables successfully acquired and loaded
[    2.354128] ACPI: Interpreter enabled
[    2.358073] ACPI: PM: (supports S0 S3 S4 S5)
[    2.358196] ACPI: Using IOAPIC for interrupt routing
[    2.366133] PCI: Using host bridge windows from ACPI; if necessary, use "pci=nocrs" and report a bug
[    2.366251] PCI: Using E820 reservations for host bridge windows
[    2.367540] ACPI: Enabled 2 GPEs in block 00 to 0F
[    2.480218] ACPI: PCI Root Bridge [PCI0] (domain 0000 [bus 00-ff])
[    2.485574] acpi PNP0A03:00: _OSC: OS supports [ASPM ClockPM Segments MSI EDR HPX-Type3]
[    2.485976] acpi PNP0A03:00: _OSC: not requesting OS control; OS requires [ExtendedConfig ASPM ClockPM MSI]
[    2.488165] acpi PNP0A03:00: fail to add MMCONFIG information, can't access extended configuration space under this bridge
[    2.505478] acpiphp: Slot [3] registered
[    2.505739] acpiphp: Slot [4] registered
[    2.505858] acpiphp: Slot [5] registered
[    2.506027] acpiphp: Slot [6] registered
[    2.506476] acpiphp: Slot [7] registered
[    2.506663] acpiphp: Slot [8] registered
[    2.506882] acpiphp: Slot [9] registered
[    2.507001] acpiphp: Slot [10] registered
[    2.507112] acpiphp: Slot [11] registered
[    2.507254] acpiphp: Slot [12] registered
[    2.507364] acpiphp: Slot [13] registered
[    2.507474] acpiphp: Slot [14] registered
[    2.507821] acpiphp: Slot [15] registered
[    2.508013] acpiphp: Slot [16] registered
[    2.508174] acpiphp: Slot [17] registered
[    2.508301] acpiphp: Slot [18] registered
[    2.508420] acpiphp: Slot [19] registered
[    2.508542] acpiphp: Slot [20] registered
[    2.508637] acpiphp: Slot [21] registered
[    2.508714] acpiphp: Slot [22] registered
[    2.508805] acpiphp: Slot [23] registered
[    2.508916] acpiphp: Slot [24] registered
[    2.509022] acpiphp: Slot [25] registered
[    2.509116] acpiphp: Slot [26] registered
[    2.509232] acpiphp: Slot [27] registered
[    2.509341] acpiphp: Slot [28] registered
[    2.509455] acpiphp: Slot [29] registered
[    2.509602] acpiphp: Slot [30] registered
[    2.509749] acpiphp: Slot [31] registered
[    2.510614] PCI host bridge to bus 0000:00
[    2.512148] pci_bus 0000:00: root bus resource [io  0x0000-0x0cf7 window]
[    2.513202] pci_bus 0000:00: root bus resource [io  0x0d00-0xffff window]
[    2.513338] pci_bus 0000:00: root bus resource [mem 0x000a0000-0x000bffff window]
[    2.513421] pci_bus 0000:00: root bus resource [mem 0x10000000-0xfebfffff window]
[    2.513438] pci_bus 0000:00: root bus resource [mem 0x100000000-0x17fffffff window]
[    2.514378] pci_bus 0000:00: root bus resource [bus 00-ff]
[    2.521235] pci 0000:00:00.0: [8086:1237] type 00 class 0x060000 conventional PCI endpoint
[    2.536316] pci 0000:00:01.0: [8086:7000] type 00 class 0x060100 conventional PCI endpoint
[    2.537540] pci 0000:00:01.1: [8086:7010] type 00 class 0x010180 conventional PCI endpoint
[    2.537540] pci 0000:00:01.1: BAR 4 [io  0xc000-0xc00f]
[    2.537540] pci 0000:00:01.1: BAR 0 [io  0x01f0-0x01f7]: legacy IDE quirk
[    2.537540] pci 0000:00:01.1: BAR 1 [io  0x03f6]: legacy IDE quirk
[    2.537540] pci 0000:00:01.1: BAR 2 [io  0x0170-0x0177]: legacy IDE quirk
[    2.537540] pci 0000:00:01.1: BAR 3 [io  0x0376]: legacy IDE quirk
[    2.537540] pci 0000:00:01.3: [8086:7113] type 00 class 0x068000 conventional PCI endpoint
[    2.537540] pci 0000:00:01.3: quirk: [io  0x0600-0x063f] claimed by PIIX4 ACPI
[    2.537698] pci 0000:00:01.3: quirk: [io  0x0700-0x070f] claimed by PIIX4 SMB
[    2.539482] pci 0000:00:02.0: [1234:1111] type 00 class 0x030000 conventional PCI endpoint
[    2.545532] pci 0000:00:02.0: BAR 0 [mem 0xfd000000-0xfdffffff pref]
[    2.545735] pci 0000:00:02.0: BAR 2 [mem 0xfeb10000-0xfeb10fff]
[    2.545777] pci 0000:00:02.0: ROM [mem 0xfeb00000-0xfeb0ffff pref]
[    2.548025] pci 0000:00:02.0: Video device with shadowed ROM at [mem 0x000c0000-0x000dffff]
[    2.549886] pci 0000:00:03.0: [1234:11e8] type 00 class 0x00ff00 conventional PCI endpoint
[    2.551047] pci 0000:00:03.0: BAR 0 [mem 0xfe900000-0xfe9fffff]
[    2.568688] pci 0000:00:04.0: [1234:11e8] type 00 class 0x00ff00 conventional PCI endpoint
[    2.570214] pci 0000:00:04.0: BAR 0 [mem 0xfea00000-0xfeafffff]
[    2.610955] ACPI: PCI: Interrupt link LNKA configured for IRQ 10
[    2.612336] ACPI: PCI: Interrupt link LNKB configured for IRQ 10
[    2.613415] ACPI: PCI: Interrupt link LNKC configured for IRQ 11
[    2.614494] ACPI: PCI: Interrupt link LNKD configured for IRQ 11
[    2.614981] ACPI: PCI: Interrupt link LNKS configured for IRQ 9
[    2.635567] iommu: Default domain type: Translated
[    2.635567] iommu: DMA domain TLB invalidation policy: lazy mode
[    2.643552] SCSI subsystem initialized
[    2.645724] libata version 3.00 loaded.
[    2.647600] ACPI: bus type USB registered
[    2.647762] usbcore: registered new interface driver usbfs
[    2.648268] usbcore: registered new interface driver hub
[    2.648737] usbcore: registered new device driver usb
[    2.650596] EDAC MC: Ver: 3.0.0
[    2.678198] NetLabel: Initializing
[    2.678276] NetLabel:  domain hash size = 128
[    2.678307] NetLabel:  protocols = UNLABELED CIPSOv4 CALIPSO
[    2.679455] NetLabel:  unlabeled traffic allowed by default
[    2.679554] mctp: management component transport protocol core
[    2.679645] NET: Registered PF_MCTP protocol family
[    2.685165] PCI: Using ACPI for IRQ routing
[    2.685229] PCI: pci_cache_line_size set to 64 bytes
[    2.685990] e820: reserve RAM buffer [mem 0x0009fc00-0x0009ffff]
[    2.686290] e820: reserve RAM buffer [mem 0x0ffe0000-0x0fffffff]
[    2.700559] pci 0000:00:02.0: vgaarb: setting as boot VGA device
[    2.700774] pci 0000:00:02.0: vgaarb: bridge control possible
[    2.700874] pci 0000:00:02.0: vgaarb: VGA device added: decodes=io+mem,owns=io+mem,locks=none
[    2.700973] vgaarb: loaded
[    2.706156] hpet: 3 channels of 0 reserved for per-cpu timers
[    2.711084] hpet0: at MMIO 0xfed00000, IRQs 2, 8, 0
[    2.711351] hpet0: 3 comparators, 64-bit 100.000000 MHz counter
[    2.729673] clocksource: Switched to clocksource tsc-early
[    2.787062] VFS: Disk quotas dquot_6.6.0
[    2.787578] VFS: Dquot-cache hash table entries: 512 (order 0, 4096 bytes)
[    2.804009] pnp: PnP ACPI init
[    2.809379] pnp 00:02: [dma 2]
[    2.810961] ACPI: IRQ 4 override to edge(!), high(!)
[    2.823043] pnp: PnP ACPI: found 5 devices
[    2.905210] clocksource: acpi_pm: mask: 0xffffff max_cycles: 0xffffff, max_idle_ns: 2085701024 ns
[    2.910691] NET: Registered PF_INET protocol family
[    2.912493] IP idents hash table entries: 4096 (order: 3, 32768 bytes, linear)
[    3.094428] tcp_listen_portaddr_hash hash table entries: 256 (order: 0, 4096 bytes, linear)
[    3.094788] Table-perturb hash table entries: 65536 (order: 6, 262144 bytes, linear)
[    3.094990] TCP established hash table entries: 2048 (order: 2, 16384 bytes, linear)
[    3.095332] TCP bind hash table entries: 2048 (order: 4, 65536 bytes, linear)
[    3.095488] TCP: Hash tables configured (established 2048 bind 2048)
[    3.098805] MPTCP token hash table entries: 256 (order: 1, 6144 bytes, linear)
[    3.101726] UDP hash table entries: 256 (order: 2, 16384 bytes, linear)
[    3.102289] UDP-Lite hash table entries: 256 (order: 2, 16384 bytes, linear)
[    3.108356] NET: Registered PF_UNIX/PF_LOCAL protocol family
[    3.109103] NET: Registered PF_XDP protocol family
[    3.110779] pci_bus 0000:00: resource 4 [io  0x0000-0x0cf7 window]
[    3.110859] pci_bus 0000:00: resource 5 [io  0x0d00-0xffff window]
[    3.110879] pci_bus 0000:00: resource 6 [mem 0x000a0000-0x000bffff window]
[    3.110901] pci_bus 0000:00: resource 7 [mem 0x10000000-0xfebfffff window]
[    3.110919] pci_bus 0000:00: resource 8 [mem 0x100000000-0x17fffffff window]
[    3.111853] pci 0000:00:01.0: PIIX3: Enabling Passive Release
[    3.112021] pci 0000:00:00.0: Limiting direct PCI/PCI transfers
[    3.112209] PCI: CLS 0 bytes, default 64
[    3.123190] Trying to unpack rootfs image as initramfs...
[    3.331127] Freeing initrd memory: 1864K
[    3.432506] Initialise system trusted keyrings
[    3.437000] Key type blacklist registered
[    3.439342] workingset: timestamp_bits=36 max_order=16 bucket_order=0
[    3.477318] fuse: init (API version 7.45)
[    3.483702] integrity: Platform Keyring initialized
[    3.484163] integrity: Machine keyring initialized
[    3.613795] xor: measuring software checksum speed
[    3.618166]    prefetch64-sse  :   802 MB/sec
[    3.622459]    generic_sse     :   806 MB/sec
[    3.622642] xor: using function: generic_sse (806 MB/sec)
[    3.622734] Key type asymmetric registered
[    3.623006] Asymmetric key parser 'x509' registered
[    3.624102] Block layer SCSI generic (bsg) driver version 0.4 loaded (major 245)
[    3.626592] io scheduler mq-deadline registered
[    3.626760] io scheduler kyber registered
[    3.627273] io scheduler bfq registered
[    3.630147] ledtrig-cpu: registered to indicate activity on CPUs
[    3.635605] input: Power Button as /devices/LNXSYSTM:00/LNXPWRBN:00/input/input0
[    3.643672] ACPI: button: Power Button [PWRF]
[    3.651138] Serial: 8250/16550 driver, 32 ports, IRQ sharing enabled
[    3.662256] 00:04: ttyS0 at I/O 0x3f8 (irq = 4, base_baud = 115200) is a 16550A
[    3.712520] Non-volatile memory driver v1.3
[    3.712640] Linux agpgart interface v0.103
[    3.713747] ACPI: bus type drm_connector registered
[    3.728930] usbcore: registered new interface driver usbserial_generic
[    3.729323] usbserial: USB Serial support registered for generic
[    3.738043] i8042: PNP: PS/2 Controller [PNP0303:KBD,PNP0f13:MOU] at 0x60,0x64 irq 1,12
[    3.745280] serio: i8042 KBD port at 0x60,0x64 irq 1
[    3.745933] serio: i8042 AUX port at 0x60,0x64 irq 12
[    3.756951] rtc_cmos PNP0B00:00: RTC can wake from S4
[    3.757136] input: AT Translated Set 2 keyboard as /devices/platform/i8042/serio0/input/input1
[    3.767195] rtc_cmos PNP0B00:00: registered as rtc0
[    3.768025] rtc_cmos PNP0B00:00: setting system clock to 2026-10-06T23:12:32 UTC (1791328352)
[    3.771932] rtc_cmos PNP0B00:00: alarms up to one day, y3k, 242 bytes nvram, hpet irqs
[    3.773562] amd_pstate: the _CPC object is not present in SBIOS or ACPI disabled
[    3.775295] hid: raw HID events driver (C) Jiri Kosina
[    3.775897] usbcore: registered new interface driver usbhid
[    3.775933] usbhid: USB HID core driver
[    3.776847] rust_binder: Loaded Rust Binder.
[    3.777625] drop_monitor: Initializing network drop monitor service
[    3.779405] NET: Registered PF_INET6 protocol family
[    3.792018] Segment Routing with IPv6
[    3.792126] RPL Segment Routing with IPv6
[    3.792345] In-situ OAM (IOAM) with IPv6
[    3.793303] NET: Registered PF_PACKET protocol family
[    3.800647] IPI shorthand broadcast: enabled
[    3.855714] sched_clock: Marking stable (3790474784, 62985023)->(4866505438, -1013045631)
[    3.862372] registered taskstats version 1
[    3.869337] Loading compiled-in X.509 certificates
[    3.932063] Loaded X.509 cert 'Build time autogenerated kernel key: 9b3ca40beb61592ff2002bcdd6eb2f358ffcd8a5'
[    3.983458] zswap: loaded using pool zstd
[    3.987873] Demotion targets for Node 0: null
[    3.991678] Key type .fscrypt registered
[    3.991747] Key type fscrypt-provisioning registered
[    3.997516] Btrfs loaded, zoned=yes, fsverity=yes
[    4.004792] Key type big_key registered
[    4.011274] PM:   Magic number: 14:85:251
[    4.022526] RAS: Correctable Errors collector initialized.
[    4.075861] clk: Disabling unused clocks
[    4.076392] PM: genpd: Disabling unused power domains
[    4.108837] Freeing unused decrypted memory: 2028K
[    4.253718] Freeing unused kernel image (initmem) memory: 4772K
[    4.254427] tsc: Refined TSC clocksource calibration: 3600.018 MHz
[    4.254721] Write protecting the kernel read-only data: 40960k
[    4.255092] clocksource: tsc: mask: 0xffffffffffffffff max_cycles: 0x33e464bbc4f, max_idle_ns: 440795305529 ns
[    4.259331] clocksource: Switched to clocksource tsc
[    4.261078] Freeing unused kernel image (text/rodata gap) memory: 1036K
[    4.275995] Freeing unused kernel image (rodata/data gap) memory: 1952K
[    4.527279] x86/mm: Checked W+X mappings: passed, no W+X pages found.
[    4.528726] rodata_test: all tests were successful
[    4.529364] Run /init as init process
[    4.529582]   with arguments:
[    4.529623]     /init
[    4.529646]   with environment:
[    4.529663]     HOME=/
[    4.529678]     TERM=linux
[    4.529684]     lab_test=all
[    4.956256] edu_lab: loading out-of-tree module taints kernel.
[    4.957555] edu_lab: module verification failed: signature and/or required key missing - tainting kernel
[    5.052749] ACPI: \_SB_.LNKC: Enabled at IRQ 11
[    5.070317] edu_lab 0000:00:03.0: probe with driver edu_lab failed with error -5
[    5.086143] ACPI: \_SB_.LNKD: Enabled at IRQ 10
[    5.098778] edu_lab 0000:00:04.0: probe with driver edu_lab failed with error -5
[    5.225449] edu_lab 0000:00:03.0: probe with driver edu_lab failed with error -5
[    5.257198] edu_lab 0000:00:04.0: probe with driver edu_lab failed with error -5
[    5.390590] edu_lab 0000:00:03.0: EDU ready, id=010000ed
[    5.390925] edu_lab 0000:00:04.0: probe with driver edu_lab failed with error -16
[    7.685560] edu_lab 0000:00:03.0: EDU released
[    7.774809] edu_lab 0000:00:03.0: EDU ready, id=010000ed
[    7.775151] edu_lab 0000:00:04.0: probe with driver edu_lab failed with error -16
[    8.835390] edu_lab 0000:00:03.0: EDU released
[    8.969346] edu_lab 0000:00:04.0: EDU ready, id=010000ed
[    9.024282] edu_lab 0000:00:04.0: EDU released
LAB PASS all
[    9.339376] reboot: Power down
