Linux archlinux 6.18.55-1-lts #1 SMP PREEMPT_DYNAMIC Sat, 03 Oct 2026 15:08:01 +0000 x86_64 GNU/Linux
EDU discovered: 0000:00:03.0
EDU discovered: 0000:00:04.0
[    3.458758] edu_lab 0000:00:03.0: probe with driver edu_lab failed with error -5
[    3.488097] edu_lab 0000:00:04.0: probe with driver edu_lab failed with error -5
[    3.651023] edu_lab 0000:00:03.0: probe with driver edu_lab failed with error -5
[    3.673998] edu_lab 0000:00:04.0: probe with driver edu_lab failed with error -5
[    3.772168] edu_lab 0000:00:04.0: probe with driver edu_lab failed with error -16
LIVE 00000000 -> ffffffff verified
LIVE ffffffff -> 00000000 verified
LIVE 12345678 -> edcba987 verified
LIVE aaaaaaaa -> 55555555 verified
PASS liveness and invalid interface requests
PASS factorial 0..12, invalid 13/u32-max, 130 repeated requests
PASS four concurrent handles, 100 factorial requests
device closed
LIVE feedbeef -> 01124110 verified
PASS timeout (1004 ms), quarantine, late completion and exact-result recovery
PASS signal interruption followed by recovery
device closed
 11:        236          0  IO-APIC  11-fasteoi   edu_lab
PASS unbind with active wait, queued notifier, open fd; stale ioctls ENODEV
device closed
[    6.214630] edu_lab 0000:00:04.0: probe with driver edu_lab failed with error -16
FACTORIAL 12 -> 479001600 verified
device closed
PASS PCI removal with active wait, queued notifier, open fd; stale ioctls ENODEV
device closed
LIVE deadbeef -> 21524110 verified
device closed
FACTORIAL 12 -> 479001600 verified
device closed
[    0.000000] Linux version 6.18.55-1-lts (linux-lts@archlinux) (gcc (GCC) 16.2.1 20260810, GNU ld (GNU Binutils) 2.47) #1 SMP PREEMPT_DYNAMIC Sat, 03 Oct 2026 15:08:01 +0000
[    0.000000] Command line: console=ttyS0 panic=-1 lab_test=all
[    0.000000] BIOS-provided physical RAM map:
[    0.000000] BIOS-e820: [mem 0x0000000000000000-0x000000000009fbff] usable
[    0.000000] BIOS-e820: [mem 0x000000000009fc00-0x000000000009ffff] reserved
[    0.000000] BIOS-e820: [mem 0x00000000000f0000-0x00000000000fffff] reserved
[    0.000000] BIOS-e820: [mem 0x0000000000100000-0x000000000ffdffff] usable
[    0.000000] BIOS-e820: [mem 0x000000000ffe0000-0x000000000fffffff] reserved
[    0.000000] BIOS-e820: [mem 0x00000000fffc0000-0x00000000ffffffff] reserved
[    0.000000] BIOS-e820: [mem 0x000000fd00000000-0x000000ffffffffff] reserved
[    0.000000] NX (Execute Disable) protection: active
[    0.000000] APIC: Static calls initialized
[    0.000000] SMBIOS 2.8 present.
[    0.000000] DMI: QEMU Standard PC (i440FX + PIIX, 1996), BIOS Arch Linux 1.17.0-2-2 04/01/2014
[    0.000000] DMI: Memory slots populated: 1/1
[    0.000000] tsc: Fast TSC calibration using PIT
[    0.000000] tsc: Detected 3600.021 MHz processor
[    0.013279] e820: update [mem 0x00000000-0x00000fff] usable ==> reserved
[    0.013655] e820: remove [mem 0x000a0000-0x000fffff] usable
[    0.013999] last_pfn = 0xffe0 max_arch_pfn = 0x400000000
[    0.015339] MTRR map: 4 entries (3 fixed + 1 variable; max 19), built from 8 variable MTRRs
[    0.015626] x86/PAT: Configuration [0-7]: WB  WC  UC- UC  WB  WP  UC- WT  
[    0.064446] found SMP MP-table at [mem 0x000f66b0-0x000f66bf]
[    0.074720] RAMDISK: [mem 0x0fe0e000-0x0ffdffff]
[    0.075719] ACPI: Early table checksum verification disabled
[    0.076714] ACPI: RSDP 0x00000000000F64E0 000014 (v00 BOCHS )
[    0.077449] ACPI: RSDT 0x000000000FFE238A 000034 (v01 BOCHS  BXPC     00000001 BXPC 00000001)
[    0.078780] ACPI: FACP 0x000000000FFE2236 000074 (v01 BOCHS  BXPC     00000001 BXPC 00000001)
[    0.079659] ACPI: DSDT 0x000000000FFE0040 0021F6 (v01 BOCHS  BXPC     00000001 BXPC 00000001)
[    0.079753] ACPI: FACS 0x000000000FFE0000 000040
[    0.079826] ACPI: APIC 0x000000000FFE22AA 000080 (v03 BOCHS  BXPC     00000001 BXPC 00000001)
[    0.079856] ACPI: HPET 0x000000000FFE232A 000038 (v01 BOCHS  BXPC     00000001 BXPC 00000001)
[    0.079882] ACPI: WAET 0x000000000FFE2362 000028 (v01 BOCHS  BXPC     00000001 BXPC 00000001)
[    0.079994] ACPI: Reserving FACP table memory at [mem 0xffe2236-0xffe22a9]
[    0.080030] ACPI: Reserving DSDT table memory at [mem 0xffe0040-0xffe2235]
[    0.080039] ACPI: Reserving FACS table memory at [mem 0xffe0000-0xffe003f]
[    0.080046] ACPI: Reserving APIC table memory at [mem 0xffe22aa-0xffe2329]
[    0.080053] ACPI: Reserving HPET table memory at [mem 0xffe232a-0xffe2361]
[    0.080060] ACPI: Reserving WAET table memory at [mem 0xffe2362-0xffe2389]
[    0.083883] No NUMA configuration found
[    0.083947] Faking a node at [mem 0x0000000000000000-0x000000000ffdffff]
[    0.085398] NODE_DATA(0) allocated [mem 0x0fde3280-0x0fe0dfff]
[    0.094137] Zone ranges:
[    0.094182]   DMA      [mem 0x0000000000001000-0x0000000000ffffff]
[    0.094277]   DMA32    [mem 0x0000000001000000-0x000000000ffdffff]
[    0.094289]   Normal   empty
[    0.094306]   Device   empty
[    0.094319] Movable zone start for each node
[    0.094362] Early memory node ranges
[    0.094394]   node   0: [mem 0x0000000000001000-0x000000000009efff]
[    0.094612]   node   0: [mem 0x0000000000100000-0x000000000ffdffff]
[    0.094836] Initmem setup node 0 [mem 0x0000000000001000-0x000000000ffdffff]
[    0.097506] On node 0, zone DMA: 1 pages in unavailable ranges
[    0.097960] On node 0, zone DMA: 97 pages in unavailable ranges
[    0.101087] On node 0, zone DMA32: 32 pages in unavailable ranges
[    0.101990] ACPI: PM-Timer IO Port: 0x608
[    0.102919] ACPI: LAPIC_NMI (acpi_id[0xff] dfl dfl lint[0x1])
[    0.103588] IOAPIC[0]: apic_id 0, version 32, address 0xfec00000, GSI 0-23
[    0.103967] ACPI: INT_SRC_OVR (bus 0 bus_irq 0 global_irq 2 dfl dfl)
[    0.104578] ACPI: INT_SRC_OVR (bus 0 bus_irq 5 global_irq 5 high level)
[    0.104739] ACPI: INT_SRC_OVR (bus 0 bus_irq 9 global_irq 9 high level)
[    0.105164] ACPI: INT_SRC_OVR (bus 0 bus_irq 10 global_irq 10 high level)
[    0.105196] ACPI: INT_SRC_OVR (bus 0 bus_irq 11 global_irq 11 high level)
[    0.105506] ACPI: Using ACPI (MADT) for SMP configuration information
[    0.105610] ACPI: HPET id: 0x8086a201 base: 0xfed00000
[    0.106308] CPU topo: Max. logical packages:   1
[    0.106336] CPU topo: Max. logical dies:       1
[    0.106351] CPU topo: Max. dies per package:   1
[    0.106426] CPU topo: Max. threads per core:   1
[    0.106628] CPU topo: Num. cores per package:     2
[    0.106658] CPU topo: Num. threads per package:   2
[    0.106672] CPU topo: Allowing 2 present CPUs plus 0 hotplug CPUs
[    0.108310] PM: hibernation: Registered nosave memory: [mem 0x00000000-0x00000fff]
[    0.108357] PM: hibernation: Registered nosave memory: [mem 0x0009f000-0x000fffff]
[    0.108483] [mem 0x10000000-0xfffbffff] available for PCI devices
[    0.108557] Booting paravirtualized kernel on bare hardware
[    0.109189] clocksource: refined-jiffies: mask: 0xffffffff max_cycles: 0xffffffff, max_idle_ns: 6370452778343963 ns
[    0.136142] setup_percpu: NR_CPUS:8192 nr_cpumask_bits:2 nr_cpu_ids:2 nr_node_ids:1
[    0.143316] percpu: Embedded 63 pages/cpu s221184 r8192 d28672 u1048576
[    0.144038] pcpu-alloc: s221184 r8192 d28672 u1048576 alloc=1*2097152
[    0.144163] pcpu-alloc: [0] 0 1 
[    0.146355] Kernel command line: console=ttyS0 panic=-1 lab_test=all
[    0.148050] Unknown kernel command line parameters "lab_test=all", will be passed to user space.
[    0.148362] printk: log buffer data + meta data: 131072 + 458752 = 589824 bytes
[    0.148687] Dentry cache hash table entries: 32768 (order: 6, 262144 bytes, linear)
[    0.148832] Inode-cache hash table entries: 16384 (order: 5, 131072 bytes, linear)
[    0.159128] Fallback order for Node 0: 0 
[    0.159650] Built 1 zonelists, mobility grouping on.  Total pages: 65406
[    0.159683] Policy zone: DMA32
[    0.165021] mem auto-init: stack:all(zero), heap alloc:on, heap free:off
[    0.234246] SLUB: HWalign=64, Order=0-3, MinObjects=0, CPUs=2, Nodes=1
[    0.327968] ftrace: allocating 57352 entries in 226 pages
[    0.328292] ftrace: allocated 226 pages with 4 groups
[    0.352686] Dynamic Preempt: voluntary
[    0.364801] rcu: Preemptible hierarchical RCU implementation.
[    0.364908] rcu: 	RCU restricting CPUs from NR_CPUS=8192 to nr_cpu_ids=2.
[    0.364930] rcu: 	RCU priority boosting: priority 1 delay 500 ms.
[    0.365127] 	Trampoline variant of Tasks RCU enabled.
[    0.365140] 	Rude variant of Tasks RCU enabled.
[    0.365148] 	Tracing variant of Tasks RCU enabled.
[    0.365296] rcu: RCU calculated value of scheduler-enlistment delay is 30 jiffies.
[    0.365333] rcu: Adjusting geometry for rcu_fanout_leaf=16, nr_cpu_ids=2
[    0.368167] RCU Tasks: Setting shift to 1 and lim to 1 rcu_task_cb_adjust=1 rcu_task_cpu_ids=2.
[    0.368247] RCU Tasks Rude: Setting shift to 1 and lim to 1 rcu_task_cb_adjust=1 rcu_task_cpu_ids=2.
[    0.368363] RCU Tasks Trace: Setting shift to 1 and lim to 1 rcu_task_cb_adjust=1 rcu_task_cpu_ids=2.
[    0.464520] NR_IRQS: 524544, nr_irqs: 440, preallocated irqs: 16
[    0.481410] rcu: srcu_init: Setting srcu_struct sizes based on contention.
[    0.482764] clocksource: jiffies: mask: 0xffffffff max_cycles: 0xffffffff, max_idle_ns: 6370867519511994 ns
[    0.489540] kfence: initialized - using 2097152 bytes for 255 objects at 0x(____ptrval____)-0x(____ptrval____)
[    0.498343] Console: colour VGA+ 80x25
[    0.501044] printk: legacy console [ttyS0] enabled
[    0.506253] ACPI: Core revision 20250807
[    0.519151] clocksource: hpet: mask: 0xffffffff max_cycles: 0xffffffff, max_idle_ns: 19112604467 ns
[    0.528274] APIC: Switch to symmetric I/O mode setup
[    0.535778] ..TIMER: vector=0x30 apic1=0 pin1=2 apic2=-1 pin2=-1
[    0.551261] clocksource: tsc-early: mask: 0xffffffffffffffff max_cycles: 0x33e466b4ab4, max_idle_ns: 440795242338 ns
[    0.551950] Calibrating delay loop (skipped), value calculated using timer frequency.. 7202.04 BogoMIPS (lpj=12000070)
[    0.559507] Last level iTLB entries: 4KB 512, 2MB 255, 4MB 127
[    0.559619] Last level dTLB entries: 4KB 512, 2MB 255, 4MB 127, 1GB 0
[    0.560087] mitigations: Enabled attack vectors: user_kernel, user_user, guest_host, guest_guest, SMT mitigations: auto
[    0.560620] Spectre V2 : Mitigation: Retpolines
[    0.560773] Spectre V1 : Mitigation: usercopy/swapgs barriers and __user pointer sanitization
[    0.560894] Spectre V2 : Spectre v2 / SpectreRSB: Filling RSB on context switch and VMEXIT
[    0.562765] x86/fpu: x87 FPU will use FXSAVE
[    0.837133] Freeing SMP alternatives memory: 56K
[    0.839051] pid_max: default: 32768 minimum: 301
[    0.857882] LSM: initializing lsm=capability,landlock,lockdown,yama,bpf
[    0.865740] landlock: Up and running.
[    0.865815] Yama: becoming mindful.
[    0.867088] LSM support for eBPF active
[    0.872931] Mount-cache hash table entries: 512 (order: 0, 4096 bytes, linear)
[    0.873161] Mountpoint-cache hash table entries: 512 (order: 0, 4096 bytes, linear)
[    1.040793] smpboot: CPU0: AMD QEMU Virtual CPU version 2.5+ (family: 0xf, model: 0x6b, stepping: 0x1)
[    1.063695] Performance Events: PMU not available due to virtualization, using software events only.
[    1.065491] signal: max sigframe size: 1440
[    1.067891] rcu: Hierarchical SRCU implementation.
[    1.067971] rcu: 	Max phase no-delay instances is 1000.
[    1.073052] Timer migration: 1 hierarchy levels; 8 children per group; 1 crossnode level
[    1.083575] NMI watchdog: Perf NMI watchdog permanently disabled
[    1.087202] smp: Bringing up secondary CPUs ...
[    1.101919] smpboot: x86: Booting SMP configuration:
[    1.102042] .... node  #0, CPUs:      #1
[    1.213078] smp: Brought up 1 node, 2 CPUs
[    1.213335] smpboot: Total of 2 processors activated (14410.46 BogoMIPS)
[    1.226599] Memory: 188156K/261624K available (21491K kernel code, 2942K rwdata, 16480K rodata, 4772K init, 5548K bss, 69456K reserved, 0K cma-reserved)
[    1.241789] devtmpfs: initialized
[    1.244077] x86/mm: Memory block size: 128MB
[    1.265817] posixtimers hash table entries: 1024 (order: 2, 16384 bytes, linear)
[    1.265817] futex hash table entries: 512 (32768 bytes on 1 NUMA nodes, total 32 KiB, linear).
[    1.274499] pinctrl core: initialized pinctrl subsystem
[    1.285164] PM: RTC time: 22:55:13, date: 2026-10-06
[    1.305539] NET: Registered PF_NETLINK/PF_ROUTE protocol family
[    1.312438] DMA: preallocated 128 KiB GFP_KERNEL pool for atomic allocations
[    1.313130] DMA: preallocated 128 KiB GFP_KERNEL|GFP_DMA pool for atomic allocations
[    1.313259] DMA: preallocated 128 KiB GFP_KERNEL|GFP_DMA32 pool for atomic allocations
[    1.313549] audit: initializing netlink subsys (disabled)
[    1.318919] audit: type=2000 audit(1791327313.796:1): state=initialized audit_enabled=0 res=1
[    1.324211] thermal_sys: Registered thermal governor 'fair_share'
[    1.324281] thermal_sys: Registered thermal governor 'bang_bang'
[    1.324301] thermal_sys: Registered thermal governor 'step_wise'
[    1.324309] thermal_sys: Registered thermal governor 'user_space'
[    1.324316] thermal_sys: Registered thermal governor 'power_allocator'
[    1.325275] cpuidle: using governor ladder
[    1.325380] cpuidle: using governor menu
[    1.327023] acpiphp: ACPI Hot Plug PCI Controller Driver version: 0.5
[    1.338119] PCI: Using configuration type 1 for base access
[    1.338899] mtrr: your CPUs had inconsistent fixed MTRR settings
[    1.338927] mtrr: your CPUs had inconsistent variable MTRR settings
[    1.338944] mtrr: your CPUs had inconsistent MTRRdefType settings
[    1.338954] mtrr: probably your BIOS does not setup all CPUs.
[    1.338964] mtrr: corrected configuration.
[    1.343925] kprobes: kprobe jump-optimization is enabled. All kprobes are optimized if possible.
[    1.466585] HugeTLB: registered 2.00 MiB page size, pre-allocated 0 pages
[    1.466657] HugeTLB: 28 KiB vmemmap can be freed for a 2.00 MiB page
[    1.497329] raid6: skipped pq benchmark and selected sse2x4
[    1.497490] raid6: using intx1 recovery algorithm
[    1.507565] ACPI: Added _OSI(Module Device)
[    1.507675] ACPI: Added _OSI(Processor Device)
[    1.507691] ACPI: Added _OSI(Processor Aggregator Device)
[    1.541263] ACPI: 1 ACPI AML tables successfully acquired and loaded
[    1.582473] ACPI: Interpreter enabled
[    1.585285] ACPI: PM: (supports S0 S3 S4 S5)
[    1.585414] ACPI: Using IOAPIC for interrupt routing
[    1.587401] PCI: Using host bridge windows from ACPI; if necessary, use "pci=nocrs" and report a bug
[    1.587445] PCI: Using E820 reservations for host bridge windows
[    1.590606] ACPI: Enabled 2 GPEs in block 00 to 0F
[    1.661783] ACPI: PCI Root Bridge [PCI0] (domain 0000 [bus 00-ff])
[    1.662746] acpi PNP0A03:00: _OSC: OS supports [ASPM ClockPM Segments MSI EDR HPX-Type3]
[    1.662954] acpi PNP0A03:00: _OSC: not requesting OS control; OS requires [ExtendedConfig ASPM ClockPM MSI]
[    1.664290] acpi PNP0A03:00: fail to add MMCONFIG information, can't access extended configuration space under this bridge
[    1.676344] acpiphp: Slot [3] registered
[    1.676564] acpiphp: Slot [4] registered
[    1.676665] acpiphp: Slot [5] registered
[    1.676770] acpiphp: Slot [6] registered
[    1.676854] acpiphp: Slot [7] registered
[    1.677099] acpiphp: Slot [8] registered
[    1.677260] acpiphp: Slot [9] registered
[    1.677440] acpiphp: Slot [10] registered
[    1.677570] acpiphp: Slot [11] registered
[    1.677773] acpiphp: Slot [12] registered
[    1.677896] acpiphp: Slot [13] registered
[    1.678013] acpiphp: Slot [14] registered
[    1.678309] acpiphp: Slot [15] registered
[    1.678448] acpiphp: Slot [16] registered
[    1.678597] acpiphp: Slot [17] registered
[    1.678754] acpiphp: Slot [18] registered
[    1.678960] acpiphp: Slot [19] registered
[    1.679121] acpiphp: Slot [20] registered
[    1.679265] acpiphp: Slot [21] registered
[    1.679430] acpiphp: Slot [22] registered
[    1.679559] acpiphp: Slot [23] registered
[    1.679703] acpiphp: Slot [24] registered
[    1.679907] acpiphp: Slot [25] registered
[    1.680046] acpiphp: Slot [26] registered
[    1.680305] acpiphp: Slot [27] registered
[    1.680544] acpiphp: Slot [28] registered
[    1.680666] acpiphp: Slot [29] registered
[    1.680783] acpiphp: Slot [30] registered
[    1.680911] acpiphp: Slot [31] registered
[    1.682331] PCI host bridge to bus 0000:00
[    1.682785] pci_bus 0000:00: root bus resource [io  0x0000-0x0cf7 window]
[    1.682952] pci_bus 0000:00: root bus resource [io  0x0d00-0xffff window]
[    1.682968] pci_bus 0000:00: root bus resource [mem 0x000a0000-0x000bffff window]
[    1.683019] pci_bus 0000:00: root bus resource [mem 0x10000000-0xfebfffff window]
[    1.683043] pci_bus 0000:00: root bus resource [mem 0x100000000-0x17fffffff window]
[    1.684961] pci_bus 0000:00: root bus resource [bus 00-ff]
[    1.687578] pci 0000:00:00.0: [8086:1237] type 00 class 0x060000 conventional PCI endpoint
[    1.696559] pci 0000:00:01.0: [8086:7000] type 00 class 0x060100 conventional PCI endpoint
[    1.697486] pci 0000:00:01.1: [8086:7010] type 00 class 0x010180 conventional PCI endpoint
[    1.698775] pci 0000:00:01.1: BAR 4 [io  0xc000-0xc00f]
[    1.698965] pci 0000:00:01.1: BAR 0 [io  0x01f0-0x01f7]: legacy IDE quirk
[    1.699013] pci 0000:00:01.1: BAR 1 [io  0x03f6]: legacy IDE quirk
[    1.699081] pci 0000:00:01.1: BAR 2 [io  0x0170-0x0177]: legacy IDE quirk
[    1.699131] pci 0000:00:01.1: BAR 3 [io  0x0376]: legacy IDE quirk
[    1.700289] pci 0000:00:01.3: [8086:7113] type 00 class 0x068000 conventional PCI endpoint
[    1.701221] pci 0000:00:01.3: quirk: [io  0x0600-0x063f] claimed by PIIX4 ACPI
[    1.701308] pci 0000:00:01.3: quirk: [io  0x0700-0x070f] claimed by PIIX4 SMB
[    1.702860] pci 0000:00:02.0: [1234:1111] type 00 class 0x030000 conventional PCI endpoint
[    1.704471] pci 0000:00:02.0: BAR 0 [mem 0xfd000000-0xfdffffff pref]
[    1.704597] pci 0000:00:02.0: BAR 2 [mem 0xfeb10000-0xfeb10fff]
[    1.704873] pci 0000:00:02.0: ROM [mem 0xfeb00000-0xfeb0ffff pref]
[    1.705416] pci 0000:00:02.0: Video device with shadowed ROM at [mem 0x000c0000-0x000dffff]
[    1.707023] pci 0000:00:03.0: [1234:11e8] type 00 class 0x00ff00 conventional PCI endpoint
[    1.707967] pci 0000:00:03.0: BAR 0 [mem 0xfe900000-0xfe9fffff]
[    1.720261] pci 0000:00:04.0: [1234:11e8] type 00 class 0x00ff00 conventional PCI endpoint
[    1.721125] pci 0000:00:04.0: BAR 0 [mem 0xfea00000-0xfeafffff]
[    1.742974] ACPI: PCI: Interrupt link LNKA configured for IRQ 10
[    1.744382] ACPI: PCI: Interrupt link LNKB configured for IRQ 10
[    1.745292] ACPI: PCI: Interrupt link LNKC configured for IRQ 11
[    1.746118] ACPI: PCI: Interrupt link LNKD configured for IRQ 11
[    1.746581] ACPI: PCI: Interrupt link LNKS configured for IRQ 9
[    1.756054] iommu: Default domain type: Translated
[    1.756054] iommu: DMA domain TLB invalidation policy: lazy mode
[    1.762676] SCSI subsystem initialized
[    1.765875] libata version 3.00 loaded.
[    1.766420] ACPI: bus type USB registered
[    1.769071] usbcore: registered new interface driver usbfs
[    1.769585] usbcore: registered new interface driver hub
[    1.769851] usbcore: registered new device driver usb
[    1.771261] EDAC MC: Ver: 3.0.0
[    1.793800] NetLabel: Initializing
[    1.793843] NetLabel:  domain hash size = 128
[    1.793862] NetLabel:  protocols = UNLABELED CIPSOv4 CALIPSO
[    1.795085] NetLabel:  unlabeled traffic allowed by default
[    1.795150] mctp: management component transport protocol core
[    1.795202] NET: Registered PF_MCTP protocol family
[    1.795996] PCI: Using ACPI for IRQ routing
[    1.796181] PCI: pci_cache_line_size set to 64 bytes
[    1.796699] e820: reserve RAM buffer [mem 0x0009fc00-0x0009ffff]
[    1.796878] e820: reserve RAM buffer [mem 0x0ffe0000-0x0fffffff]
[    1.805690] pci 0000:00:02.0: vgaarb: setting as boot VGA device
[    1.805842] pci 0000:00:02.0: vgaarb: bridge control possible
[    1.805913] pci 0000:00:02.0: vgaarb: VGA device added: decodes=io+mem,owns=io+mem,locks=none
[    1.806029] vgaarb: loaded
[    1.809980] hpet: 3 channels of 0 reserved for per-cpu timers
[    1.810344] hpet0: at MMIO 0xfed00000, IRQs 2, 8, 0
[    1.810583] hpet0: 3 comparators, 64-bit 100.000000 MHz counter
[    1.814852] clocksource: Switched to clocksource tsc-early
[    1.836392] VFS: Disk quotas dquot_6.6.0
[    1.836813] VFS: Dquot-cache hash table entries: 512 (order 0, 4096 bytes)
[    1.842400] pnp: PnP ACPI init
[    1.847345] pnp 00:02: [dma 2]
[    1.848365] ACPI: IRQ 4 override to edge(!), high(!)
[    1.850715] pnp: PnP ACPI: found 5 devices
[    1.910303] clocksource: acpi_pm: mask: 0xffffff max_cycles: 0xffffff, max_idle_ns: 2085701024 ns
[    1.912364] NET: Registered PF_INET protocol family
[    1.914155] IP idents hash table entries: 4096 (order: 3, 32768 bytes, linear)
[    2.007358] tcp_listen_portaddr_hash hash table entries: 256 (order: 0, 4096 bytes, linear)
[    2.007541] Table-perturb hash table entries: 65536 (order: 6, 262144 bytes, linear)
[    2.007645] TCP established hash table entries: 2048 (order: 2, 16384 bytes, linear)
[    2.007883] TCP bind hash table entries: 2048 (order: 4, 65536 bytes, linear)
[    2.008099] TCP: Hash tables configured (established 2048 bind 2048)
[    2.015223] MPTCP token hash table entries: 256 (order: 1, 6144 bytes, linear)
[    2.015776] UDP hash table entries: 256 (order: 2, 16384 bytes, linear)
[    2.016310] UDP-Lite hash table entries: 256 (order: 2, 16384 bytes, linear)
[    2.018758] NET: Registered PF_UNIX/PF_LOCAL protocol family
[    2.019722] NET: Registered PF_XDP protocol family
[    2.020959] pci_bus 0000:00: resource 4 [io  0x0000-0x0cf7 window]
[    2.021001] pci_bus 0000:00: resource 5 [io  0x0d00-0xffff window]
[    2.021014] pci_bus 0000:00: resource 6 [mem 0x000a0000-0x000bffff window]
[    2.021028] pci_bus 0000:00: resource 7 [mem 0x10000000-0xfebfffff window]
[    2.021052] pci_bus 0000:00: resource 8 [mem 0x100000000-0x17fffffff window]
[    2.021796] pci 0000:00:01.0: PIIX3: Enabling Passive Release
[    2.021916] pci 0000:00:00.0: Limiting direct PCI/PCI transfers
[    2.022032] PCI: CLS 0 bytes, default 64
[    2.029516] Trying to unpack rootfs image as initramfs...
[    2.148955] Freeing initrd memory: 1864K
[    2.191890] Initialise system trusted keyrings
[    2.194664] Key type blacklist registered
[    2.196725] workingset: timestamp_bits=36 max_order=16 bucket_order=0
[    2.212967] fuse: init (API version 7.45)
[    2.217337] integrity: Platform Keyring initialized
[    2.217668] integrity: Machine keyring initialized
[    2.311801] xor: measuring software checksum speed
[    2.315940]    prefetch64-sse  :   850 MB/sec
[    2.320078]    generic_sse     :   854 MB/sec
[    2.320184] xor: using function: generic_sse (854 MB/sec)
[    2.320245] Key type asymmetric registered
[    2.320450] Asymmetric key parser 'x509' registered
[    2.321015] Block layer SCSI generic (bsg) driver version 0.4 loaded (major 245)
[    2.323336] io scheduler mq-deadline registered
[    2.323473] io scheduler kyber registered
[    2.323953] io scheduler bfq registered
[    2.326284] ledtrig-cpu: registered to indicate activity on CPUs
[    2.329952] input: Power Button as /devices/LNXSYSTM:00/LNXPWRBN:00/input/input0
[    2.335337] ACPI: button: Power Button [PWRF]
[    2.344293] Serial: 8250/16550 driver, 32 ports, IRQ sharing enabled
[    2.352611] 00:04: ttyS0 at I/O 0x3f8 (irq = 4, base_baud = 115200) is a 16550A
[    2.391231] Non-volatile memory driver v1.3
[    2.391306] Linux agpgart interface v0.103
[    2.392141] ACPI: bus type drm_connector registered
[    2.405227] usbcore: registered new interface driver usbserial_generic
[    2.405669] usbserial: USB Serial support registered for generic
[    2.408470] i8042: PNP: PS/2 Controller [PNP0303:KBD,PNP0f13:MOU] at 0x60,0x64 irq 1,12
[    2.414821] serio: i8042 KBD port at 0x60,0x64 irq 1
[    2.415358] serio: i8042 AUX port at 0x60,0x64 irq 12
[    2.420586] rtc_cmos PNP0B00:00: RTC can wake from S4
[    2.426160] input: AT Translated Set 2 keyboard as /devices/platform/i8042/serio0/input/input1
[    2.430544] rtc_cmos PNP0B00:00: registered as rtc0
[    2.431780] rtc_cmos PNP0B00:00: setting system clock to 2026-10-06T22:55:14 UTC (1791327314)
[    2.434751] rtc_cmos PNP0B00:00: alarms up to one day, y3k, 242 bytes nvram, hpet irqs
[    2.436524] amd_pstate: the _CPC object is not present in SBIOS or ACPI disabled
[    2.439390] hid: raw HID events driver (C) Jiri Kosina
[    2.440191] usbcore: registered new interface driver usbhid
[    2.440222] usbhid: USB HID core driver
[    2.440990] rust_binder: Loaded Rust Binder.
[    2.442434] drop_monitor: Initializing network drop monitor service
[    2.444805] NET: Registered PF_INET6 protocol family
[    2.458810] Segment Routing with IPv6
[    2.458887] RPL Segment Routing with IPv6
[    2.459126] In-situ OAM (IOAM) with IPv6
[    2.459972] NET: Registered PF_PACKET protocol family
[    2.465429] IPI shorthand broadcast: enabled
[    2.499757] sched_clock: Marking stable (2463624194, 35690385)->(2502709573, -3394994)
[    2.505395] registered taskstats version 1
[    2.511201] Loading compiled-in X.509 certificates
[    2.570172] Loaded X.509 cert 'Build time autogenerated kernel key: 9b3ca40beb61592ff2002bcdd6eb2f358ffcd8a5'
[    2.620848] zswap: loaded using pool zstd
[    2.624674] Demotion targets for Node 0: null
[    2.627468] Key type .fscrypt registered
[    2.627507] Key type fscrypt-provisioning registered
[    2.634133] Btrfs loaded, zoned=yes, fsverity=yes
[    2.635421] Key type big_key registered
[    2.640871] PM:   Magic number: 14:700:956
[    2.641133] pci 0000:00:04.0: hash matches
[    2.648593] RAS: Correctable Errors collector initialized.
[    2.692328] clk: Disabling unused clocks
[    2.692919] PM: genpd: Disabling unused power domains
[    2.726449] Freeing unused decrypted memory: 2028K
[    2.846955] Freeing unused kernel image (initmem) memory: 4772K
[    2.847392] Write protecting the kernel read-only data: 40960k
[    2.853351] Freeing unused kernel image (text/rodata gap) memory: 1036K
[    2.856255] Freeing unused kernel image (rodata/data gap) memory: 1952K
[    3.060663] x86/mm: Checked W+X mappings: passed, no W+X pages found.
[    3.061574] rodata_test: all tests were successful
[    3.062790] Run /init as init process
[    3.062820] tsc: Refined TSC clocksource calibration: 3600.017 MHz
[    3.063086]   with arguments:
[    3.063128]     /init
[    3.063151]   with environment:
[    3.063169]     HOME=/
[    3.063185]     TERM=linux
[    3.063192]     lab_test=all
[    3.063285] clocksource: tsc: mask: 0xffffffffffffffff max_cycles: 0x33e4636b2b8, max_idle_ns: 440795347656 ns
[    3.063512] clocksource: Switched to clocksource tsc
[    3.381206] edu_lab: loading out-of-tree module taints kernel.
[    3.381421] edu_lab: module verification failed: signature and/or required key missing - tainting kernel
[    3.445630] ACPI: \_SB_.LNKC: Enabled at IRQ 11
[    3.458758] edu_lab 0000:00:03.0: probe with driver edu_lab failed with error -5
[    3.475165] ACPI: \_SB_.LNKD: Enabled at IRQ 10
[    3.488097] edu_lab 0000:00:04.0: probe with driver edu_lab failed with error -5
[    3.651023] edu_lab 0000:00:03.0: probe with driver edu_lab failed with error -5
[    3.673998] edu_lab 0000:00:04.0: probe with driver edu_lab failed with error -5
[    3.766771] edu_lab 0000:00:03.0: EDU ready, id=010000ed
[    3.772168] edu_lab 0000:00:04.0: probe with driver edu_lab failed with error -16
[    6.101544] edu_lab 0000:00:03.0: EDU released
[    6.214241] edu_lab 0000:00:03.0: EDU ready, id=010000ed
[    6.214630] edu_lab 0000:00:04.0: probe with driver edu_lab failed with error -16
[    7.271678] edu_lab 0000:00:03.0: EDU released
[    7.357668] edu_lab 0000:00:04.0: EDU ready, id=010000ed
[    7.397371] edu_lab 0000:00:04.0: EDU released
LAB PASS all
[    7.607031] reboot: Power down
