Linux archlinux 6.18.55-1-lts #1 SMP PREEMPT_DYNAMIC Sat, 03 Oct 2026 15:08:01 +0000 x86_64 GNU/Linux
EDU discovered: 0000:00:03.0
EDU discovered: 0000:00:04.0
[    2.768099] edu_lab 0000:00:03.0: probe with driver edu_lab failed with error -5
[    2.790330] edu_lab 0000:00:04.0: probe with driver edu_lab failed with error -5
[    2.903660] edu_lab 0000:00:03.0: probe with driver edu_lab failed with error -5
[    2.923176] edu_lab 0000:00:04.0: probe with driver edu_lab failed with error -5
[    3.032400] edu_lab 0000:00:04.0: probe with driver edu_lab failed with error -16
FAIL: new request must be refused while old completion is held (errno=110: Connection timed out)
LAB FAIL: selected-regression
[    0.000000] Linux version 6.18.55-1-lts (linux-lts@archlinux) (gcc (GCC) 16.2.1 20260810, GNU ld (GNU Binutils) 2.47) #1 SMP PREEMPT_DYNAMIC Sat, 03 Oct 2026 15:08:01 +0000
[    0.000000] Command line: console=ttyS0 panic=-1 lab_test=recovery
[    0.000000] BIOS-provided physical RAM map:
[    0.000000] BIOS-e820: [mem 0x0000000000000000-0x000000000009fbff] usable
[    0.000000] BIOS-e820: [mem 0x000000000009fc00-0x000000000009ffff] reserved
[    0.000000] BIOS-e820: [mem 0x00000000000f0000-0x00000000000fffff] reserved
[    0.000000] BIOS-e820: [mem 0x0000000000100000-0x000000000ffdffff] usable
[    0.000000] BIOS-e820: [mem 0x000000000ffe0000-0x000000000fffffff] reserved
[    0.000000] BIOS-e820: [mem 0x00000000fffc0000-0x00000000ffffffff] reserved
[    0.000000] BIOS-e820: [mem 0x000000fd00000000-0x000000ffffffffff] reserved
[    0.000000] NX (Execute Disable) protection: active
[    0.000000] APIC: Static calls initialized
[    0.000000] SMBIOS 2.8 present.
[    0.000000] DMI: QEMU Standard PC (i440FX + PIIX, 1996), BIOS Arch Linux 1.17.0-2-2 04/01/2014
[    0.000000] DMI: Memory slots populated: 1/1
[    0.000000] tsc: Fast TSC calibration failed
[    0.000000] e820: update [mem 0x00000000-0x00000fff] usable ==> reserved
[    0.000000] e820: remove [mem 0x000a0000-0x000fffff] usable
[    0.000000] last_pfn = 0xffe0 max_arch_pfn = 0x400000000
[    0.000000] MTRR map: 4 entries (3 fixed + 1 variable; max 19), built from 8 variable MTRRs
[    0.000000] x86/PAT: Configuration [0-7]: WB  WC  UC- UC  WB  WP  UC- WT  
[    0.000000] found SMP MP-table at [mem 0x000f66b0-0x000f66bf]
[    0.000000] RAMDISK: [mem 0x0fe0e000-0x0ffdffff]
[    0.000000] ACPI: Early table checksum verification disabled
[    0.000000] ACPI: RSDP 0x00000000000F64E0 000014 (v00 BOCHS )
[    0.000000] ACPI: RSDT 0x000000000FFE238A 000034 (v01 BOCHS  BXPC     00000001 BXPC 00000001)
[    0.000000] ACPI: FACP 0x000000000FFE2236 000074 (v01 BOCHS  BXPC     00000001 BXPC 00000001)
[    0.000000] ACPI: DSDT 0x000000000FFE0040 0021F6 (v01 BOCHS  BXPC     00000001 BXPC 00000001)
[    0.000000] ACPI: FACS 0x000000000FFE0000 000040
[    0.000000] ACPI: APIC 0x000000000FFE22AA 000080 (v03 BOCHS  BXPC     00000001 BXPC 00000001)
[    0.000000] ACPI: HPET 0x000000000FFE232A 000038 (v01 BOCHS  BXPC     00000001 BXPC 00000001)
[    0.000000] ACPI: WAET 0x000000000FFE2362 000028 (v01 BOCHS  BXPC     00000001 BXPC 00000001)
[    0.000000] ACPI: Reserving FACP table memory at [mem 0xffe2236-0xffe22a9]
[    0.000000] ACPI: Reserving DSDT table memory at [mem 0xffe0040-0xffe2235]
[    0.000000] ACPI: Reserving FACS table memory at [mem 0xffe0000-0xffe003f]
[    0.000000] ACPI: Reserving APIC table memory at [mem 0xffe22aa-0xffe2329]
[    0.000000] ACPI: Reserving HPET table memory at [mem 0xffe232a-0xffe2361]
[    0.000000] ACPI: Reserving WAET table memory at [mem 0xffe2362-0xffe2389]
[    0.000000] No NUMA configuration found
[    0.000000] Faking a node at [mem 0x0000000000000000-0x000000000ffdffff]
[    0.000000] NODE_DATA(0) allocated [mem 0x0fde3280-0x0fe0dfff]
[    0.000000] Zone ranges:
[    0.000000]   DMA      [mem 0x0000000000001000-0x0000000000ffffff]
[    0.000000]   DMA32    [mem 0x0000000001000000-0x000000000ffdffff]
[    0.000000]   Normal   empty
[    0.000000]   Device   empty
[    0.000000] Movable zone start for each node
[    0.000000] Early memory node ranges
[    0.000000]   node   0: [mem 0x0000000000001000-0x000000000009efff]
[    0.000000]   node   0: [mem 0x0000000000100000-0x000000000ffdffff]
[    0.000000] Initmem setup node 0 [mem 0x0000000000001000-0x000000000ffdffff]
[    0.000000] On node 0, zone DMA: 1 pages in unavailable ranges
[    0.000000] On node 0, zone DMA: 97 pages in unavailable ranges
[    0.000000] On node 0, zone DMA32: 32 pages in unavailable ranges
[    0.000000] ACPI: PM-Timer IO Port: 0x608
[    0.000000] ACPI: LAPIC_NMI (acpi_id[0xff] dfl dfl lint[0x1])
[    0.000000] IOAPIC[0]: apic_id 0, version 32, address 0xfec00000, GSI 0-23
[    0.000000] ACPI: INT_SRC_OVR (bus 0 bus_irq 0 global_irq 2 dfl dfl)
[    0.000000] ACPI: INT_SRC_OVR (bus 0 bus_irq 5 global_irq 5 high level)
[    0.000000] ACPI: INT_SRC_OVR (bus 0 bus_irq 9 global_irq 9 high level)
[    0.000000] ACPI: INT_SRC_OVR (bus 0 bus_irq 10 global_irq 10 high level)
[    0.000000] ACPI: INT_SRC_OVR (bus 0 bus_irq 11 global_irq 11 high level)
[    0.000000] ACPI: Using ACPI (MADT) for SMP configuration information
[    0.000000] ACPI: HPET id: 0x8086a201 base: 0xfed00000
[    0.000000] CPU topo: Max. logical packages:   1
[    0.000000] CPU topo: Max. logical dies:       1
[    0.000000] CPU topo: Max. dies per package:   1
[    0.000000] CPU topo: Max. threads per core:   1
[    0.000000] CPU topo: Num. cores per package:     2
[    0.000000] CPU topo: Num. threads per package:   2
[    0.000000] CPU topo: Allowing 2 present CPUs plus 0 hotplug CPUs
[    0.000000] PM: hibernation: Registered nosave memory: [mem 0x00000000-0x00000fff]
[    0.000000] PM: hibernation: Registered nosave memory: [mem 0x0009f000-0x000fffff]
[    0.000000] [mem 0x10000000-0xfffbffff] available for PCI devices
[    0.000000] Booting paravirtualized kernel on bare hardware
[    0.000000] clocksource: refined-jiffies: mask: 0xffffffff max_cycles: 0xffffffff, max_idle_ns: 6370452778343963 ns
[    0.000000] setup_percpu: NR_CPUS:8192 nr_cpumask_bits:2 nr_cpu_ids:2 nr_node_ids:1
[    0.000000] percpu: Embedded 63 pages/cpu s221184 r8192 d28672 u1048576
[    0.000000] pcpu-alloc: s221184 r8192 d28672 u1048576 alloc=1*2097152
[    0.000000] pcpu-alloc: [0] 0 1 
[    0.000000] Kernel command line: console=ttyS0 panic=-1 lab_test=recovery
[    0.000000] Unknown kernel command line parameters "lab_test=recovery", will be passed to user space.
[    0.000000] printk: log buffer data + meta data: 131072 + 458752 = 589824 bytes
[    0.000000] Dentry cache hash table entries: 32768 (order: 6, 262144 bytes, linear)
[    0.000000] Inode-cache hash table entries: 16384 (order: 5, 131072 bytes, linear)
[    0.000000] Fallback order for Node 0: 0 
[    0.000000] Built 1 zonelists, mobility grouping on.  Total pages: 65406
[    0.000000] Policy zone: DMA32
[    0.000000] mem auto-init: stack:all(zero), heap alloc:on, heap free:off
[    0.000000] SLUB: HWalign=64, Order=0-3, MinObjects=0, CPUs=2, Nodes=1
[    0.000000] ftrace: allocating 57352 entries in 226 pages
[    0.000000] ftrace: allocated 226 pages with 4 groups
[    0.000000] Dynamic Preempt: voluntary
[    0.000000] rcu: Preemptible hierarchical RCU implementation.
[    0.000000] rcu: 	RCU restricting CPUs from NR_CPUS=8192 to nr_cpu_ids=2.
[    0.000000] rcu: 	RCU priority boosting: priority 1 delay 500 ms.
[    0.000000] 	Trampoline variant of Tasks RCU enabled.
[    0.000000] 	Rude variant of Tasks RCU enabled.
[    0.000000] 	Tracing variant of Tasks RCU enabled.
[    0.000000] rcu: RCU calculated value of scheduler-enlistment delay is 30 jiffies.
[    0.000000] rcu: Adjusting geometry for rcu_fanout_leaf=16, nr_cpu_ids=2
[    0.000000] RCU Tasks: Setting shift to 1 and lim to 1 rcu_task_cb_adjust=1 rcu_task_cpu_ids=2.
[    0.000000] RCU Tasks Rude: Setting shift to 1 and lim to 1 rcu_task_cb_adjust=1 rcu_task_cpu_ids=2.
[    0.000000] RCU Tasks Trace: Setting shift to 1 and lim to 1 rcu_task_cb_adjust=1 rcu_task_cpu_ids=2.
[    0.000000] NR_IRQS: 524544, nr_irqs: 440, preallocated irqs: 16
[    0.000000] rcu: srcu_init: Setting srcu_struct sizes based on contention.
[    0.000000] clocksource: jiffies: mask: 0xffffffff max_cycles: 0xffffffff, max_idle_ns: 6370867519511994 ns
[    0.000000] kfence: initialized - using 2097152 bytes for 255 objects at 0x(____ptrval____)-0x(____ptrval____)
[    0.000000] Console: colour VGA+ 80x25
[    0.000000] printk: legacy console [ttyS0] enabled
[    0.000000] ACPI: Core revision 20250807
[    0.000000] clocksource: hpet: mask: 0xffffffff max_cycles: 0xffffffff, max_idle_ns: 19112604467 ns
[    0.006666] APIC: Switch to symmetric I/O mode setup
[    0.013333] ..TIMER: vector=0x30 apic1=0 pin1=2 apic2=-1 pin2=-1
[    0.039999] tsc: Unable to calibrate against PIT
[    0.039999] tsc: using HPET reference calibration
[    0.039999] tsc: Detected 3599.926 MHz processor
[    0.000724] clocksource: tsc-early: mask: 0xffffffffffffffff max_cycles: 0x33e40d4c795, max_idle_ns: 440795343822 ns
[    0.002019] Calibrating delay loop (skipped), value calculated using timer frequency.. 7202.84 BogoMIPS (lpj=11999753)
[    0.010017] Last level iTLB entries: 4KB 512, 2MB 255, 4MB 127
[    0.010075] Last level dTLB entries: 4KB 512, 2MB 255, 4MB 127, 1GB 0
[    0.011381] mitigations: Enabled attack vectors: user_kernel, user_user, guest_host, guest_guest, SMT mitigations: auto
[    0.011883] Spectre V2 : Mitigation: Retpolines
[    0.012096] Spectre V1 : Mitigation: usercopy/swapgs barriers and __user pointer sanitization
[    0.012272] Spectre V2 : Spectre v2 / SpectreRSB: Filling RSB on context switch and VMEXIT
[    0.013458] x86/fpu: x87 FPU will use FXSAVE
[    0.262205] Freeing SMP alternatives memory: 56K
[    0.264879] pid_max: default: 32768 minimum: 301
[    0.283140] LSM: initializing lsm=capability,landlock,lockdown,yama,bpf
[    0.290052] landlock: Up and running.
[    0.290121] Yama: becoming mindful.
[    0.291640] LSM support for eBPF active
[    0.297053] Mount-cache hash table entries: 512 (order: 0, 4096 bytes, linear)
[    0.297230] Mountpoint-cache hash table entries: 512 (order: 0, 4096 bytes, linear)
[    0.467699] smpboot: CPU0: AMD QEMU Virtual CPU version 2.5+ (family: 0xf, model: 0x6b, stepping: 0x1)
[    0.487037] Performance Events: PMU not available due to virtualization, using software events only.
[    0.488594] signal: max sigframe size: 1440
[    0.491597] rcu: Hierarchical SRCU implementation.
[    0.491656] rcu: 	Max phase no-delay instances is 1000.
[    0.496415] Timer migration: 1 hierarchy levels; 8 children per group; 1 crossnode level
[    0.505367] NMI watchdog: Perf NMI watchdog permanently disabled
[    0.509318] smp: Bringing up secondary CPUs ...
[    0.522961] smpboot: x86: Booting SMP configuration:
[    0.523053] .... node  #0, CPUs:      #1
[    0.632334] smp: Brought up 1 node, 2 CPUs
[    0.634501] smpboot: Total of 2 processors activated (14400.45 BogoMIPS)
[    0.646586] Memory: 188160K/261624K available (21491K kernel code, 2942K rwdata, 16480K rodata, 4772K init, 5548K bss, 69452K reserved, 0K cma-reserved)
[    0.661202] devtmpfs: initialized
[    0.665580] x86/mm: Memory block size: 128MB
[    0.684677] posixtimers hash table entries: 1024 (order: 2, 16384 bytes, linear)
[    0.684988] futex hash table entries: 512 (32768 bytes on 1 NUMA nodes, total 32 KiB, linear).
[    0.691364] pinctrl core: initialized pinctrl subsystem
[    0.701378] PM: RTC time: 22:56:42, date: 2026-10-06
[    0.721350] NET: Registered PF_NETLINK/PF_ROUTE protocol family
[    0.726401] DMA: preallocated 128 KiB GFP_KERNEL pool for atomic allocations
[    0.727036] DMA: preallocated 128 KiB GFP_KERNEL|GFP_DMA pool for atomic allocations
[    0.727159] DMA: preallocated 128 KiB GFP_KERNEL|GFP_DMA32 pool for atomic allocations
[    0.727433] audit: initializing netlink subsys (disabled)
[    0.732285] audit: type=2000 audit(1791327401.769:1): state=initialized audit_enabled=0 res=1
[    0.735650] thermal_sys: Registered thermal governor 'fair_share'
[    0.735709] thermal_sys: Registered thermal governor 'bang_bang'
[    0.735727] thermal_sys: Registered thermal governor 'step_wise'
[    0.735735] thermal_sys: Registered thermal governor 'user_space'
[    0.735742] thermal_sys: Registered thermal governor 'power_allocator'
[    0.738022] cpuidle: using governor ladder
[    0.738073] cpuidle: using governor menu
[    0.741643] acpiphp: ACPI Hot Plug PCI Controller Driver version: 0.5
[    0.748973] PCI: Using configuration type 1 for base access
[    0.749565] mtrr: your CPUs had inconsistent fixed MTRR settings
[    0.749590] mtrr: your CPUs had inconsistent variable MTRR settings
[    0.749606] mtrr: your CPUs had inconsistent MTRRdefType settings
[    0.749617] mtrr: probably your BIOS does not setup all CPUs.
[    0.749627] mtrr: corrected configuration.
[    0.755615] kprobes: kprobe jump-optimization is enabled. All kprobes are optimized if possible.
[    0.791198] HugeTLB: registered 2.00 MiB page size, pre-allocated 0 pages
[    0.791198] HugeTLB: 28 KiB vmemmap can be freed for a 2.00 MiB page
[    0.878856] raid6: skipped pq benchmark and selected sse2x4
[    0.879273] raid6: using intx1 recovery algorithm
[    0.888029] ACPI: Added _OSI(Module Device)
[    0.888083] ACPI: Added _OSI(Processor Device)
[    0.888093] ACPI: Added _OSI(Processor Aggregator Device)
[    0.922098] ACPI: 1 ACPI AML tables successfully acquired and loaded
[    0.951205] ACPI: Interpreter enabled
[    0.952704] ACPI: PM: (supports S0 S3 S4 S5)
[    0.952759] ACPI: Using IOAPIC for interrupt routing
[    0.954813] PCI: Using host bridge windows from ACPI; if necessary, use "pci=nocrs" and report a bug
[    0.954859] PCI: Using E820 reservations for host bridge windows
[    0.957515] ACPI: Enabled 2 GPEs in block 00 to 0F
[    1.022650] ACPI: PCI Root Bridge [PCI0] (domain 0000 [bus 00-ff])
[    1.024506] acpi PNP0A03:00: _OSC: OS supports [ASPM ClockPM Segments MSI EDR HPX-Type3]
[    1.024806] acpi PNP0A03:00: _OSC: not requesting OS control; OS requires [ExtendedConfig ASPM ClockPM MSI]
[    1.026594] acpi PNP0A03:00: fail to add MMCONFIG information, can't access extended configuration space under this bridge
[    1.037541] acpiphp: Slot [3] registered
[    1.037928] acpiphp: Slot [4] registered
[    1.038008] acpiphp: Slot [5] registered
[    1.038105] acpiphp: Slot [6] registered
[    1.038179] acpiphp: Slot [7] registered
[    1.038293] acpiphp: Slot [8] registered
[    1.038369] acpiphp: Slot [9] registered
[    1.038543] acpiphp: Slot [10] registered
[    1.038624] acpiphp: Slot [11] registered
[    1.038694] acpiphp: Slot [12] registered
[    1.038811] acpiphp: Slot [13] registered
[    1.039088] acpiphp: Slot [14] registered
[    1.039370] acpiphp: Slot [15] registered
[    1.039476] acpiphp: Slot [16] registered
[    1.039596] acpiphp: Slot [17] registered
[    1.039715] acpiphp: Slot [18] registered
[    1.040009] acpiphp: Slot [19] registered
[    1.040143] acpiphp: Slot [20] registered
[    1.040252] acpiphp: Slot [21] registered
[    1.040356] acpiphp: Slot [22] registered
[    1.040496] acpiphp: Slot [23] registered
[    1.040604] acpiphp: Slot [24] registered
[    1.040709] acpiphp: Slot [25] registered
[    1.040811] acpiphp: Slot [26] registered
[    1.041180] acpiphp: Slot [27] registered
[    1.041288] acpiphp: Slot [28] registered
[    1.041436] acpiphp: Slot [29] registered
[    1.041582] acpiphp: Slot [30] registered
[    1.041689] acpiphp: Slot [31] registered
[    1.042239] PCI host bridge to bus 0000:00
[    1.042701] pci_bus 0000:00: root bus resource [io  0x0000-0x0cf7 window]
[    1.042903] pci_bus 0000:00: root bus resource [io  0x0d00-0xffff window]
[    1.042924] pci_bus 0000:00: root bus resource [mem 0x000a0000-0x000bffff window]
[    1.042986] pci_bus 0000:00: root bus resource [mem 0x10000000-0xfebfffff window]
[    1.042998] pci_bus 0000:00: root bus resource [mem 0x100000000-0x17fffffff window]
[    1.043209] pci_bus 0000:00: root bus resource [bus 00-ff]
[    1.044975] pci 0000:00:00.0: [8086:1237] type 00 class 0x060000 conventional PCI endpoint
[    1.051934] pci 0000:00:01.0: [8086:7000] type 00 class 0x060100 conventional PCI endpoint
[    1.053032] pci 0000:00:01.1: [8086:7010] type 00 class 0x010180 conventional PCI endpoint
[    1.054607] pci 0000:00:01.1: BAR 4 [io  0xc000-0xc00f]
[    1.054767] pci 0000:00:01.1: BAR 0 [io  0x01f0-0x01f7]: legacy IDE quirk
[    1.054811] pci 0000:00:01.1: BAR 1 [io  0x03f6]: legacy IDE quirk
[    1.054861] pci 0000:00:01.1: BAR 2 [io  0x0170-0x0177]: legacy IDE quirk
[    1.054890] pci 0000:00:01.1: BAR 3 [io  0x0376]: legacy IDE quirk
[    1.055892] pci 0000:00:01.3: [8086:7113] type 00 class 0x068000 conventional PCI endpoint
[    1.056370] pci 0000:00:01.3: quirk: [io  0x0600-0x063f] claimed by PIIX4 ACPI
[    1.056420] pci 0000:00:01.3: quirk: [io  0x0700-0x070f] claimed by PIIX4 SMB
[    1.057066] pci 0000:00:02.0: [1234:1111] type 00 class 0x030000 conventional PCI endpoint
[    1.057831] pci 0000:00:02.0: BAR 0 [mem 0xfd000000-0xfdffffff pref]
[    1.057961] pci 0000:00:02.0: BAR 2 [mem 0xfeb10000-0xfeb10fff]
[    1.057982] pci 0000:00:02.0: ROM [mem 0xfeb00000-0xfeb0ffff pref]
[    1.058604] pci 0000:00:02.0: Video device with shadowed ROM at [mem 0x000c0000-0x000dffff]
[    1.061801] pci 0000:00:03.0: [1234:11e8] type 00 class 0x00ff00 conventional PCI endpoint
[    1.064459] pci 0000:00:03.0: BAR 0 [mem 0xfe900000-0xfe9fffff]
[    1.075543] pci 0000:00:04.0: [1234:11e8] type 00 class 0x00ff00 conventional PCI endpoint
[    1.076601] pci 0000:00:04.0: BAR 0 [mem 0xfea00000-0xfeafffff]
[    1.092639] ACPI: PCI: Interrupt link LNKA configured for IRQ 10
[    1.093685] ACPI: PCI: Interrupt link LNKB configured for IRQ 10
[    1.094521] ACPI: PCI: Interrupt link LNKC configured for IRQ 11
[    1.095227] ACPI: PCI: Interrupt link LNKD configured for IRQ 11
[    1.095535] ACPI: PCI: Interrupt link LNKS configured for IRQ 9
[    1.101969] iommu: Default domain type: Translated
[    1.101969] iommu: DMA domain TLB invalidation policy: lazy mode
[    1.108386] SCSI subsystem initialized
[    1.109087] libata version 3.00 loaded.
[    1.111473] ACPI: bus type USB registered
[    1.112463] usbcore: registered new interface driver usbfs
[    1.113015] usbcore: registered new interface driver hub
[    1.113423] usbcore: registered new device driver usb
[    1.114982] EDAC MC: Ver: 3.0.0
[    1.133729] NetLabel: Initializing
[    1.133777] NetLabel:  domain hash size = 128
[    1.133796] NetLabel:  protocols = UNLABELED CIPSOv4 CALIPSO
[    1.134788] NetLabel:  unlabeled traffic allowed by default
[    1.135005] mctp: management component transport protocol core
[    1.135040] NET: Registered PF_MCTP protocol family
[    1.136086] PCI: Using ACPI for IRQ routing
[    1.136261] PCI: pci_cache_line_size set to 64 bytes
[    1.136746] e820: reserve RAM buffer [mem 0x0009fc00-0x0009ffff]
[    1.136985] e820: reserve RAM buffer [mem 0x0ffe0000-0x0fffffff]
[    1.142282] pci 0000:00:02.0: vgaarb: setting as boot VGA device
[    1.142409] pci 0000:00:02.0: vgaarb: bridge control possible
[    1.142483] pci 0000:00:02.0: vgaarb: VGA device added: decodes=io+mem,owns=io+mem,locks=none
[    1.144424] vgaarb: loaded
[    1.145979] hpet: 3 channels of 0 reserved for per-cpu timers
[    1.145979] hpet0: at MMIO 0xfed00000, IRQs 2, 8, 0
[    1.145979] hpet0: 3 comparators, 64-bit 100.000000 MHz counter
[    1.153510] clocksource: Switched to clocksource tsc-early
[    1.160295] VFS: Disk quotas dquot_6.6.0
[    1.160712] VFS: Dquot-cache hash table entries: 512 (order 0, 4096 bytes)
[    1.168890] pnp: PnP ACPI init
[    1.173033] pnp 00:02: [dma 2]
[    1.173837] ACPI: IRQ 4 override to edge(!), high(!)
[    1.176519] pnp: PnP ACPI: found 5 devices
[    1.228536] clocksource: acpi_pm: mask: 0xffffff max_cycles: 0xffffff, max_idle_ns: 2085701024 ns
[    1.231987] NET: Registered PF_INET protocol family
[    1.234110] IP idents hash table entries: 4096 (order: 3, 32768 bytes, linear)
[    1.330808] tcp_listen_portaddr_hash hash table entries: 256 (order: 0, 4096 bytes, linear)
[    1.331065] Table-perturb hash table entries: 65536 (order: 6, 262144 bytes, linear)
[    1.331399] TCP established hash table entries: 2048 (order: 2, 16384 bytes, linear)
[    1.331664] TCP bind hash table entries: 2048 (order: 4, 65536 bytes, linear)
[    1.331802] TCP: Hash tables configured (established 2048 bind 2048)
[    1.333588] MPTCP token hash table entries: 256 (order: 1, 6144 bytes, linear)
[    1.334273] UDP hash table entries: 256 (order: 2, 16384 bytes, linear)
[    1.334788] UDP-Lite hash table entries: 256 (order: 2, 16384 bytes, linear)
[    1.337547] NET: Registered PF_UNIX/PF_LOCAL protocol family
[    1.338536] NET: Registered PF_XDP protocol family
[    1.340148] pci_bus 0000:00: resource 4 [io  0x0000-0x0cf7 window]
[    1.340225] pci_bus 0000:00: resource 5 [io  0x0d00-0xffff window]
[    1.340247] pci_bus 0000:00: resource 6 [mem 0x000a0000-0x000bffff window]
[    1.340269] pci_bus 0000:00: resource 7 [mem 0x10000000-0xfebfffff window]
[    1.340287] pci_bus 0000:00: resource 8 [mem 0x100000000-0x17fffffff window]
[    1.341496] pci 0000:00:01.0: PIIX3: Enabling Passive Release
[    1.341662] pci 0000:00:00.0: Limiting direct PCI/PCI transfers
[    1.341798] PCI: CLS 0 bytes, default 64
[    1.348429] Trying to unpack rootfs image as initramfs...
[    1.471978] Freeing initrd memory: 1864K
[    1.526376] Initialise system trusted keyrings
[    1.529683] Key type blacklist registered
[    1.531805] workingset: timestamp_bits=36 max_order=16 bucket_order=0
[    1.548476] fuse: init (API version 7.45)
[    1.553856] integrity: Platform Keyring initialized
[    1.554173] integrity: Machine keyring initialized
[    1.655003] xor: measuring software checksum speed
[    1.659267]    prefetch64-sse  :   800 MB/sec
[    1.663223]    generic_sse     :   860 MB/sec
[    1.663313] xor: using function: generic_sse (860 MB/sec)
[    1.663367] Key type asymmetric registered
[    1.663532] Asymmetric key parser 'x509' registered
[    1.664099] Block layer SCSI generic (bsg) driver version 0.4 loaded (major 245)
[    1.665739] io scheduler mq-deadline registered
[    1.665842] io scheduler kyber registered
[    1.666163] io scheduler bfq registered
[    1.668009] ledtrig-cpu: registered to indicate activity on CPUs
[    1.673459] input: Power Button as /devices/LNXSYSTM:00/LNXPWRBN:00/input/input0
[    1.679680] ACPI: button: Power Button [PWRF]
[    1.688500] Serial: 8250/16550 driver, 32 ports, IRQ sharing enabled
[    1.696131] 00:04: ttyS0 at I/O 0x3f8 (irq = 4, base_baud = 115200) is a 16550A
[    1.739055] Non-volatile memory driver v1.3
[    1.739174] Linux agpgart interface v0.103
[    1.740122] ACPI: bus type drm_connector registered
[    1.752059] usbcore: registered new interface driver usbserial_generic
[    1.752346] usbserial: USB Serial support registered for generic
[    1.753698] i8042: PNP: PS/2 Controller [PNP0303:KBD,PNP0f13:MOU] at 0x60,0x64 irq 1,12
[    1.758962] serio: i8042 KBD port at 0x60,0x64 irq 1
[    1.759439] serio: i8042 AUX port at 0x60,0x64 irq 12
[    1.764185] rtc_cmos PNP0B00:00: RTC can wake from S4
[    1.773513] input: AT Translated Set 2 keyboard as /devices/platform/i8042/serio0/input/input1
[    1.774050] rtc_cmos PNP0B00:00: registered as rtc0
[    1.775332] rtc_cmos PNP0B00:00: setting system clock to 2026-10-06T22:56:43 UTC (1791327403)
[    1.779990] rtc_cmos PNP0B00:00: alarms up to one day, y3k, 242 bytes nvram, hpet irqs
[    1.781939] amd_pstate: the _CPC object is not present in SBIOS or ACPI disabled
[    1.783739] hid: raw HID events driver (C) Jiri Kosina
[    1.784282] usbcore: registered new interface driver usbhid
[    1.784309] usbhid: USB HID core driver
[    1.785438] rust_binder: Loaded Rust Binder.
[    1.786272] drop_monitor: Initializing network drop monitor service
[    1.788704] NET: Registered PF_INET6 protocol family
[    1.802854] Segment Routing with IPv6
[    1.802930] RPL Segment Routing with IPv6
[    1.803184] In-situ OAM (IOAM) with IPv6
[    1.803875] NET: Registered PF_PACKET protocol family
[    1.810257] IPI shorthand broadcast: enabled
[    1.844320] sched_clock: Marking stable (1880137572, -38967078)->(1845627464, -4456970)
[    1.851965] registered taskstats version 1
[    1.859118] Loading compiled-in X.509 certificates
[    1.920711] Loaded X.509 cert 'Build time autogenerated kernel key: 9b3ca40beb61592ff2002bcdd6eb2f358ffcd8a5'
[    1.965757] zswap: loaded using pool zstd
[    1.970081] Demotion targets for Node 0: null
[    1.973245] Key type .fscrypt registered
[    1.973321] Key type fscrypt-provisioning registered
[    1.980004] Btrfs loaded, zoned=yes, fsverity=yes
[    1.982506] Key type big_key registered
[    1.987208] PM:   Magic number: 14:700:956
[    1.987450] pci 0000:00:04.0: hash matches
[    1.995087] RAS: Correctable Errors collector initialized.
[    2.039999] clk: Disabling unused clocks
[    2.040315] PM: genpd: Disabling unused power domains
[    2.077618] Freeing unused decrypted memory: 2028K
[    2.188311] Freeing unused kernel image (initmem) memory: 4772K
[    2.188725] Write protecting the kernel read-only data: 40960k
[    2.192287] Freeing unused kernel image (text/rodata gap) memory: 1036K
[    2.194214] Freeing unused kernel image (rodata/data gap) memory: 1952K
[    2.387245] x86/mm: Checked W+X mappings: passed, no W+X pages found.
[    2.387988] rodata_test: all tests were successful
[    2.388548] tsc: Refined TSC clocksource calibration: 3600.018 MHz
[    2.388878] Run /init as init process
[    2.388975] clocksource: tsc: mask: 0xffffffffffffffff max_cycles: 0x33e464bbc4f, max_idle_ns: 440795305529 ns
[    2.389149]   with arguments:
[    2.389192]     /init
[    2.389215]   with environment:
[    2.389235]     HOME=/
[    2.389257]     TERM=linux
[    2.389267]     lab_test=recovery
[    2.389414] clocksource: Switched to clocksource tsc
[    2.687775] edu_lab: loading out-of-tree module taints kernel.
[    2.688517] edu_lab: module verification failed: signature and/or required key missing - tainting kernel
[    2.756843] ACPI: \_SB_.LNKC: Enabled at IRQ 11
[    2.768099] edu_lab 0000:00:03.0: probe with driver edu_lab failed with error -5
[    2.782566] ACPI: \_SB_.LNKD: Enabled at IRQ 10
[    2.790330] edu_lab 0000:00:04.0: probe with driver edu_lab failed with error -5
[    2.903660] edu_lab 0000:00:03.0: probe with driver edu_lab failed with error -5
[    2.923176] edu_lab 0000:00:04.0: probe with driver edu_lab failed with error -5
[    3.030937] edu_lab 0000:00:03.0: EDU ready, id=010000ed
[    3.032400] edu_lab 0000:00:04.0: probe with driver edu_lab failed with error -16
[    5.312631] reboot: Power down
