Linux archlinux 6.18.55-1-lts #1 SMP PREEMPT_DYNAMIC Sat, 03 Oct 2026 15:08:01 +0000 x86_64 GNU/Linux
EDU discovered: 0000:00:03.0
EDU discovered: 0000:00:04.0
[    3.605357] edu_lab 0000:00:03.0: probe with driver edu_lab failed with error -5
[    3.627820] edu_lab 0000:00:04.0: probe with driver edu_lab failed with error -5
[    3.751124] edu_lab 0000:00:03.0: probe with driver edu_lab failed with error -5
[    3.768380] edu_lab 0000:00:04.0: probe with driver edu_lab failed with error -5
[    3.847709] edu_lab 0000:00:04.0: probe with driver edu_lab failed with error -16
LIVE 00000000 -> ffffffff verified
LIVE ffffffff -> 00000000 verified
LIVE 12345678 -> edcba987 verified
LIVE aaaaaaaa -> 55555555 verified
PASS liveness and invalid interface requests
PASS factorial 0..12, invalid 13/u32-max, 130 repeated requests
PASS four concurrent handles, 100 factorial requests
device closed
[    4.084386] edu_lab 0000:00:04.0: probe with driver edu_lab failed with error -16
LIVE deadbeef -> 21524110 verified
device closed
FACTORIAL 12 -> 479001600 verified
device closed
[    0.000000] Linux version 6.18.55-1-lts (linux-lts@archlinux) (gcc (GCC) 16.2.1 20260810, GNU ld (GNU Binutils) 2.47) #1 SMP PREEMPT_DYNAMIC Sat, 03 Oct 2026 15:08:01 +0000
[    0.000000] Command line: console=ttyS0 panic=-1 lab_test=selftest
[    0.000000] BIOS-provided physical RAM map:
[    0.000000] BIOS-e820: [mem 0x0000000000000000-0x000000000009fbff] usable
[    0.000000] BIOS-e820: [mem 0x000000000009fc00-0x000000000009ffff] reserved
[    0.000000] BIOS-e820: [mem 0x00000000000f0000-0x00000000000fffff] reserved
[    0.000000] BIOS-e820: [mem 0x0000000000100000-0x000000000ffdffff] usable
[    0.000000] BIOS-e820: [mem 0x000000000ffe0000-0x000000000fffffff] reserved
[    0.000000] BIOS-e820: [mem 0x00000000fffc0000-0x00000000ffffffff] reserved
[    0.000000] BIOS-e820: [mem 0x000000fd00000000-0x000000ffffffffff] reserved
[    0.000000] NX (Execute Disable) protection: active
[    0.000000] APIC: Static calls initialized
[    0.000000] SMBIOS 2.8 present.
[    0.000000] DMI: QEMU Standard PC (i440FX + PIIX, 1996), BIOS Arch Linux 1.17.0-2-2 04/01/2014
[    0.000000] DMI: Memory slots populated: 1/1
[    0.000000] tsc: Fast TSC calibration using PIT
[    0.000000] tsc: Detected 3600.039 MHz processor
[    0.011206] e820: update [mem 0x00000000-0x00000fff] usable ==> reserved
[    0.011495] e820: remove [mem 0x000a0000-0x000fffff] usable
[    0.012363] last_pfn = 0xffe0 max_arch_pfn = 0x400000000
[    0.013866] MTRR map: 4 entries (3 fixed + 1 variable; max 19), built from 8 variable MTRRs
[    0.014148] x86/PAT: Configuration [0-7]: WB  WC  UC- UC  WB  WP  UC- WT  
[    0.067161] found SMP MP-table at [mem 0x000f66b0-0x000f66bf]
[    0.079035] RAMDISK: [mem 0x0fe0e000-0x0ffdffff]
[    0.079846] ACPI: Early table checksum verification disabled
[    0.080696] ACPI: RSDP 0x00000000000F64E0 000014 (v00 BOCHS )
[    0.081220] ACPI: RSDT 0x000000000FFE238A 000034 (v01 BOCHS  BXPC     00000001 BXPC 00000001)
[    0.082360] ACPI: FACP 0x000000000FFE2236 000074 (v01 BOCHS  BXPC     00000001 BXPC 00000001)
[    0.083335] ACPI: DSDT 0x000000000FFE0040 0021F6 (v01 BOCHS  BXPC     00000001 BXPC 00000001)
[    0.083464] ACPI: FACS 0x000000000FFE0000 000040
[    0.083556] ACPI: APIC 0x000000000FFE22AA 000080 (v03 BOCHS  BXPC     00000001 BXPC 00000001)
[    0.083601] ACPI: HPET 0x000000000FFE232A 000038 (v01 BOCHS  BXPC     00000001 BXPC 00000001)
[    0.083641] ACPI: WAET 0x000000000FFE2362 000028 (v01 BOCHS  BXPC     00000001 BXPC 00000001)
[    0.083866] ACPI: Reserving FACP table memory at [mem 0xffe2236-0xffe22a9]
[    0.083926] ACPI: Reserving DSDT table memory at [mem 0xffe0040-0xffe2235]
[    0.083943] ACPI: Reserving FACS table memory at [mem 0xffe0000-0xffe003f]
[    0.083957] ACPI: Reserving APIC table memory at [mem 0xffe22aa-0xffe2329]
[    0.083968] ACPI: Reserving HPET table memory at [mem 0xffe232a-0xffe2361]
[    0.083976] ACPI: Reserving WAET table memory at [mem 0xffe2362-0xffe2389]
[    0.089175] No NUMA configuration found
[    0.089307] Faking a node at [mem 0x0000000000000000-0x000000000ffdffff]
[    0.091888] NODE_DATA(0) allocated [mem 0x0fde3280-0x0fe0dfff]
[    0.100272] Zone ranges:
[    0.100338]   DMA      [mem 0x0000000000001000-0x0000000000ffffff]
[    0.100486]   DMA32    [mem 0x0000000001000000-0x000000000ffdffff]
[    0.100507]   Normal   empty
[    0.100532]   Device   empty
[    0.100550] Movable zone start for each node
[    0.100618] Early memory node ranges
[    0.100662]   node   0: [mem 0x0000000000001000-0x000000000009efff]
[    0.100900]   node   0: [mem 0x0000000000100000-0x000000000ffdffff]
[    0.101134] Initmem setup node 0 [mem 0x0000000000001000-0x000000000ffdffff]
[    0.105157] On node 0, zone DMA: 1 pages in unavailable ranges
[    0.105692] On node 0, zone DMA: 97 pages in unavailable ranges
[    0.111588] On node 0, zone DMA32: 32 pages in unavailable ranges
[    0.112511] ACPI: PM-Timer IO Port: 0x608
[    0.113273] ACPI: LAPIC_NMI (acpi_id[0xff] dfl dfl lint[0x1])
[    0.114041] IOAPIC[0]: apic_id 0, version 32, address 0xfec00000, GSI 0-23
[    0.114281] ACPI: INT_SRC_OVR (bus 0 bus_irq 0 global_irq 2 dfl dfl)
[    0.114739] ACPI: INT_SRC_OVR (bus 0 bus_irq 5 global_irq 5 high level)
[    0.114837] ACPI: INT_SRC_OVR (bus 0 bus_irq 9 global_irq 9 high level)
[    0.115017] ACPI: INT_SRC_OVR (bus 0 bus_irq 10 global_irq 10 high level)
[    0.115036] ACPI: INT_SRC_OVR (bus 0 bus_irq 11 global_irq 11 high level)
[    0.115371] ACPI: Using ACPI (MADT) for SMP configuration information
[    0.115459] ACPI: HPET id: 0x8086a201 base: 0xfed00000
[    0.116251] CPU topo: Max. logical packages:   1
[    0.116285] CPU topo: Max. logical dies:       1
[    0.116306] CPU topo: Max. dies per package:   1
[    0.116395] CPU topo: Max. threads per core:   1
[    0.116590] CPU topo: Num. cores per package:     2
[    0.116624] CPU topo: Num. threads per package:   2
[    0.116643] CPU topo: Allowing 2 present CPUs plus 0 hotplug CPUs
[    0.118351] PM: hibernation: Registered nosave memory: [mem 0x00000000-0x00000fff]
[    0.118416] PM: hibernation: Registered nosave memory: [mem 0x0009f000-0x000fffff]
[    0.118609] [mem 0x10000000-0xfffbffff] available for PCI devices
[    0.118720] Booting paravirtualized kernel on bare hardware
[    0.119366] clocksource: refined-jiffies: mask: 0xffffffff max_cycles: 0xffffffff, max_idle_ns: 6370452778343963 ns
[    0.140609] setup_percpu: NR_CPUS:8192 nr_cpumask_bits:2 nr_cpu_ids:2 nr_node_ids:1
[    0.146117] percpu: Embedded 63 pages/cpu s221184 r8192 d28672 u1048576
[    0.146728] pcpu-alloc: s221184 r8192 d28672 u1048576 alloc=1*2097152
[    0.146823] pcpu-alloc: [0] 0 1 
[    0.148152] Kernel command line: console=ttyS0 panic=-1 lab_test=selftest
[    0.149738] Unknown kernel command line parameters "lab_test=selftest", will be passed to user space.
[    0.150039] printk: log buffer data + meta data: 131072 + 458752 = 589824 bytes
[    0.150381] Dentry cache hash table entries: 32768 (order: 6, 262144 bytes, linear)
[    0.150581] Inode-cache hash table entries: 16384 (order: 5, 131072 bytes, linear)
[    0.157547] Fallback order for Node 0: 0 
[    0.158042] Built 1 zonelists, mobility grouping on.  Total pages: 65406
[    0.158072] Policy zone: DMA32
[    0.161888] mem auto-init: stack:all(zero), heap alloc:on, heap free:off
[    0.225386] SLUB: HWalign=64, Order=0-3, MinObjects=0, CPUs=2, Nodes=1
[    0.310085] ftrace: allocating 57352 entries in 226 pages
[    0.310567] ftrace: allocated 226 pages with 4 groups
[    0.330679] Dynamic Preempt: voluntary
[    0.339165] rcu: Preemptible hierarchical RCU implementation.
[    0.339227] rcu: 	RCU restricting CPUs from NR_CPUS=8192 to nr_cpu_ids=2.
[    0.339254] rcu: 	RCU priority boosting: priority 1 delay 500 ms.
[    0.339462] 	Trampoline variant of Tasks RCU enabled.
[    0.339476] 	Rude variant of Tasks RCU enabled.
[    0.339488] 	Tracing variant of Tasks RCU enabled.
[    0.339689] rcu: RCU calculated value of scheduler-enlistment delay is 30 jiffies.
[    0.339927] rcu: Adjusting geometry for rcu_fanout_leaf=16, nr_cpu_ids=2
[    0.342284] RCU Tasks: Setting shift to 1 and lim to 1 rcu_task_cb_adjust=1 rcu_task_cpu_ids=2.
[    0.342383] RCU Tasks Rude: Setting shift to 1 and lim to 1 rcu_task_cb_adjust=1 rcu_task_cpu_ids=2.
[    0.342404] RCU Tasks Trace: Setting shift to 1 and lim to 1 rcu_task_cb_adjust=1 rcu_task_cpu_ids=2.
[    0.467354] NR_IRQS: 524544, nr_irqs: 440, preallocated irqs: 16
[    0.482593] rcu: srcu_init: Setting srcu_struct sizes based on contention.
[    0.483554] clocksource: jiffies: mask: 0xffffffff max_cycles: 0xffffffff, max_idle_ns: 6370867519511994 ns
[    0.491324] kfence: initialized - using 2097152 bytes for 255 objects at 0x(____ptrval____)-0x(____ptrval____)
[    0.501945] Console: colour VGA+ 80x25
[    0.504672] printk: legacy console [ttyS0] enabled
[    0.508863] ACPI: Core revision 20250807
[    0.519283] clocksource: hpet: mask: 0xffffffff max_cycles: 0xffffffff, max_idle_ns: 19112604467 ns
[    0.522573] APIC: Switch to symmetric I/O mode setup
[    0.535392] ..TIMER: vector=0x30 apic1=0 pin1=2 apic2=-1 pin2=-1
[    0.551845] clocksource: tsc-early: mask: 0xffffffffffffffff max_cycles: 0x33e47874cac, max_idle_ns: 440795311274 ns
[    0.552470] Calibrating delay loop (skipped), value calculated using timer frequency.. 7202.08 BogoMIPS (lpj=12000130)
[    0.557878] Last level iTLB entries: 4KB 512, 2MB 255, 4MB 127
[    0.557945] Last level dTLB entries: 4KB 512, 2MB 255, 4MB 127, 1GB 0
[    0.559047] mitigations: Enabled attack vectors: user_kernel, user_user, guest_host, guest_guest, SMT mitigations: auto
[    0.559551] Spectre V2 : Mitigation: Retpolines
[    0.560695] Spectre V1 : Mitigation: usercopy/swapgs barriers and __user pointer sanitization
[    0.560823] Spectre V2 : Spectre v2 / SpectreRSB: Filling RSB on context switch and VMEXIT
[    0.561987] x86/fpu: x87 FPU will use FXSAVE
[    0.823392] Freeing SMP alternatives memory: 56K
[    0.825788] pid_max: default: 32768 minimum: 301
[    0.847260] LSM: initializing lsm=capability,landlock,lockdown,yama,bpf
[    0.853748] landlock: Up and running.
[    0.853856] Yama: becoming mindful.
[    0.855831] LSM support for eBPF active
[    0.860758] Mount-cache hash table entries: 512 (order: 0, 4096 bytes, linear)
[    0.860920] Mountpoint-cache hash table entries: 512 (order: 0, 4096 bytes, linear)
[    1.031764] smpboot: CPU0: AMD QEMU Virtual CPU version 2.5+ (family: 0xf, model: 0x6b, stepping: 0x1)
[    1.053094] Performance Events: PMU not available due to virtualization, using software events only.
[    1.054456] signal: max sigframe size: 1440
[    1.056936] rcu: Hierarchical SRCU implementation.
[    1.056973] rcu: 	Max phase no-delay instances is 1000.
[    1.062671] Timer migration: 1 hierarchy levels; 8 children per group; 1 crossnode level
[    1.070519] NMI watchdog: Perf NMI watchdog permanently disabled
[    1.076566] smp: Bringing up secondary CPUs ...
[    1.088415] smpboot: x86: Booting SMP configuration:
[    1.088487] .... node  #0, CPUs:      #1
[    1.196328] smp: Brought up 1 node, 2 CPUs
[    1.196556] smpboot: Total of 2 processors activated (14434.75 BogoMIPS)
[    1.209514] Memory: 188160K/261624K available (21491K kernel code, 2942K rwdata, 16480K rodata, 4772K init, 5548K bss, 69452K reserved, 0K cma-reserved)
[    1.222254] devtmpfs: initialized
[    1.227360] x86/mm: Memory block size: 128MB
[    1.246742] posixtimers hash table entries: 1024 (order: 2, 16384 bytes, linear)
[    1.246742] futex hash table entries: 512 (32768 bytes on 1 NUMA nodes, total 32 KiB, linear).
[    1.253085] pinctrl core: initialized pinctrl subsystem
[    1.262538] PM: RTC time: 22:56:35, date: 2026-10-06
[    1.281432] NET: Registered PF_NETLINK/PF_ROUTE protocol family
[    1.289459] DMA: preallocated 128 KiB GFP_KERNEL pool for atomic allocations
[    1.290145] DMA: preallocated 128 KiB GFP_KERNEL|GFP_DMA pool for atomic allocations
[    1.290261] DMA: preallocated 128 KiB GFP_KERNEL|GFP_DMA32 pool for atomic allocations
[    1.290568] audit: initializing netlink subsys (disabled)
[    1.293590] audit: type=2000 audit(1791327394.766:1): state=initialized audit_enabled=0 res=1
[    1.299942] thermal_sys: Registered thermal governor 'fair_share'
[    1.300103] thermal_sys: Registered thermal governor 'bang_bang'
[    1.300137] thermal_sys: Registered thermal governor 'step_wise'
[    1.300148] thermal_sys: Registered thermal governor 'user_space'
[    1.300161] thermal_sys: Registered thermal governor 'power_allocator'
[    1.302471] cpuidle: using governor ladder
[    1.302587] cpuidle: using governor menu
[    1.304636] acpiphp: ACPI Hot Plug PCI Controller Driver version: 0.5
[    1.312712] PCI: Using configuration type 1 for base access
[    1.313539] mtrr: your CPUs had inconsistent fixed MTRR settings
[    1.313573] mtrr: your CPUs had inconsistent variable MTRR settings
[    1.313594] mtrr: your CPUs had inconsistent MTRRdefType settings
[    1.313606] mtrr: probably your BIOS does not setup all CPUs.
[    1.313620] mtrr: corrected configuration.
[    1.318427] kprobes: kprobe jump-optimization is enabled. All kprobes are optimized if possible.
[    1.439258] HugeTLB: registered 2.00 MiB page size, pre-allocated 0 pages
[    1.439353] HugeTLB: 28 KiB vmemmap can be freed for a 2.00 MiB page
[    1.469193] raid6: skipped pq benchmark and selected sse2x4
[    1.469334] raid6: using intx1 recovery algorithm
[    1.477521] ACPI: Added _OSI(Module Device)
[    1.477680] ACPI: Added _OSI(Processor Device)
[    1.477700] ACPI: Added _OSI(Processor Aggregator Device)
[    1.512608] ACPI: 1 ACPI AML tables successfully acquired and loaded
[    1.549305] ACPI: Interpreter enabled
[    1.551763] ACPI: PM: (supports S0 S3 S4 S5)
[    1.551862] ACPI: Using IOAPIC for interrupt routing
[    1.554365] PCI: Using host bridge windows from ACPI; if necessary, use "pci=nocrs" and report a bug
[    1.554470] PCI: Using E820 reservations for host bridge windows
[    1.558001] ACPI: Enabled 2 GPEs in block 00 to 0F
[    1.629986] ACPI: PCI Root Bridge [PCI0] (domain 0000 [bus 00-ff])
[    1.631521] acpi PNP0A03:00: _OSC: OS supports [ASPM ClockPM Segments MSI EDR HPX-Type3]
[    1.631866] acpi PNP0A03:00: _OSC: not requesting OS control; OS requires [ExtendedConfig ASPM ClockPM MSI]
[    1.633717] acpi PNP0A03:00: fail to add MMCONFIG information, can't access extended configuration space under this bridge
[    1.644445] acpiphp: Slot [3] registered
[    1.644606] acpiphp: Slot [4] registered
[    1.644683] acpiphp: Slot [5] registered
[    1.644804] acpiphp: Slot [6] registered
[    1.644878] acpiphp: Slot [7] registered
[    1.644966] acpiphp: Slot [8] registered
[    1.645039] acpiphp: Slot [9] registered
[    1.645128] acpiphp: Slot [10] registered
[    1.645213] acpiphp: Slot [11] registered
[    1.645285] acpiphp: Slot [12] registered
[    1.645356] acpiphp: Slot [13] registered
[    1.645550] acpiphp: Slot [14] registered
[    1.645623] acpiphp: Slot [15] registered
[    1.645736] acpiphp: Slot [16] registered
[    1.645811] acpiphp: Slot [17] registered
[    1.645902] acpiphp: Slot [18] registered
[    1.645976] acpiphp: Slot [19] registered
[    1.646046] acpiphp: Slot [20] registered
[    1.646154] acpiphp: Slot [21] registered
[    1.646270] acpiphp: Slot [22] registered
[    1.646347] acpiphp: Slot [23] registered
[    1.646473] acpiphp: Slot [24] registered
[    1.646588] acpiphp: Slot [25] registered
[    1.646665] acpiphp: Slot [26] registered
[    1.646772] acpiphp: Slot [27] registered
[    1.646861] acpiphp: Slot [28] registered
[    1.646976] acpiphp: Slot [29] registered
[    1.647084] acpiphp: Slot [30] registered
[    1.647179] acpiphp: Slot [31] registered
[    1.647695] PCI host bridge to bus 0000:00
[    1.648148] pci_bus 0000:00: root bus resource [io  0x0000-0x0cf7 window]
[    1.648350] pci_bus 0000:00: root bus resource [io  0x0d00-0xffff window]
[    1.648369] pci_bus 0000:00: root bus resource [mem 0x000a0000-0x000bffff window]
[    1.648434] pci_bus 0000:00: root bus resource [mem 0x10000000-0xfebfffff window]
[    1.648452] pci_bus 0000:00: root bus resource [mem 0x100000000-0x17fffffff window]
[    1.648796] pci_bus 0000:00: root bus resource [bus 00-ff]
[    1.650935] pci 0000:00:00.0: [8086:1237] type 00 class 0x060000 conventional PCI endpoint
[    1.659610] pci 0000:00:01.0: [8086:7000] type 00 class 0x060100 conventional PCI endpoint
[    1.661280] pci 0000:00:01.1: [8086:7010] type 00 class 0x010180 conventional PCI endpoint
[    1.662782] pci 0000:00:01.1: BAR 4 [io  0xc000-0xc00f]
[    1.662919] pci 0000:00:01.1: BAR 0 [io  0x01f0-0x01f7]: legacy IDE quirk
[    1.662957] pci 0000:00:01.1: BAR 1 [io  0x03f6]: legacy IDE quirk
[    1.663005] pci 0000:00:01.1: BAR 2 [io  0x0170-0x0177]: legacy IDE quirk
[    1.663033] pci 0000:00:01.1: BAR 3 [io  0x0376]: legacy IDE quirk
[    1.664348] pci 0000:00:01.3: [8086:7113] type 00 class 0x068000 conventional PCI endpoint
[    1.664877] pci 0000:00:01.3: quirk: [io  0x0600-0x063f] claimed by PIIX4 ACPI
[    1.664933] pci 0000:00:01.3: quirk: [io  0x0700-0x070f] claimed by PIIX4 SMB
[    1.666224] pci 0000:00:02.0: [1234:1111] type 00 class 0x030000 conventional PCI endpoint
[    1.667863] pci 0000:00:02.0: BAR 0 [mem 0xfd000000-0xfdffffff pref]
[    1.667996] pci 0000:00:02.0: BAR 2 [mem 0xfeb10000-0xfeb10fff]
[    1.668023] pci 0000:00:02.0: ROM [mem 0xfeb00000-0xfeb0ffff pref]
[    1.668650] pci 0000:00:02.0: Video device with shadowed ROM at [mem 0x000c0000-0x000dffff]
[    1.671280] pci 0000:00:03.0: [1234:11e8] type 00 class 0x00ff00 conventional PCI endpoint
[    1.672614] pci 0000:00:03.0: BAR 0 [mem 0xfe900000-0xfe9fffff]
[    1.687877] pci 0000:00:04.0: [1234:11e8] type 00 class 0x00ff00 conventional PCI endpoint
[    1.688589] pci 0000:00:04.0: BAR 0 [mem 0xfea00000-0xfeafffff]
[    1.712699] ACPI: PCI: Interrupt link LNKA configured for IRQ 10
[    1.715304] ACPI: PCI: Interrupt link LNKB configured for IRQ 10
[    1.721228] ACPI: PCI: Interrupt link LNKC configured for IRQ 11
[    1.723378] ACPI: PCI: Interrupt link LNKD configured for IRQ 11
[    1.723813] ACPI: PCI: Interrupt link LNKS configured for IRQ 9
[    1.735822] iommu: Default domain type: Translated
[    1.735925] iommu: DMA domain TLB invalidation policy: lazy mode
[    1.741508] SCSI subsystem initialized
[    1.742914] libata version 3.00 loaded.
[    1.743569] ACPI: bus type USB registered
[    1.744331] usbcore: registered new interface driver usbfs
[    1.745687] usbcore: registered new interface driver hub
[    1.745933] usbcore: registered new device driver usb
[    1.746981] EDAC MC: Ver: 3.0.0
[    1.770836] NetLabel: Initializing
[    1.770915] NetLabel:  domain hash size = 128
[    1.770948] NetLabel:  protocols = UNLABELED CIPSOv4 CALIPSO
[    1.772266] NetLabel:  unlabeled traffic allowed by default
[    1.772394] mctp: management component transport protocol core
[    1.772424] NET: Registered PF_MCTP protocol family
[    1.773410] PCI: Using ACPI for IRQ routing
[    1.773574] PCI: pci_cache_line_size set to 64 bytes
[    1.774087] e820: reserve RAM buffer [mem 0x0009fc00-0x0009ffff]
[    1.774268] e820: reserve RAM buffer [mem 0x0ffe0000-0x0fffffff]
[    1.785335] pci 0000:00:02.0: vgaarb: setting as boot VGA device
[    1.785419] pci 0000:00:02.0: vgaarb: bridge control possible
[    1.785419] pci 0000:00:02.0: vgaarb: VGA device added: decodes=io+mem,owns=io+mem,locks=none
[    1.785530] vgaarb: loaded
[    1.789731] hpet: 3 channels of 0 reserved for per-cpu timers
[    1.790096] hpet0: at MMIO 0xfed00000, IRQs 2, 8, 0
[    1.790217] hpet0: 3 comparators, 64-bit 100.000000 MHz counter
[    1.796646] clocksource: Switched to clocksource tsc-early
[    1.819365] VFS: Disk quotas dquot_6.6.0
[    1.819787] VFS: Dquot-cache hash table entries: 512 (order 0, 4096 bytes)
[    1.828401] pnp: PnP ACPI init
[    1.833151] pnp 00:02: [dma 2]
[    1.834141] ACPI: IRQ 4 override to edge(!), high(!)
[    1.837119] pnp: PnP ACPI: found 5 devices
[    1.892880] clocksource: acpi_pm: mask: 0xffffff max_cycles: 0xffffff, max_idle_ns: 2085701024 ns
[    1.895980] NET: Registered PF_INET protocol family
[    1.897852] IP idents hash table entries: 4096 (order: 3, 32768 bytes, linear)
[    2.011989] tcp_listen_portaddr_hash hash table entries: 256 (order: 0, 4096 bytes, linear)
[    2.014117] Table-perturb hash table entries: 65536 (order: 6, 262144 bytes, linear)
[    2.014490] TCP established hash table entries: 2048 (order: 2, 16384 bytes, linear)
[    2.014846] TCP bind hash table entries: 2048 (order: 4, 65536 bytes, linear)
[    2.014993] TCP: Hash tables configured (established 2048 bind 2048)
[    2.017933] MPTCP token hash table entries: 256 (order: 1, 6144 bytes, linear)
[    2.018720] UDP hash table entries: 256 (order: 2, 16384 bytes, linear)
[    2.019391] UDP-Lite hash table entries: 256 (order: 2, 16384 bytes, linear)
[    2.022011] NET: Registered PF_UNIX/PF_LOCAL protocol family
[    2.022871] NET: Registered PF_XDP protocol family
[    2.024229] pci_bus 0000:00: resource 4 [io  0x0000-0x0cf7 window]
[    2.024301] pci_bus 0000:00: resource 5 [io  0x0d00-0xffff window]
[    2.024324] pci_bus 0000:00: resource 6 [mem 0x000a0000-0x000bffff window]
[    2.024346] pci_bus 0000:00: resource 7 [mem 0x10000000-0xfebfffff window]
[    2.024365] pci_bus 0000:00: resource 8 [mem 0x100000000-0x17fffffff window]
[    2.025220] pci 0000:00:01.0: PIIX3: Enabling Passive Release
[    2.025395] pci 0000:00:00.0: Limiting direct PCI/PCI transfers
[    2.025677] PCI: CLS 0 bytes, default 64
[    2.032593] Trying to unpack rootfs image as initramfs...
[    2.183304] Freeing initrd memory: 1864K
[    2.251768] Initialise system trusted keyrings
[    2.255017] Key type blacklist registered
[    2.258061] workingset: timestamp_bits=36 max_order=16 bucket_order=0
[    2.281350] fuse: init (API version 7.45)
[    2.287248] integrity: Platform Keyring initialized
[    2.287676] integrity: Machine keyring initialized
[    2.388664] xor: measuring software checksum speed
[    2.393368]    prefetch64-sse  :   755 MB/sec
[    2.397381]    generic_sse     :   853 MB/sec
[    2.397547] xor: using function: generic_sse (853 MB/sec)
[    2.397685] Key type asymmetric registered
[    2.397914] Asymmetric key parser 'x509' registered
[    2.398632] Block layer SCSI generic (bsg) driver version 0.4 loaded (major 245)
[    2.400794] io scheduler mq-deadline registered
[    2.400964] io scheduler kyber registered
[    2.401553] io scheduler bfq registered
[    2.405106] ledtrig-cpu: registered to indicate activity on CPUs
[    2.410421] input: Power Button as /devices/LNXSYSTM:00/LNXPWRBN:00/input/input0
[    2.418646] ACPI: button: Power Button [PWRF]
[    2.429511] Serial: 8250/16550 driver, 32 ports, IRQ sharing enabled
[    2.438329] 00:04: ttyS0 at I/O 0x3f8 (irq = 4, base_baud = 115200) is a 16550A
[    2.497771] Non-volatile memory driver v1.3
[    2.497834] Linux agpgart interface v0.103
[    2.498463] ACPI: bus type drm_connector registered
[    2.512530] usbcore: registered new interface driver usbserial_generic
[    2.512959] usbserial: USB Serial support registered for generic
[    2.515271] i8042: PNP: PS/2 Controller [PNP0303:KBD,PNP0f13:MOU] at 0x60,0x64 irq 1,12
[    2.520568] serio: i8042 KBD port at 0x60,0x64 irq 1
[    2.520995] serio: i8042 AUX port at 0x60,0x64 irq 12
[    2.529981] rtc_cmos PNP0B00:00: RTC can wake from S4
[    2.532765] input: AT Translated Set 2 keyboard as /devices/platform/i8042/serio0/input/input1
[    2.539311] rtc_cmos PNP0B00:00: registered as rtc0
[    2.540115] rtc_cmos PNP0B00:00: setting system clock to 2026-10-06T22:56:36 UTC (1791327396)
[    2.542989] rtc_cmos PNP0B00:00: alarms up to one day, y3k, 242 bytes nvram, hpet irqs
[    2.544379] amd_pstate: the _CPC object is not present in SBIOS or ACPI disabled
[    2.546479] hid: raw HID events driver (C) Jiri Kosina
[    2.547403] usbcore: registered new interface driver usbhid
[    2.547434] usbhid: USB HID core driver
[    2.547912] rust_binder: Loaded Rust Binder.
[    2.549078] drop_monitor: Initializing network drop monitor service
[    2.551564] NET: Registered PF_INET6 protocol family
[    2.566212] Segment Routing with IPv6
[    2.566288] RPL Segment Routing with IPv6
[    2.566499] In-situ OAM (IOAM) with IPv6
[    2.567536] NET: Registered PF_PACKET protocol family
[    2.573341] IPI shorthand broadcast: enabled
[    2.611341] sched_clock: Marking stable (2567006273, 42029959)->(2614102643, -5066411)
[    2.620598] registered taskstats version 1
[    2.627088] Loading compiled-in X.509 certificates
[    2.684831] Loaded X.509 cert 'Build time autogenerated kernel key: 9b3ca40beb61592ff2002bcdd6eb2f358ffcd8a5'
[    2.742503] zswap: loaded using pool zstd
[    2.747050] Demotion targets for Node 0: null
[    2.752470] Key type .fscrypt registered
[    2.752531] Key type fscrypt-provisioning registered
[    2.762852] Btrfs loaded, zoned=yes, fsverity=yes
[    2.764373] Key type big_key registered
[    2.770736] PM:   Magic number: 14:700:956
[    2.771076] pci 0000:00:04.0: hash matches
[    2.783290] RAS: Correctable Errors collector initialized.
[    2.835969] clk: Disabling unused clocks
[    2.836424] PM: genpd: Disabling unused power domains
[    2.867553] Freeing unused decrypted memory: 2028K
[    2.993482] Freeing unused kernel image (initmem) memory: 4772K
[    2.994377] Write protecting the kernel read-only data: 40960k
[    2.998736] Freeing unused kernel image (text/rodata gap) memory: 1036K
[    3.002122] Freeing unused kernel image (rodata/data gap) memory: 1952K
[    3.226763] x86/mm: Checked W+X mappings: passed, no W+X pages found.
[    3.227542] rodata_test: all tests were successful
[    3.228075] tsc: Refined TSC clocksource calibration: 3600.017 MHz
[    3.228652] clocksource: tsc: mask: 0xffffffffffffffff max_cycles: 0x33e4636b2b8, max_idle_ns: 440795347656 ns
[    3.229395] Run /init as init process
[    3.229673]   with arguments:
[    3.229730]     /init
[    3.229762]   with environment:
[    3.229787]     HOME=/
[    3.229809]     TERM=linux
[    3.229819]     lab_test=selftest
[    3.229980] clocksource: Switched to clocksource tsc
[    3.534600] edu_lab: loading out-of-tree module taints kernel.
[    3.534955] edu_lab: module verification failed: signature and/or required key missing - tainting kernel
[    3.593415] ACPI: \_SB_.LNKC: Enabled at IRQ 11
[    3.605357] edu_lab 0000:00:03.0: probe with driver edu_lab failed with error -5
[    3.618060] ACPI: \_SB_.LNKD: Enabled at IRQ 10
[    3.627820] edu_lab 0000:00:04.0: probe with driver edu_lab failed with error -5
[    3.751124] edu_lab 0000:00:03.0: probe with driver edu_lab failed with error -5
[    3.768380] edu_lab 0000:00:04.0: probe with driver edu_lab failed with error -5
[    3.847065] edu_lab 0000:00:03.0: EDU ready, id=010000ed
[    3.847709] edu_lab 0000:00:04.0: probe with driver edu_lab failed with error -16
[    4.010760] edu_lab 0000:00:03.0: EDU released
[    4.083957] edu_lab 0000:00:03.0: EDU ready, id=010000ed
[    4.084386] edu_lab 0000:00:04.0: probe with driver edu_lab failed with error -16
[    4.124179] edu_lab 0000:00:03.0: EDU released
LAB PASS selftest
[    4.296739] reboot: Power down
