Linux archlinux 6.18.55-1-lts #1 SMP PREEMPT_DYNAMIC Sat, 03 Oct 2026 15:08:01 +0000 x86_64 GNU/Linux
EDU discovered: 0000:00:03.0
EDU discovered: 0000:00:04.0
[    3.834334] edu_lab 0000:00:03.0: probe with driver edu_lab failed with error -5
[    3.856078] edu_lab 0000:00:04.0: probe with driver edu_lab failed with error -5
[    3.983457] edu_lab 0000:00:03.0: probe with driver edu_lab failed with error -5
[    4.003759] edu_lab 0000:00:04.0: probe with driver edu_lab failed with error -5
[    4.095627] edu_lab 0000:00:04.0: probe with driver edu_lab failed with error -16
LIVE 00000000 -> ffffffff verified
LIVE ffffffff -> 00000000 verified
LIVE 12345678 -> edcba987 verified
LIVE aaaaaaaa -> 55555555 verified
PASS liveness and invalid interface requests
PASS factorial 0..12, invalid 13/u32-max, 130 repeated requests
PASS four concurrent handles, 100 factorial requests
device closed
LIVE feedbeef -> 01124110 verified
PASS timeout (1007 ms), quarantine, late completion and exact-result recovery
PASS signal interruption followed by recovery
device closed
 11:        236          0  IO-APIC  11-fasteoi   edu_lab
PASS unbind with active wait, queued notifier, open fd; stale ioctls ENODEV
device closed
[    6.500982] edu_lab 0000:00:04.0: probe with driver edu_lab failed with error -16
FACTORIAL 12 -> 479001600 verified
device closed
PASS PCI removal with active wait, queued notifier, open fd; stale ioctls ENODEV
device closed
LIVE deadbeef -> 21524110 verified
device closed
FACTORIAL 12 -> 479001600 verified
device closed
[    0.000000] Linux version 6.18.55-1-lts (linux-lts@archlinux) (gcc (GCC) 16.2.1 20260810, GNU ld (GNU Binutils) 2.47) #1 SMP PREEMPT_DYNAMIC Sat, 03 Oct 2026 15:08:01 +0000
[    0.000000] Command line: console=ttyS0 panic=-1 lab_test=all
[    0.000000] BIOS-provided physical RAM map:
[    0.000000] BIOS-e820: [mem 0x0000000000000000-0x000000000009fbff] usable
[    0.000000] BIOS-e820: [mem 0x000000000009fc00-0x000000000009ffff] reserved
[    0.000000] BIOS-e820: [mem 0x00000000000f0000-0x00000000000fffff] reserved
[    0.000000] BIOS-e820: [mem 0x0000000000100000-0x000000000ffdffff] usable
[    0.000000] BIOS-e820: [mem 0x000000000ffe0000-0x000000000fffffff] reserved
[    0.000000] BIOS-e820: [mem 0x00000000fffc0000-0x00000000ffffffff] reserved
[    0.000000] BIOS-e820: [mem 0x000000fd00000000-0x000000ffffffffff] reserved
[    0.000000] NX (Execute Disable) protection: active
[    0.000000] APIC: Static calls initialized
[    0.000000] SMBIOS 2.8 present.
[    0.000000] DMI: QEMU Standard PC (i440FX + PIIX, 1996), BIOS Arch Linux 1.17.0-2-2 04/01/2014
[    0.000000] DMI: Memory slots populated: 1/1
[    0.000000] tsc: Fast TSC calibration using PIT
[    0.000000] tsc: Detected 3599.987 MHz processor
[    0.012167] e820: update [mem 0x00000000-0x00000fff] usable ==> reserved
[    0.012414] e820: remove [mem 0x000a0000-0x000fffff] usable
[    0.012720] last_pfn = 0xffe0 max_arch_pfn = 0x400000000
[    0.013781] MTRR map: 4 entries (3 fixed + 1 variable; max 19), built from 8 variable MTRRs
[    0.014091] x86/PAT: Configuration [0-7]: WB  WC  UC- UC  WB  WP  UC- WT  
[    0.064391] found SMP MP-table at [mem 0x000f66b0-0x000f66bf]
[    0.073125] RAMDISK: [mem 0x0fe0e000-0x0ffdffff]
[    0.073744] ACPI: Early table checksum verification disabled
[    0.074543] ACPI: RSDP 0x00000000000F64E0 000014 (v00 BOCHS )
[    0.074990] ACPI: RSDT 0x000000000FFE238A 000034 (v01 BOCHS  BXPC     00000001 BXPC 00000001)
[    0.076216] ACPI: FACP 0x000000000FFE2236 000074 (v01 BOCHS  BXPC     00000001 BXPC 00000001)
[    0.077130] ACPI: DSDT 0x000000000FFE0040 0021F6 (v01 BOCHS  BXPC     00000001 BXPC 00000001)
[    0.077239] ACPI: FACS 0x000000000FFE0000 000040
[    0.077305] ACPI: APIC 0x000000000FFE22AA 000080 (v03 BOCHS  BXPC     00000001 BXPC 00000001)
[    0.077334] ACPI: HPET 0x000000000FFE232A 000038 (v01 BOCHS  BXPC     00000001 BXPC 00000001)
[    0.077360] ACPI: WAET 0x000000000FFE2362 000028 (v01 BOCHS  BXPC     00000001 BXPC 00000001)
[    0.077469] ACPI: Reserving FACP table memory at [mem 0xffe2236-0xffe22a9]
[    0.077505] ACPI: Reserving DSDT table memory at [mem 0xffe0040-0xffe2235]
[    0.077514] ACPI: Reserving FACS table memory at [mem 0xffe0000-0xffe003f]
[    0.077520] ACPI: Reserving APIC table memory at [mem 0xffe22aa-0xffe2329]
[    0.077527] ACPI: Reserving HPET table memory at [mem 0xffe232a-0xffe2361]
[    0.077534] ACPI: Reserving WAET table memory at [mem 0xffe2362-0xffe2389]
[    0.082425] No NUMA configuration found
[    0.082487] Faking a node at [mem 0x0000000000000000-0x000000000ffdffff]
[    0.083882] NODE_DATA(0) allocated [mem 0x0fde3280-0x0fe0dfff]
[    0.092302] Zone ranges:
[    0.092406]   DMA      [mem 0x0000000000001000-0x0000000000ffffff]
[    0.092672]   DMA32    [mem 0x0000000001000000-0x000000000ffdffff]
[    0.092692]   Normal   empty
[    0.092717]   Device   empty
[    0.092737] Movable zone start for each node
[    0.092797] Early memory node ranges
[    0.092842]   node   0: [mem 0x0000000000001000-0x000000000009efff]
[    0.093393]   node   0: [mem 0x0000000000100000-0x000000000ffdffff]
[    0.093636] Initmem setup node 0 [mem 0x0000000000001000-0x000000000ffdffff]
[    0.097351] On node 0, zone DMA: 1 pages in unavailable ranges
[    0.097795] On node 0, zone DMA: 97 pages in unavailable ranges
[    0.101686] On node 0, zone DMA32: 32 pages in unavailable ranges
[    0.102612] ACPI: PM-Timer IO Port: 0x608
[    0.103641] ACPI: LAPIC_NMI (acpi_id[0xff] dfl dfl lint[0x1])
[    0.104547] IOAPIC[0]: apic_id 0, version 32, address 0xfec00000, GSI 0-23
[    0.104813] ACPI: INT_SRC_OVR (bus 0 bus_irq 0 global_irq 2 dfl dfl)
[    0.105262] ACPI: INT_SRC_OVR (bus 0 bus_irq 5 global_irq 5 high level)
[    0.105358] ACPI: INT_SRC_OVR (bus 0 bus_irq 9 global_irq 9 high level)
[    0.105533] ACPI: INT_SRC_OVR (bus 0 bus_irq 10 global_irq 10 high level)
[    0.105553] ACPI: INT_SRC_OVR (bus 0 bus_irq 11 global_irq 11 high level)
[    0.105963] ACPI: Using ACPI (MADT) for SMP configuration information
[    0.106054] ACPI: HPET id: 0x8086a201 base: 0xfed00000
[    0.106771] CPU topo: Max. logical packages:   1
[    0.106844] CPU topo: Max. logical dies:       1
[    0.106865] CPU topo: Max. dies per package:   1
[    0.106949] CPU topo: Max. threads per core:   1
[    0.107152] CPU topo: Num. cores per package:     2
[    0.107178] CPU topo: Num. threads per package:   2
[    0.107191] CPU topo: Allowing 2 present CPUs plus 0 hotplug CPUs
[    0.108607] PM: hibernation: Registered nosave memory: [mem 0x00000000-0x00000fff]
[    0.108643] PM: hibernation: Registered nosave memory: [mem 0x0009f000-0x000fffff]
[    0.108767] [mem 0x10000000-0xfffbffff] available for PCI devices
[    0.108907] Booting paravirtualized kernel on bare hardware
[    0.109470] clocksource: refined-jiffies: mask: 0xffffffff max_cycles: 0xffffffff, max_idle_ns: 6370452778343963 ns
[    0.133865] setup_percpu: NR_CPUS:8192 nr_cpumask_bits:2 nr_cpu_ids:2 nr_node_ids:1
[    0.138626] percpu: Embedded 63 pages/cpu s221184 r8192 d28672 u1048576
[    0.139266] pcpu-alloc: s221184 r8192 d28672 u1048576 alloc=1*2097152
[    0.139398] pcpu-alloc: [0] 0 1 
[    0.141245] Kernel command line: console=ttyS0 panic=-1 lab_test=all
[    0.143352] Unknown kernel command line parameters "lab_test=all", will be passed to user space.
[    0.143660] printk: log buffer data + meta data: 131072 + 458752 = 589824 bytes
[    0.144029] Dentry cache hash table entries: 32768 (order: 6, 262144 bytes, linear)
[    0.144176] Inode-cache hash table entries: 16384 (order: 5, 131072 bytes, linear)
[    0.151530] Fallback order for Node 0: 0 
[    0.152191] Built 1 zonelists, mobility grouping on.  Total pages: 65406
[    0.152236] Policy zone: DMA32
[    0.155660] mem auto-init: stack:all(zero), heap alloc:on, heap free:off
[    0.225573] SLUB: HWalign=64, Order=0-3, MinObjects=0, CPUs=2, Nodes=1
[    0.305313] ftrace: allocating 57352 entries in 226 pages
[    0.305592] ftrace: allocated 226 pages with 4 groups
[    0.323990] Dynamic Preempt: voluntary
[    0.332115] rcu: Preemptible hierarchical RCU implementation.
[    0.332165] rcu: 	RCU restricting CPUs from NR_CPUS=8192 to nr_cpu_ids=2.
[    0.332184] rcu: 	RCU priority boosting: priority 1 delay 500 ms.
[    0.332377] 	Trampoline variant of Tasks RCU enabled.
[    0.332389] 	Rude variant of Tasks RCU enabled.
[    0.332398] 	Tracing variant of Tasks RCU enabled.
[    0.332545] rcu: RCU calculated value of scheduler-enlistment delay is 30 jiffies.
[    0.332580] rcu: Adjusting geometry for rcu_fanout_leaf=16, nr_cpu_ids=2
[    0.334128] RCU Tasks: Setting shift to 1 and lim to 1 rcu_task_cb_adjust=1 rcu_task_cpu_ids=2.
[    0.334153] RCU Tasks Rude: Setting shift to 1 and lim to 1 rcu_task_cb_adjust=1 rcu_task_cpu_ids=2.
[    0.334165] RCU Tasks Trace: Setting shift to 1 and lim to 1 rcu_task_cb_adjust=1 rcu_task_cpu_ids=2.
[    0.433438] NR_IRQS: 524544, nr_irqs: 440, preallocated irqs: 16
[    0.449058] rcu: srcu_init: Setting srcu_struct sizes based on contention.
[    0.450454] clocksource: jiffies: mask: 0xffffffff max_cycles: 0xffffffff, max_idle_ns: 6370867519511994 ns
[    0.460124] kfence: initialized - using 2097152 bytes for 255 objects at 0x(____ptrval____)-0x(____ptrval____)
[    0.470482] Console: colour VGA+ 80x25
[    0.473041] printk: legacy console [ttyS0] enabled
[    0.477013] ACPI: Core revision 20250807
[    0.487605] clocksource: hpet: mask: 0xffffffff max_cycles: 0xffffffff, max_idle_ns: 19112604467 ns
[    0.490676] APIC: Switch to symmetric I/O mode setup
[    0.504124] ..TIMER: vector=0x30 apic1=0 pin1=2 apic2=-1 pin2=-1
[    0.520081] clocksource: tsc-early: mask: 0xffffffffffffffff max_cycles: 0x33e4467e0c6, max_idle_ns: 440795211700 ns
[    0.520644] Calibrating delay loop (skipped), value calculated using timer frequency.. 7202.97 BogoMIPS (lpj=11999956)
[    0.526191] Last level iTLB entries: 4KB 512, 2MB 255, 4MB 127
[    0.526258] Last level dTLB entries: 4KB 512, 2MB 255, 4MB 127, 1GB 0
[    0.527683] mitigations: Enabled attack vectors: user_kernel, user_user, guest_host, guest_guest, SMT mitigations: auto
[    0.528428] Spectre V2 : Mitigation: Retpolines
[    0.528579] Spectre V1 : Mitigation: usercopy/swapgs barriers and __user pointer sanitization
[    0.528917] Spectre V2 : Spectre v2 / SpectreRSB: Filling RSB on context switch and VMEXIT
[    0.531121] x86/fpu: x87 FPU will use FXSAVE
[    0.796148] Freeing SMP alternatives memory: 56K
[    0.797774] pid_max: default: 32768 minimum: 301
[    0.816011] LSM: initializing lsm=capability,landlock,lockdown,yama,bpf
[    0.822973] landlock: Up and running.
[    0.823080] Yama: becoming mindful.
[    0.825273] LSM support for eBPF active
[    0.831990] Mount-cache hash table entries: 512 (order: 0, 4096 bytes, linear)
[    0.832220] Mountpoint-cache hash table entries: 512 (order: 0, 4096 bytes, linear)
[    1.002863] smpboot: CPU0: AMD QEMU Virtual CPU version 2.5+ (family: 0xf, model: 0x6b, stepping: 0x1)
[    1.037242] Performance Events: PMU not available due to virtualization, using software events only.
[    1.038982] signal: max sigframe size: 1440
[    1.042896] rcu: Hierarchical SRCU implementation.
[    1.042988] rcu: 	Max phase no-delay instances is 1000.
[    1.049091] Timer migration: 1 hierarchy levels; 8 children per group; 1 crossnode level
[    1.059573] NMI watchdog: Perf NMI watchdog permanently disabled
[    1.069010] smp: Bringing up secondary CPUs ...
[    1.079752] smpboot: x86: Booting SMP configuration:
[    1.079877] .... node  #0, CPUs:      #1
[    1.201747] smp: Brought up 1 node, 2 CPUs
[    1.202040] smpboot: Total of 2 processors activated (14388.14 BogoMIPS)
[    1.216651] Memory: 188108K/261624K available (21491K kernel code, 2942K rwdata, 16480K rodata, 4772K init, 5548K bss, 69452K reserved, 0K cma-reserved)
[    1.234025] devtmpfs: initialized
[    1.239178] x86/mm: Memory block size: 128MB
[    1.267526] posixtimers hash table entries: 1024 (order: 2, 16384 bytes, linear)
[    1.267965] futex hash table entries: 512 (32768 bytes on 1 NUMA nodes, total 32 KiB, linear).
[    1.275295] pinctrl core: initialized pinctrl subsystem
[    1.287206] PM: RTC time: 22:58:38, date: 2026-10-06
[    1.311039] NET: Registered PF_NETLINK/PF_ROUTE protocol family
[    1.317988] DMA: preallocated 128 KiB GFP_KERNEL pool for atomic allocations
[    1.319131] DMA: preallocated 128 KiB GFP_KERNEL|GFP_DMA pool for atomic allocations
[    1.319299] DMA: preallocated 128 KiB GFP_KERNEL|GFP_DMA32 pool for atomic allocations
[    1.319936] audit: initializing netlink subsys (disabled)
[    1.327583] audit: type=2000 audit(1791327517.833:1): state=initialized audit_enabled=0 res=1
[    1.334404] thermal_sys: Registered thermal governor 'fair_share'
[    1.334509] thermal_sys: Registered thermal governor 'bang_bang'
[    1.334536] thermal_sys: Registered thermal governor 'step_wise'
[    1.334546] thermal_sys: Registered thermal governor 'user_space'
[    1.334555] thermal_sys: Registered thermal governor 'power_allocator'
[    1.337332] cpuidle: using governor ladder
[    1.337511] cpuidle: using governor menu
[    1.345941] acpiphp: ACPI Hot Plug PCI Controller Driver version: 0.5
[    1.353943] PCI: Using configuration type 1 for base access
[    1.354877] mtrr: your CPUs had inconsistent fixed MTRR settings
[    1.354912] mtrr: your CPUs had inconsistent variable MTRR settings
[    1.354946] mtrr: your CPUs had inconsistent MTRRdefType settings
[    1.354963] mtrr: probably your BIOS does not setup all CPUs.
[    1.354977] mtrr: corrected configuration.
[    1.364094] kprobes: kprobe jump-optimization is enabled. All kprobes are optimized if possible.
[    1.408795] HugeTLB: registered 2.00 MiB page size, pre-allocated 0 pages
[    1.408899] HugeTLB: 28 KiB vmemmap can be freed for a 2.00 MiB page
[    1.508102] raid6: skipped pq benchmark and selected sse2x4
[    1.508288] raid6: using intx1 recovery algorithm
[    1.517591] ACPI: Added _OSI(Module Device)
[    1.517698] ACPI: Added _OSI(Processor Device)
[    1.517711] ACPI: Added _OSI(Processor Aggregator Device)
[    1.561895] ACPI: 1 ACPI AML tables successfully acquired and loaded
[    1.604505] ACPI: Interpreter enabled
[    1.606200] ACPI: PM: (supports S0 S3 S4 S5)
[    1.606274] ACPI: Using IOAPIC for interrupt routing
[    1.609242] PCI: Using host bridge windows from ACPI; if necessary, use "pci=nocrs" and report a bug
[    1.609372] PCI: Using E820 reservations for host bridge windows
[    1.612362] ACPI: Enabled 2 GPEs in block 00 to 0F
[    1.705391] ACPI: PCI Root Bridge [PCI0] (domain 0000 [bus 00-ff])
[    1.707139] acpi PNP0A03:00: _OSC: OS supports [ASPM ClockPM Segments MSI EDR HPX-Type3]
[    1.707518] acpi PNP0A03:00: _OSC: not requesting OS control; OS requires [ExtendedConfig ASPM ClockPM MSI]
[    1.709166] acpi PNP0A03:00: fail to add MMCONFIG information, can't access extended configuration space under this bridge
[    1.723456] acpiphp: Slot [3] registered
[    1.723755] acpiphp: Slot [4] registered
[    1.723854] acpiphp: Slot [5] registered
[    1.723997] acpiphp: Slot [6] registered
[    1.724199] acpiphp: Slot [7] registered
[    1.724404] acpiphp: Slot [8] registered
[    1.724523] acpiphp: Slot [9] registered
[    1.724633] acpiphp: Slot [10] registered
[    1.724740] acpiphp: Slot [11] registered
[    1.724849] acpiphp: Slot [12] registered
[    1.724981] acpiphp: Slot [13] registered
[    1.725120] acpiphp: Slot [14] registered
[    1.725233] acpiphp: Slot [15] registered
[    1.725388] acpiphp: Slot [16] registered
[    1.725517] acpiphp: Slot [17] registered
[    1.725644] acpiphp: Slot [18] registered
[    1.725749] acpiphp: Slot [19] registered
[    1.725870] acpiphp: Slot [20] registered
[    1.725978] acpiphp: Slot [21] registered
[    1.726170] acpiphp: Slot [22] registered
[    1.726287] acpiphp: Slot [23] registered
[    1.726438] acpiphp: Slot [24] registered
[    1.726585] acpiphp: Slot [25] registered
[    1.726727] acpiphp: Slot [26] registered
[    1.727388] acpiphp: Slot [27] registered
[    1.727557] acpiphp: Slot [28] registered
[    1.727759] acpiphp: Slot [29] registered
[    1.727883] acpiphp: Slot [30] registered
[    1.727996] acpiphp: Slot [31] registered
[    1.728645] PCI host bridge to bus 0000:00
[    1.729513] pci_bus 0000:00: root bus resource [io  0x0000-0x0cf7 window]
[    1.729717] pci_bus 0000:00: root bus resource [io  0x0d00-0xffff window]
[    1.729731] pci_bus 0000:00: root bus resource [mem 0x000a0000-0x000bffff window]
[    1.729785] pci_bus 0000:00: root bus resource [mem 0x10000000-0xfebfffff window]
[    1.729803] pci_bus 0000:00: root bus resource [mem 0x100000000-0x17fffffff window]
[    1.730088] pci_bus 0000:00: root bus resource [bus 00-ff]
[    1.735211] pci 0000:00:00.0: [8086:1237] type 00 class 0x060000 conventional PCI endpoint
[    1.746546] pci 0000:00:01.0: [8086:7000] type 00 class 0x060100 conventional PCI endpoint
[    1.748474] pci 0000:00:01.1: [8086:7010] type 00 class 0x010180 conventional PCI endpoint
[    1.750838] pci 0000:00:01.1: BAR 4 [io  0xc000-0xc00f]
[    1.751028] pci 0000:00:01.1: BAR 0 [io  0x01f0-0x01f7]: legacy IDE quirk
[    1.751071] pci 0000:00:01.1: BAR 1 [io  0x03f6]: legacy IDE quirk
[    1.751176] pci 0000:00:01.1: BAR 2 [io  0x0170-0x0177]: legacy IDE quirk
[    1.751376] pci 0000:00:01.1: BAR 3 [io  0x0376]: legacy IDE quirk
[    1.754360] pci 0000:00:01.3: [8086:7113] type 00 class 0x068000 conventional PCI endpoint
[    1.755253] pci 0000:00:01.3: quirk: [io  0x0600-0x063f] claimed by PIIX4 ACPI
[    1.755484] pci 0000:00:01.3: quirk: [io  0x0700-0x070f] claimed by PIIX4 SMB
[    1.757315] pci 0000:00:02.0: [1234:1111] type 00 class 0x030000 conventional PCI endpoint
[    1.759127] pci 0000:00:02.0: BAR 0 [mem 0xfd000000-0xfdffffff pref]
[    1.760521] pci 0000:00:02.0: BAR 2 [mem 0xfeb10000-0xfeb10fff]
[    1.760564] pci 0000:00:02.0: ROM [mem 0xfeb00000-0xfeb0ffff pref]
[    1.761232] pci 0000:00:02.0: Video device with shadowed ROM at [mem 0x000c0000-0x000dffff]
[    1.764805] pci 0000:00:03.0: [1234:11e8] type 00 class 0x00ff00 conventional PCI endpoint
[    1.766042] pci 0000:00:03.0: BAR 0 [mem 0xfe900000-0xfe9fffff]
[    1.781581] pci 0000:00:04.0: [1234:11e8] type 00 class 0x00ff00 conventional PCI endpoint
[    1.782926] pci 0000:00:04.0: BAR 0 [mem 0xfea00000-0xfeafffff]
[    1.803846] ACPI: PCI: Interrupt link LNKA configured for IRQ 10
[    1.805622] ACPI: PCI: Interrupt link LNKB configured for IRQ 10
[    1.806683] ACPI: PCI: Interrupt link LNKC configured for IRQ 11
[    1.808149] ACPI: PCI: Interrupt link LNKD configured for IRQ 11
[    1.808518] ACPI: PCI: Interrupt link LNKS configured for IRQ 9
[    1.817737] iommu: Default domain type: Translated
[    1.817836] iommu: DMA domain TLB invalidation policy: lazy mode
[    1.822601] SCSI subsystem initialized
[    1.827793] libata version 3.00 loaded.
[    1.828303] ACPI: bus type USB registered
[    1.829109] usbcore: registered new interface driver usbfs
[    1.829657] usbcore: registered new interface driver hub
[    1.829889] usbcore: registered new device driver usb
[    1.831410] EDAC MC: Ver: 3.0.0
[    1.862568] NetLabel: Initializing
[    1.862727] NetLabel:  domain hash size = 128
[    1.862761] NetLabel:  protocols = UNLABELED CIPSOv4 CALIPSO
[    1.866047] NetLabel:  unlabeled traffic allowed by default
[    1.867844] mctp: management component transport protocol core
[    1.867950] NET: Registered PF_MCTP protocol family
[    1.869208] PCI: Using ACPI for IRQ routing
[    1.869496] PCI: pci_cache_line_size set to 64 bytes
[    1.870020] e820: reserve RAM buffer [mem 0x0009fc00-0x0009ffff]
[    1.870864] e820: reserve RAM buffer [mem 0x0ffe0000-0x0fffffff]
[    1.878296] pci 0000:00:02.0: vgaarb: setting as boot VGA device
[    1.878440] pci 0000:00:02.0: vgaarb: bridge control possible
[    1.878531] pci 0000:00:02.0: vgaarb: VGA device added: decodes=io+mem,owns=io+mem,locks=none
[    1.880373] vgaarb: loaded
[    1.881536] hpet: 3 channels of 0 reserved for per-cpu timers
[    1.881693] hpet0: at MMIO 0xfed00000, IRQs 2, 8, 0
[    1.881855] hpet0: 3 comparators, 64-bit 100.000000 MHz counter
[    1.890367] clocksource: Switched to clocksource tsc-early
[    1.914736] VFS: Disk quotas dquot_6.6.0
[    1.915195] VFS: Dquot-cache hash table entries: 512 (order 0, 4096 bytes)
[    1.923031] pnp: PnP ACPI init
[    1.927685] pnp 00:02: [dma 2]
[    1.928273] ACPI: IRQ 4 override to edge(!), high(!)
[    1.930558] pnp: PnP ACPI: found 5 devices
[    2.012725] clocksource: acpi_pm: mask: 0xffffff max_cycles: 0xffffff, max_idle_ns: 2085701024 ns
[    2.019571] NET: Registered PF_INET protocol family
[    2.021633] IP idents hash table entries: 4096 (order: 3, 32768 bytes, linear)
[    2.176879] tcp_listen_portaddr_hash hash table entries: 256 (order: 0, 4096 bytes, linear)
[    2.177525] Table-perturb hash table entries: 65536 (order: 6, 262144 bytes, linear)
[    2.177727] TCP established hash table entries: 2048 (order: 2, 16384 bytes, linear)
[    2.178153] TCP bind hash table entries: 2048 (order: 4, 65536 bytes, linear)
[    2.178375] TCP: Hash tables configured (established 2048 bind 2048)
[    2.181413] MPTCP token hash table entries: 256 (order: 1, 6144 bytes, linear)
[    2.183201] UDP hash table entries: 256 (order: 2, 16384 bytes, linear)
[    2.184205] UDP-Lite hash table entries: 256 (order: 2, 16384 bytes, linear)
[    2.187406] NET: Registered PF_UNIX/PF_LOCAL protocol family
[    2.187990] NET: Registered PF_XDP protocol family
[    2.189242] pci_bus 0000:00: resource 4 [io  0x0000-0x0cf7 window]
[    2.189298] pci_bus 0000:00: resource 5 [io  0x0d00-0xffff window]
[    2.189323] pci_bus 0000:00: resource 6 [mem 0x000a0000-0x000bffff window]
[    2.189343] pci_bus 0000:00: resource 7 [mem 0x10000000-0xfebfffff window]
[    2.189359] pci_bus 0000:00: resource 8 [mem 0x100000000-0x17fffffff window]
[    2.190619] pci 0000:00:01.0: PIIX3: Enabling Passive Release
[    2.190836] pci 0000:00:00.0: Limiting direct PCI/PCI transfers
[    2.190989] PCI: CLS 0 bytes, default 64
[    2.200634] Trying to unpack rootfs image as initramfs...
[    2.354901] Freeing initrd memory: 1864K
[    2.421113] Initialise system trusted keyrings
[    2.424590] Key type blacklist registered
[    2.428104] workingset: timestamp_bits=36 max_order=16 bucket_order=0
[    2.445921] fuse: init (API version 7.45)
[    2.455539] integrity: Platform Keyring initialized
[    2.455922] integrity: Machine keyring initialized
[    2.564496] xor: measuring software checksum speed
[    2.570842]    prefetch64-sse  :   531 MB/sec
[    2.574860]    generic_sse     :   869 MB/sec
[    2.574966] xor: using function: generic_sse (869 MB/sec)
[    2.575030] Key type asymmetric registered
[    2.575206] Asymmetric key parser 'x509' registered
[    2.575775] Block layer SCSI generic (bsg) driver version 0.4 loaded (major 245)
[    2.578141] io scheduler mq-deadline registered
[    2.578304] io scheduler kyber registered
[    2.579175] io scheduler bfq registered
[    2.581891] ledtrig-cpu: registered to indicate activity on CPUs
[    2.588379] input: Power Button as /devices/LNXSYSTM:00/LNXPWRBN:00/input/input0
[    2.594809] ACPI: button: Power Button [PWRF]
[    2.606661] Serial: 8250/16550 driver, 32 ports, IRQ sharing enabled
[    2.616686] 00:04: ttyS0 at I/O 0x3f8 (irq = 4, base_baud = 115200) is a 16550A
[    2.676640] Non-volatile memory driver v1.3
[    2.676734] Linux agpgart interface v0.103
[    2.677892] ACPI: bus type drm_connector registered
[    2.692914] usbcore: registered new interface driver usbserial_generic
[    2.693404] usbserial: USB Serial support registered for generic
[    2.695927] i8042: PNP: PS/2 Controller [PNP0303:KBD,PNP0f13:MOU] at 0x60,0x64 irq 1,12
[    2.703301] serio: i8042 KBD port at 0x60,0x64 irq 1
[    2.704538] serio: i8042 AUX port at 0x60,0x64 irq 12
[    2.711644] input: AT Translated Set 2 keyboard as /devices/platform/i8042/serio0/input/input1
[    2.712234] rtc_cmos PNP0B00:00: RTC can wake from S4
[    2.718101] rtc_cmos PNP0B00:00: registered as rtc0
[    2.719040] rtc_cmos PNP0B00:00: setting system clock to 2026-10-06T22:58:39 UTC (1791327519)
[    2.721517] rtc_cmos PNP0B00:00: alarms up to one day, y3k, 242 bytes nvram, hpet irqs
[    2.723041] amd_pstate: the _CPC object is not present in SBIOS or ACPI disabled
[    2.725747] hid: raw HID events driver (C) Jiri Kosina
[    2.727576] usbcore: registered new interface driver usbhid
[    2.727719] usbhid: USB HID core driver
[    2.728674] rust_binder: Loaded Rust Binder.
[    2.729799] drop_monitor: Initializing network drop monitor service
[    2.732363] NET: Registered PF_INET6 protocol family
[    2.751887] Segment Routing with IPv6
[    2.752021] RPL Segment Routing with IPv6
[    2.752460] In-situ OAM (IOAM) with IPv6
[    2.753788] NET: Registered PF_PACKET protocol family
[    2.762337] IPI shorthand broadcast: enabled
[    2.818771] sched_clock: Marking stable (2776902800, 40085934)->(2823041065, -6052331)
[    2.827055] registered taskstats version 1
[    2.836630] Loading compiled-in X.509 certificates
[    2.919387] Loaded X.509 cert 'Build time autogenerated kernel key: 9b3ca40beb61592ff2002bcdd6eb2f358ffcd8a5'
[    2.976551] zswap: loaded using pool zstd
[    2.979792] Demotion targets for Node 0: null
[    2.984122] Key type .fscrypt registered
[    2.984183] Key type fscrypt-provisioning registered
[    2.991830] Btrfs loaded, zoned=yes, fsverity=yes
[    2.993205] Key type big_key registered
[    2.999511] PM:   Magic number: 14:253:1007
[    3.010980] RAS: Correctable Errors collector initialized.
[    3.066176] clk: Disabling unused clocks
[    3.066641] PM: genpd: Disabling unused power domains
[    3.104656] Freeing unused decrypted memory: 2028K
[    3.230792] Freeing unused kernel image (initmem) memory: 4772K
[    3.231402] tsc: Refined TSC clocksource calibration: 3600.018 MHz
[    3.231866] Write protecting the kernel read-only data: 40960k
[    3.231917] clocksource: tsc: mask: 0xffffffffffffffff max_cycles: 0x33e464bbc4f, max_idle_ns: 440795305529 ns
[    3.232485] clocksource: Switched to clocksource tsc
[    3.236626] Freeing unused kernel image (text/rodata gap) memory: 1036K
[    3.239792] Freeing unused kernel image (rodata/data gap) memory: 1952K
[    3.456096] x86/mm: Checked W+X mappings: passed, no W+X pages found.
[    3.457173] rodata_test: all tests were successful
[    3.457805] Run /init as init process
[    3.458172]   with arguments:
[    3.458217]     /init
[    3.458241]   with environment:
[    3.458258]     HOME=/
[    3.458273]     TERM=linux
[    3.458280]     lab_test=all
[    3.761877] edu_lab: loading out-of-tree module taints kernel.
[    3.762102] edu_lab: module verification failed: signature and/or required key missing - tainting kernel
[    3.821996] ACPI: \_SB_.LNKC: Enabled at IRQ 11
[    3.834334] edu_lab 0000:00:03.0: probe with driver edu_lab failed with error -5
[    3.846773] ACPI: \_SB_.LNKD: Enabled at IRQ 10
[    3.856078] edu_lab 0000:00:04.0: probe with driver edu_lab failed with error -5
[    3.983457] edu_lab 0000:00:03.0: probe with driver edu_lab failed with error -5
[    4.003759] edu_lab 0000:00:04.0: probe with driver edu_lab failed with error -5
[    4.094509] edu_lab 0000:00:03.0: EDU ready, id=010000ed
[    4.095627] edu_lab 0000:00:04.0: probe with driver edu_lab failed with error -16
[    6.396015] edu_lab 0000:00:03.0: EDU released
[    6.500558] edu_lab 0000:00:03.0: EDU ready, id=010000ed
[    6.500982] edu_lab 0000:00:04.0: probe with driver edu_lab failed with error -16
[    7.568951] edu_lab 0000:00:03.0: EDU released
[    7.682966] edu_lab 0000:00:04.0: EDU ready, id=010000ed
[    7.730537] edu_lab 0000:00:04.0: EDU released
LAB PASS all
[    7.956617] reboot: Power down
